
=== v1_4/dueling_dqn seed 0 (demo_configs=0, deep=True) ===
[v1_4/dueling_dqn] seed 0 | ep    40/400 | eps=0.961 beta=0.480 | train_succ=0.00 heldout_succ=0.00 | learn_steps=10982
[v1_4/dueling_dqn] seed 0 | ep    80/400 | eps=0.923 beta=0.462 | train_succ=0.00 heldout_succ=0.00 | learn_steps=22022
[v1_4/dueling_dqn] seed 0 | ep   120/400 | eps=0.887 beta=0.443 | train_succ=0.00 heldout_succ=0.00 | learn_steps=32124
[v1_4/dueling_dqn] seed 0 | ep   160/400 | eps=0.852 beta=0.426 | train_succ=0.00 heldout_succ=0.00 | learn_steps=41594
[v1_4/dueling_dqn] seed 0 | ep   200/400 | eps=0.819 beta=0.409 | train_succ=0.00 heldout_succ=0.00 | learn_steps=51941
[v1_4/dueling_dqn] seed 0 | ep   240/400 | eps=0.787 beta=0.393 | train_succ=0.00 heldout_succ=0.00 | learn_steps=62141
[v1_4/dueling_dqn] seed 0 | ep   280/400 | eps=0.756 beta=0.378 | train_succ=0.00 heldout_succ=0.00 | learn_steps=72328
[v1_4/dueling_dqn] seed 0 | ep   320/400 | eps=0.726 beta=0.363 | train_succ=0.00 heldout_succ=0.00 | learn_steps=82750
[v1_4/dueling_dqn] seed 0 | ep   360/400 | eps=0.698 beta=0.349 | train_succ=0.00 heldout_succ=0.00 | learn_steps=92389
[v1_4/dueling_dqn] seed 0 | ep   400/400 | eps=0.670 beta=0.335 | train_succ=0.00 heldout_succ=0.00 | learn_steps=102129
seed 0 | train_greedy=0.00 heldout_greedy=0.00 gap=0.00

=== v1_4/dueling_dqn seed 1 (demo_configs=0, deep=True) ===
[v1_4/dueling_dqn] seed 1 | ep    40/400 | eps=0.961 beta=0.480 | train_succ=0.00 heldout_succ=0.00 | learn_steps=11040
[v1_4/dueling_dqn] seed 1 | ep    80/400 | eps=0.923 beta=0.462 | train_succ=0.00 heldout_succ=0.00 | learn_steps=21001
[v1_4/dueling_dqn] seed 1 | ep   120/400 | eps=0.887 beta=0.443 | train_succ=0.00 heldout_succ=0.00 | learn_steps=31299
[v1_4/dueling_dqn] seed 1 | ep   160/400 | eps=0.852 beta=0.426 | train_succ=0.00 heldout_succ=0.00 | learn_steps=39364
[v1_4/dueling_dqn] seed 1 | ep   200/400 | eps=0.819 beta=0.409 | train_succ=0.00 heldout_succ=0.00 | learn_steps=47174
[v1_4/dueling_dqn] seed 1 | ep   240/400 | eps=0.787 beta=0.393 | train_succ=0.00 heldout_succ=0.00 | learn_steps=56709
[v1_4/dueling_dqn] seed 1 | ep   280/400 | eps=0.756 beta=0.378 | train_succ=0.00 heldout_succ=0.00 | learn_steps=66618
[v1_4/dueling_dqn] seed 1 | ep   320/400 | eps=0.726 beta=0.363 | train_succ=0.00 heldout_succ=0.00 | learn_steps=77628
[v1_4/dueling_dqn] seed 1 | ep   360/400 | eps=0.698 beta=0.349 | train_succ=0.00 heldout_succ=0.00 | learn_steps=88595
[v1_4/dueling_dqn] seed 1 | ep   400/400 | eps=0.670 beta=0.335 | train_succ=0.00 heldout_succ=0.00 | learn_steps=99184
seed 1 | train_greedy=0.00 heldout_greedy=0.00 gap=0.00

=== v1_4/dueling_dqn seed 2 (demo_configs=0, deep=True) ===
[v1_4/dueling_dqn] seed 2 | ep    40/400 | eps=0.961 beta=0.480 | train_succ=0.00 heldout_succ=0.00 | learn_steps=10842
[v1_4/dueling_dqn] seed 2 | ep    80/400 | eps=0.923 beta=0.462 | train_succ=0.00 heldout_succ=0.00 | learn_steps=21763
[v1_4/dueling_dqn] seed 2 | ep   120/400 | eps=0.887 beta=0.443 | train_succ=0.00 heldout_succ=0.00 | learn_steps=32052
[v1_4/dueling_dqn] seed 2 | ep   160/400 | eps=0.852 beta=0.426 | train_succ=0.00 heldout_succ=0.00 | learn_steps=41000
[v1_4/dueling_dqn] seed 2 | ep   200/400 | eps=0.819 beta=0.409 | train_succ=0.00 heldout_succ=0.00 | learn_steps=51169
[v1_4/dueling_dqn] seed 2 | ep   240/400 | eps=0.787 beta=0.393 | train_succ=0.00 heldout_succ=0.00 | learn_steps=61049
[v1_4/dueling_dqn] seed 2 | ep   280/400 | eps=0.756 beta=0.378 | train_succ=0.00 heldout_succ=0.00 | learn_steps=71903
[v1_4/dueling_dqn] seed 2 | ep   320/400 | eps=0.726 beta=0.363 | train_succ=0.00 heldout_succ=0.00 | learn_steps=82194
[v1_4/dueling_dqn] seed 2 | ep   360/400 | eps=0.698 beta=0.349 | train_succ=0.00 heldout_succ=0.00 | learn_steps=92950
[v1_4/dueling_dqn] seed 2 | ep   400/400 | eps=0.670 beta=0.335 | train_succ=0.00 heldout_succ=0.00 | learn_steps=103318
seed 2 | train_greedy=0.00 heldout_greedy=0.00 gap=0.00

=== v1_4/dueling_dqn seed 3 (demo_configs=0, deep=True) ===
[v1_4/dueling_dqn] seed 3 | ep    40/400 | eps=0.961 beta=0.480 | train_succ=0.00 heldout_succ=0.00 | learn_steps=11008
[v1_4/dueling_dqn] seed 3 | ep    80/400 | eps=0.923 beta=0.462 | train_succ=0.00 heldout_succ=0.00 | learn_steps=21787
[v1_4/dueling_dqn] seed 3 | ep   120/400 | eps=0.887 beta=0.443 | train_succ=0.00 heldout_succ=0.00 | learn_steps=31599
[v1_4/dueling_dqn] seed 3 | ep   160/400 | eps=0.852 beta=0.426 | train_succ=0.00 heldout_succ=0.00 | learn_steps=41196
[v1_4/dueling_dqn] seed 3 | ep   200/400 | eps=0.819 beta=0.409 | train_succ=0.00 heldout_succ=0.00 | learn_steps=50328
[v1_4/dueling_dqn] seed 3 | ep   240/400 | eps=0.787 beta=0.393 | train_succ=0.00 heldout_succ=0.00 | learn_steps=60071
[v1_4/dueling_dqn] seed 3 | ep   280/400 | eps=0.756 beta=0.378 | train_succ=0.00 heldout_succ=0.00 | learn_steps=69200
[v1_4/dueling_dqn] seed 3 | ep   320/400 | eps=0.726 beta=0.363 | train_succ=0.00 heldout_succ=0.00 | learn_steps=79209
[v1_4/dueling_dqn] seed 3 | ep   360/400 | eps=0.698 beta=0.349 | train_succ=0.00 heldout_succ=0.00 | learn_steps=90015
[v1_4/dueling_dqn] seed 3 | ep   400/400 | eps=0.670 beta=0.335 | train_succ=0.00 heldout_succ=0.00 | learn_steps=100913
seed 3 | train_greedy=0.00 heldout_greedy=0.00 gap=0.00

=== v1_4/dueling_dqn seed 4 (demo_configs=0, deep=True) ===
[v1_4/dueling_dqn] seed 4 | ep    40/400 | eps=0.961 beta=0.480 | train_succ=0.00 heldout_succ=0.00 | learn_steps=11029
[v1_4/dueling_dqn] seed 4 | ep    80/400 | eps=0.923 beta=0.462 | train_succ=0.00 heldout_succ=0.00 | learn_steps=21598
[v1_4/dueling_dqn] seed 4 | ep   120/400 | eps=0.887 beta=0.443 | train_succ=0.00 heldout_succ=0.00 | learn_steps=31280
[v1_4/dueling_dqn] seed 4 | ep   160/400 | eps=0.852 beta=0.426 | train_succ=0.00 heldout_succ=0.00 | learn_steps=40773
[v1_4/dueling_dqn] seed 4 | ep   200/400 | eps=0.819 beta=0.409 | train_succ=0.00 heldout_succ=0.00 | learn_steps=50436
[v1_4/dueling_dqn] seed 4 | ep   240/400 | eps=0.787 beta=0.393 | train_succ=0.00 heldout_succ=0.00 | learn_steps=60781
[v1_4/dueling_dqn] seed 4 | ep   280/400 | eps=0.756 beta=0.378 | train_succ=0.00 heldout_succ=0.00 | learn_steps=71478
[v1_4/dueling_dqn] seed 4 | ep   320/400 | eps=0.726 beta=0.363 | train_succ=0.00 heldout_succ=0.00 | learn_steps=82268
[v1_4/dueling_dqn] seed 4 | ep   360/400 | eps=0.698 beta=0.349 | train_succ=0.00 heldout_succ=0.00 | learn_steps=92678
[v1_4/dueling_dqn] seed 4 | ep   400/400 | eps=0.670 beta=0.335 | train_succ=0.00 heldout_succ=0.00 | learn_steps=103223
./scripts/train_axiom_forge.py:527: RuntimeWarning: Mean of empty slice
  ax.plot(ep, np.nanmean(ret_mean, 0), color="tab:green", linewidth=2,
./scripts/train_axiom_forge.py:529: RuntimeWarning: Mean of empty slice
  ax.plot(ep, np.nanmean(ts_mean, 0), color="tab:red", linewidth=2,
seed 4 | train_greedy=0.00 heldout_greedy=0.00 gap=0.00

========== v1_4/dueling_dqn SUMMARY ==========
 seed version        algo  train_greedy_success  heldout_greedy_success  generalization_gap  final_train_episode_success  q_table_size  learn_steps
    0    v1_4 dueling_dqn                   0.0                     0.0                 0.0                          0.0             0       102129
    1    v1_4 dueling_dqn                   0.0                     0.0                 0.0                          0.0             0        99184
    2    v1_4 dueling_dqn                   0.0                     0.0                 0.0                          0.0             0       103318
    3    v1_4 dueling_dqn                   0.0                     0.0                 0.0                          0.0             0       100913
    4    v1_4 dueling_dqn                   0.0                     0.0                 0.0                          0.0             0       103223

Held-out success by protocol:
protocol
P0    0.0
P1    0.0
P2    0.0
P3    0.0

Held-out success by fault:
fault
ANALYZER_BIAS    0.0
HEATER_SWAP      0.0
NONE             0.0
PURIFIER_LEAK    0.0

artifacts -> ./results/full_benchmark/V1.4_e2/dueling_dqn
