
=== v1_4/dueling_ddqn_per seed 0 (demo_configs=0, deep=True) ===
[v1_4/dueling_ddqn_per] seed 0 | ep    40/400 | eps=0.961 beta=0.480 | train_succ=0.00 heldout_succ=0.00 | learn_steps=10843
[v1_4/dueling_ddqn_per] seed 0 | ep    80/400 | eps=0.923 beta=0.462 | train_succ=0.00 heldout_succ=0.00 | learn_steps=21370
[v1_4/dueling_ddqn_per] seed 0 | ep   120/400 | eps=0.887 beta=0.443 | train_succ=0.00 heldout_succ=0.00 | learn_steps=31654
[v1_4/dueling_ddqn_per] seed 0 | ep   160/400 | eps=0.852 beta=0.426 | train_succ=0.00 heldout_succ=0.00 | learn_steps=42151
[v1_4/dueling_ddqn_per] seed 0 | ep   200/400 | eps=0.819 beta=0.409 | train_succ=0.00 heldout_succ=0.00 | learn_steps=50541
[v1_4/dueling_ddqn_per] seed 0 | ep   240/400 | eps=0.787 beta=0.393 | train_succ=0.00 heldout_succ=0.00 | learn_steps=60266
[v1_4/dueling_ddqn_per] seed 0 | ep   280/400 | eps=0.756 beta=0.378 | train_succ=0.00 heldout_succ=0.00 | learn_steps=70604
[v1_4/dueling_ddqn_per] seed 0 | ep   320/400 | eps=0.726 beta=0.363 | train_succ=0.00 heldout_succ=0.00 | learn_steps=79638
[v1_4/dueling_ddqn_per] seed 0 | ep   360/400 | eps=0.698 beta=0.349 | train_succ=0.00 heldout_succ=0.00 | learn_steps=90158
[v1_4/dueling_ddqn_per] seed 0 | ep   400/400 | eps=0.670 beta=0.335 | train_succ=0.00 heldout_succ=0.00 | learn_steps=100758
seed 0 | train_greedy=0.00 heldout_greedy=0.00 gap=0.00

=== v1_4/dueling_ddqn_per seed 1 (demo_configs=0, deep=True) ===
[v1_4/dueling_ddqn_per] seed 1 | ep    40/400 | eps=0.961 beta=0.480 | train_succ=0.00 heldout_succ=0.00 | learn_steps=10989
[v1_4/dueling_ddqn_per] seed 1 | ep    80/400 | eps=0.923 beta=0.462 | train_succ=0.00 heldout_succ=0.00 | learn_steps=21212
[v1_4/dueling_ddqn_per] seed 1 | ep   120/400 | eps=0.887 beta=0.443 | train_succ=0.00 heldout_succ=0.00 | learn_steps=31327
[v1_4/dueling_ddqn_per] seed 1 | ep   160/400 | eps=0.852 beta=0.426 | train_succ=0.00 heldout_succ=0.00 | learn_steps=40502
[v1_4/dueling_ddqn_per] seed 1 | ep   200/400 | eps=0.819 beta=0.409 | train_succ=0.00 heldout_succ=0.00 | learn_steps=48110
[v1_4/dueling_ddqn_per] seed 1 | ep   240/400 | eps=0.787 beta=0.393 | train_succ=0.00 heldout_succ=0.00 | learn_steps=55701
[v1_4/dueling_ddqn_per] seed 1 | ep   280/400 | eps=0.756 beta=0.378 | train_succ=0.00 heldout_succ=0.00 | learn_steps=63350
[v1_4/dueling_ddqn_per] seed 1 | ep   320/400 | eps=0.726 beta=0.363 | train_succ=0.00 heldout_succ=0.00 | learn_steps=73280
[v1_4/dueling_ddqn_per] seed 1 | ep   360/400 | eps=0.698 beta=0.349 | train_succ=0.00 heldout_succ=0.00 | learn_steps=84300
[v1_4/dueling_ddqn_per] seed 1 | ep   400/400 | eps=0.670 beta=0.335 | train_succ=0.00 heldout_succ=0.00 | learn_steps=95340
seed 1 | train_greedy=0.00 heldout_greedy=0.00 gap=0.00

=== v1_4/dueling_ddqn_per seed 2 (demo_configs=0, deep=True) ===
[v1_4/dueling_ddqn_per] seed 2 | ep    40/400 | eps=0.961 beta=0.480 | train_succ=0.00 heldout_succ=0.00 | learn_steps=10796
[v1_4/dueling_ddqn_per] seed 2 | ep    80/400 | eps=0.923 beta=0.462 | train_succ=0.00 heldout_succ=0.00 | learn_steps=21186
[v1_4/dueling_ddqn_per] seed 2 | ep   120/400 | eps=0.887 beta=0.443 | train_succ=0.00 heldout_succ=0.00 | learn_steps=31262
[v1_4/dueling_ddqn_per] seed 2 | ep   160/400 | eps=0.852 beta=0.426 | train_succ=0.00 heldout_succ=0.00 | learn_steps=40421
[v1_4/dueling_ddqn_per] seed 2 | ep   200/400 | eps=0.819 beta=0.409 | train_succ=0.00 heldout_succ=0.00 | learn_steps=47298
[v1_4/dueling_ddqn_per] seed 2 | ep   240/400 | eps=0.787 beta=0.393 | train_succ=0.00 heldout_succ=0.00 | learn_steps=56152
[v1_4/dueling_ddqn_per] seed 2 | ep   280/400 | eps=0.756 beta=0.378 | train_succ=0.00 heldout_succ=0.00 | learn_steps=67179
[v1_4/dueling_ddqn_per] seed 2 | ep   320/400 | eps=0.726 beta=0.363 | train_succ=0.00 heldout_succ=0.00 | learn_steps=78110
[v1_4/dueling_ddqn_per] seed 2 | ep   360/400 | eps=0.698 beta=0.349 | train_succ=0.00 heldout_succ=0.00 | learn_steps=88938
[v1_4/dueling_ddqn_per] seed 2 | ep   400/400 | eps=0.670 beta=0.335 | train_succ=0.00 heldout_succ=0.00 | learn_steps=99887
seed 2 | train_greedy=0.00 heldout_greedy=0.00 gap=0.00

=== v1_4/dueling_ddqn_per seed 3 (demo_configs=0, deep=True) ===
[v1_4/dueling_ddqn_per] seed 3 | ep    40/400 | eps=0.961 beta=0.480 | train_succ=0.00 heldout_succ=0.00 | learn_steps=10872
[v1_4/dueling_ddqn_per] seed 3 | ep    80/400 | eps=0.923 beta=0.462 | train_succ=0.00 heldout_succ=0.00 | learn_steps=21479
[v1_4/dueling_ddqn_per] seed 3 | ep   120/400 | eps=0.887 beta=0.443 | train_succ=0.00 heldout_succ=0.00 | learn_steps=31564
[v1_4/dueling_ddqn_per] seed 3 | ep   160/400 | eps=0.852 beta=0.426 | train_succ=0.00 heldout_succ=0.00 | learn_steps=41704
[v1_4/dueling_ddqn_per] seed 3 | ep   200/400 | eps=0.819 beta=0.409 | train_succ=0.00 heldout_succ=0.00 | learn_steps=52020
[v1_4/dueling_ddqn_per] seed 3 | ep   240/400 | eps=0.787 beta=0.393 | train_succ=0.00 heldout_succ=0.00 | learn_steps=62189
[v1_4/dueling_ddqn_per] seed 3 | ep   280/400 | eps=0.756 beta=0.378 | train_succ=0.00 heldout_succ=0.00 | learn_steps=73183
[v1_4/dueling_ddqn_per] seed 3 | ep   320/400 | eps=0.726 beta=0.363 | train_succ=0.00 heldout_succ=0.00 | learn_steps=84223
[v1_4/dueling_ddqn_per] seed 3 | ep   360/400 | eps=0.698 beta=0.349 | train_succ=0.00 heldout_succ=0.00 | learn_steps=95143
[v1_4/dueling_ddqn_per] seed 3 | ep   400/400 | eps=0.670 beta=0.335 | train_succ=0.00 heldout_succ=0.00 | learn_steps=106183
seed 3 | train_greedy=0.00 heldout_greedy=0.00 gap=0.00

=== v1_4/dueling_ddqn_per seed 4 (demo_configs=0, deep=True) ===
[v1_4/dueling_ddqn_per] seed 4 | ep    40/400 | eps=0.961 beta=0.480 | train_succ=0.00 heldout_succ=0.00 | learn_steps=10915
[v1_4/dueling_ddqn_per] seed 4 | ep    80/400 | eps=0.923 beta=0.462 | train_succ=0.00 heldout_succ=0.00 | learn_steps=21591
[v1_4/dueling_ddqn_per] seed 4 | ep   120/400 | eps=0.887 beta=0.443 | train_succ=0.00 heldout_succ=0.00 | learn_steps=32212
[v1_4/dueling_ddqn_per] seed 4 | ep   160/400 | eps=0.852 beta=0.426 | train_succ=0.00 heldout_succ=0.00 | learn_steps=41917
[v1_4/dueling_ddqn_per] seed 4 | ep   200/400 | eps=0.819 beta=0.409 | train_succ=0.00 heldout_succ=0.00 | learn_steps=51831
[v1_4/dueling_ddqn_per] seed 4 | ep   240/400 | eps=0.787 beta=0.393 | train_succ=0.00 heldout_succ=0.00 | learn_steps=62205
[v1_4/dueling_ddqn_per] seed 4 | ep   280/400 | eps=0.756 beta=0.378 | train_succ=0.00 heldout_succ=0.00 | learn_steps=72084
[v1_4/dueling_ddqn_per] seed 4 | ep   320/400 | eps=0.726 beta=0.363 | train_succ=0.00 heldout_succ=0.00 | learn_steps=82769
[v1_4/dueling_ddqn_per] seed 4 | ep   360/400 | eps=0.698 beta=0.349 | train_succ=0.00 heldout_succ=0.00 | learn_steps=92520
[v1_4/dueling_ddqn_per] seed 4 | ep   400/400 | eps=0.670 beta=0.335 | train_succ=0.00 heldout_succ=0.00 | learn_steps=101980
./scripts/train_axiom_forge.py:527: RuntimeWarning: Mean of empty slice
  ax.plot(ep, np.nanmean(ret_mean, 0), color="tab:green", linewidth=2,
./scripts/train_axiom_forge.py:529: RuntimeWarning: Mean of empty slice
  ax.plot(ep, np.nanmean(ts_mean, 0), color="tab:red", linewidth=2,
seed 4 | train_greedy=0.00 heldout_greedy=0.00 gap=0.00

========== v1_4/dueling_ddqn_per SUMMARY ==========
 seed version             algo  train_greedy_success  heldout_greedy_success  generalization_gap  final_train_episode_success  q_table_size  learn_steps
    0    v1_4 dueling_ddqn_per                   0.0                     0.0                 0.0                          0.0             0       100758
    1    v1_4 dueling_ddqn_per                   0.0                     0.0                 0.0                          0.0             0        95340
    2    v1_4 dueling_ddqn_per                   0.0                     0.0                 0.0                          0.0             0        99887
    3    v1_4 dueling_ddqn_per                   0.0                     0.0                 0.0                          0.0             0       106183
    4    v1_4 dueling_ddqn_per                   0.0                     0.0                 0.0                          0.0             0       101980

Held-out success by protocol:
protocol
P0    0.0
P1    0.0
P2    0.0
P3    0.0

Held-out success by fault:
fault
ANALYZER_BIAS    0.0
HEATER_SWAP      0.0
NONE             0.0
PURIFIER_LEAK    0.0

artifacts -> ./results/full_benchmark/V1.4_e2/dueling_ddqn_per
