
=== v1_4/ddqn seed 0 (demo_configs=0, deep=True) ===
[v1_4/ddqn] seed 0 | ep    40/400 | eps=0.961 beta=0.480 | train_succ=0.00 heldout_succ=0.00 | learn_steps=10964
[v1_4/ddqn] seed 0 | ep    80/400 | eps=0.923 beta=0.462 | train_succ=0.00 heldout_succ=0.00 | learn_steps=21804
[v1_4/ddqn] seed 0 | ep   120/400 | eps=0.887 beta=0.443 | train_succ=0.00 heldout_succ=0.00 | learn_steps=31462
[v1_4/ddqn] seed 0 | ep   160/400 | eps=0.852 beta=0.426 | train_succ=0.00 heldout_succ=0.00 | learn_steps=41458
[v1_4/ddqn] seed 0 | ep   200/400 | eps=0.819 beta=0.409 | train_succ=0.00 heldout_succ=0.00 | learn_steps=51187
[v1_4/ddqn] seed 0 | ep   240/400 | eps=0.787 beta=0.393 | train_succ=0.00 heldout_succ=0.00 | learn_steps=61602
[v1_4/ddqn] seed 0 | ep   280/400 | eps=0.756 beta=0.378 | train_succ=0.00 heldout_succ=0.00 | learn_steps=72602
[v1_4/ddqn] seed 0 | ep   320/400 | eps=0.726 beta=0.363 | train_succ=0.00 heldout_succ=0.00 | learn_steps=83300
[v1_4/ddqn] seed 0 | ep   360/400 | eps=0.698 beta=0.349 | train_succ=0.00 heldout_succ=0.00 | learn_steps=94062
[v1_4/ddqn] seed 0 | ep   400/400 | eps=0.670 beta=0.335 | train_succ=0.00 heldout_succ=0.00 | learn_steps=104549
seed 0 | train_greedy=0.00 heldout_greedy=0.00 gap=0.00

=== v1_4/ddqn seed 1 (demo_configs=0, deep=True) ===
[v1_4/ddqn] seed 1 | ep    40/400 | eps=0.961 beta=0.480 | train_succ=0.00 heldout_succ=0.00 | learn_steps=11040
[v1_4/ddqn] seed 1 | ep    80/400 | eps=0.923 beta=0.462 | train_succ=0.00 heldout_succ=0.00 | learn_steps=21522
[v1_4/ddqn] seed 1 | ep   120/400 | eps=0.887 beta=0.443 | train_succ=0.00 heldout_succ=0.00 | learn_steps=31384
[v1_4/ddqn] seed 1 | ep   160/400 | eps=0.852 beta=0.426 | train_succ=0.00 heldout_succ=0.00 | learn_steps=41096
[v1_4/ddqn] seed 1 | ep   200/400 | eps=0.819 beta=0.409 | train_succ=0.00 heldout_succ=0.00 | learn_steps=50268
[v1_4/ddqn] seed 1 | ep   240/400 | eps=0.787 beta=0.393 | train_succ=0.00 heldout_succ=0.00 | learn_steps=59972
[v1_4/ddqn] seed 1 | ep   280/400 | eps=0.756 beta=0.378 | train_succ=0.00 heldout_succ=0.00 | learn_steps=70420
[v1_4/ddqn] seed 1 | ep   320/400 | eps=0.726 beta=0.363 | train_succ=0.00 heldout_succ=0.00 | learn_steps=81135
[v1_4/ddqn] seed 1 | ep   360/400 | eps=0.698 beta=0.349 | train_succ=0.00 heldout_succ=0.00 | learn_steps=92004
[v1_4/ddqn] seed 1 | ep   400/400 | eps=0.670 beta=0.335 | train_succ=0.00 heldout_succ=0.00 | learn_steps=102545
seed 1 | train_greedy=0.00 heldout_greedy=0.00 gap=0.00

=== v1_4/ddqn seed 2 (demo_configs=0, deep=True) ===
[v1_4/ddqn] seed 2 | ep    40/400 | eps=0.961 beta=0.480 | train_succ=0.00 heldout_succ=0.00 | learn_steps=10842
[v1_4/ddqn] seed 2 | ep    80/400 | eps=0.923 beta=0.462 | train_succ=0.00 heldout_succ=0.00 | learn_steps=21485
[v1_4/ddqn] seed 2 | ep   120/400 | eps=0.887 beta=0.443 | train_succ=0.00 heldout_succ=0.00 | learn_steps=31955
[v1_4/ddqn] seed 2 | ep   160/400 | eps=0.852 beta=0.426 | train_succ=0.00 heldout_succ=0.00 | learn_steps=39561
[v1_4/ddqn] seed 2 | ep   200/400 | eps=0.819 beta=0.409 | train_succ=0.00 heldout_succ=0.00 | learn_steps=48010
[v1_4/ddqn] seed 2 | ep   240/400 | eps=0.787 beta=0.393 | train_succ=0.00 heldout_succ=0.00 | learn_steps=55441
[v1_4/ddqn] seed 2 | ep   280/400 | eps=0.756 beta=0.378 | train_succ=0.00 heldout_succ=0.00 | learn_steps=64668
[v1_4/ddqn] seed 2 | ep   320/400 | eps=0.726 beta=0.363 | train_succ=0.00 heldout_succ=0.00 | learn_steps=74828
[v1_4/ddqn] seed 2 | ep   360/400 | eps=0.698 beta=0.349 | train_succ=0.00 heldout_succ=0.00 | learn_steps=85331
[v1_4/ddqn] seed 2 | ep   400/400 | eps=0.670 beta=0.335 | train_succ=0.00 heldout_succ=0.00 | learn_steps=95172
seed 2 | train_greedy=0.00 heldout_greedy=0.00 gap=0.00

=== v1_4/ddqn seed 3 (demo_configs=0, deep=True) ===
[v1_4/ddqn] seed 3 | ep    40/400 | eps=0.961 beta=0.480 | train_succ=0.00 heldout_succ=0.00 | learn_steps=10848
[v1_4/ddqn] seed 3 | ep    80/400 | eps=0.923 beta=0.462 | train_succ=0.00 heldout_succ=0.00 | learn_steps=21822
[v1_4/ddqn] seed 3 | ep   120/400 | eps=0.887 beta=0.443 | train_succ=0.00 heldout_succ=0.00 | learn_steps=32366
[v1_4/ddqn] seed 3 | ep   160/400 | eps=0.852 beta=0.426 | train_succ=0.00 heldout_succ=0.00 | learn_steps=42348
[v1_4/ddqn] seed 3 | ep   200/400 | eps=0.819 beta=0.409 | train_succ=0.00 heldout_succ=0.00 | learn_steps=51975
[v1_4/ddqn] seed 3 | ep   240/400 | eps=0.787 beta=0.393 | train_succ=0.00 heldout_succ=0.00 | learn_steps=60375
[v1_4/ddqn] seed 3 | ep   280/400 | eps=0.756 beta=0.378 | train_succ=0.00 heldout_succ=0.00 | learn_steps=66072
[v1_4/ddqn] seed 3 | ep   320/400 | eps=0.726 beta=0.363 | train_succ=0.00 heldout_succ=0.00 | learn_steps=73116
[v1_4/ddqn] seed 3 | ep   360/400 | eps=0.698 beta=0.349 | train_succ=0.00 heldout_succ=0.00 | learn_steps=83418
[v1_4/ddqn] seed 3 | ep   400/400 | eps=0.670 beta=0.335 | train_succ=0.00 heldout_succ=0.00 | learn_steps=93220
seed 3 | train_greedy=0.00 heldout_greedy=0.00 gap=0.00

=== v1_4/ddqn seed 4 (demo_configs=0, deep=True) ===
[v1_4/ddqn] seed 4 | ep    40/400 | eps=0.961 beta=0.480 | train_succ=0.00 heldout_succ=0.00 | learn_steps=10923
[v1_4/ddqn] seed 4 | ep    80/400 | eps=0.923 beta=0.462 | train_succ=0.00 heldout_succ=0.00 | learn_steps=21598
[v1_4/ddqn] seed 4 | ep   120/400 | eps=0.887 beta=0.443 | train_succ=0.00 heldout_succ=0.00 | learn_steps=31472
[v1_4/ddqn] seed 4 | ep   160/400 | eps=0.852 beta=0.426 | train_succ=0.00 heldout_succ=0.00 | learn_steps=41768
[v1_4/ddqn] seed 4 | ep   200/400 | eps=0.819 beta=0.409 | train_succ=0.00 heldout_succ=0.00 | learn_steps=52181
[v1_4/ddqn] seed 4 | ep   240/400 | eps=0.787 beta=0.393 | train_succ=0.00 heldout_succ=0.00 | learn_steps=62416
[v1_4/ddqn] seed 4 | ep   280/400 | eps=0.756 beta=0.378 | train_succ=0.00 heldout_succ=0.00 | learn_steps=71433
[v1_4/ddqn] seed 4 | ep   320/400 | eps=0.726 beta=0.363 | train_succ=0.00 heldout_succ=0.00 | learn_steps=81890
[v1_4/ddqn] seed 4 | ep   360/400 | eps=0.698 beta=0.349 | train_succ=0.00 heldout_succ=0.00 | learn_steps=92828
[v1_4/ddqn] seed 4 | ep   400/400 | eps=0.670 beta=0.335 | train_succ=0.00 heldout_succ=0.00 | learn_steps=103800
./scripts/train_axiom_forge.py:527: RuntimeWarning: Mean of empty slice
  ax.plot(ep, np.nanmean(ret_mean, 0), color="tab:green", linewidth=2,
./scripts/train_axiom_forge.py:529: RuntimeWarning: Mean of empty slice
  ax.plot(ep, np.nanmean(ts_mean, 0), color="tab:red", linewidth=2,
seed 4 | train_greedy=0.00 heldout_greedy=0.00 gap=0.00

========== v1_4/ddqn SUMMARY ==========
 seed version algo  train_greedy_success  heldout_greedy_success  generalization_gap  final_train_episode_success  q_table_size  learn_steps
    0    v1_4 ddqn                   0.0                     0.0                 0.0                          0.0             0       104549
    1    v1_4 ddqn                   0.0                     0.0                 0.0                          0.0             0       102545
    2    v1_4 ddqn                   0.0                     0.0                 0.0                          0.0             0        95172
    3    v1_4 ddqn                   0.0                     0.0                 0.0                          0.0             0        93220
    4    v1_4 ddqn                   0.0                     0.0                 0.0                          0.0             0       103800

Held-out success by protocol:
protocol
P0    0.0
P1    0.0
P2    0.0
P3    0.0

Held-out success by fault:
fault
ANALYZER_BIAS    0.0
HEATER_SWAP      0.0
NONE             0.0
PURIFIER_LEAK    0.0

artifacts -> ./results/full_benchmark/V1.4_e2/ddqn
