
=== v1_4/q_learning seed 0 (demo_configs=0, deep=False) ===
[v1_4/q_learning] seed 0 | ep   300/3000 | eps=0.741 beta=0.370 | train_succ=0.00 heldout_succ=0.00 | q=11963
[v1_4/q_learning] seed 0 | ep   600/3000 | eps=0.549 beta=0.274 | train_succ=0.00 heldout_succ=0.00 | q=25228
[v1_4/q_learning] seed 0 | ep   900/3000 | eps=0.406 beta=0.203 | train_succ=0.00 heldout_succ=0.00 | q=38863
[v1_4/q_learning] seed 0 | ep  1200/3000 | eps=0.301 beta=0.151 | train_succ=0.00 heldout_succ=0.00 | q=52362
[v1_4/q_learning] seed 0 | ep  1500/3000 | eps=0.223 beta=0.111 | train_succ=0.00 heldout_succ=0.00 | q=64342
[v1_4/q_learning] seed 0 | ep  1800/3000 | eps=0.165 beta=0.083 | train_succ=0.00 heldout_succ=0.00 | q=75332
[v1_4/q_learning] seed 0 | ep  2100/3000 | eps=0.122 beta=0.061 | train_succ=0.00 heldout_succ=0.00 | q=85040
[v1_4/q_learning] seed 0 | ep  2400/3000 | eps=0.091 beta=0.045 | train_succ=0.00 heldout_succ=0.00 | q=94616
[v1_4/q_learning] seed 0 | ep  2700/3000 | eps=0.067 beta=0.034 | train_succ=0.00 heldout_succ=0.00 | q=103207
[v1_4/q_learning] seed 0 | ep  3000/3000 | eps=0.050 beta=0.025 | train_succ=0.00 heldout_succ=0.00 | q=111523
seed 0 | train_greedy=0.00 heldout_greedy=0.00 gap=0.00

=== v1_4/q_learning seed 1 (demo_configs=0, deep=False) ===
[v1_4/q_learning] seed 1 | ep   300/3000 | eps=0.741 beta=0.370 | train_succ=0.00 heldout_succ=0.00 | q=12524
[v1_4/q_learning] seed 1 | ep   600/3000 | eps=0.549 beta=0.274 | train_succ=0.00 heldout_succ=0.00 | q=25067
[v1_4/q_learning] seed 1 | ep   900/3000 | eps=0.406 beta=0.203 | train_succ=0.00 heldout_succ=0.00 | q=39460
[v1_4/q_learning] seed 1 | ep  1200/3000 | eps=0.301 beta=0.151 | train_succ=0.00 heldout_succ=0.00 | q=53753
[v1_4/q_learning] seed 1 | ep  1500/3000 | eps=0.223 beta=0.111 | train_succ=0.00 heldout_succ=0.00 | q=66654
[v1_4/q_learning] seed 1 | ep  1800/3000 | eps=0.165 beta=0.083 | train_succ=0.00 heldout_succ=0.00 | q=78589
[v1_4/q_learning] seed 1 | ep  2100/3000 | eps=0.122 beta=0.061 | train_succ=0.00 heldout_succ=0.00 | q=88705
[v1_4/q_learning] seed 1 | ep  2400/3000 | eps=0.091 beta=0.045 | train_succ=0.00 heldout_succ=0.00 | q=98230
[v1_4/q_learning] seed 1 | ep  2700/3000 | eps=0.067 beta=0.034 | train_succ=0.00 heldout_succ=0.00 | q=106536
[v1_4/q_learning] seed 1 | ep  3000/3000 | eps=0.050 beta=0.025 | train_succ=0.00 heldout_succ=0.00 | q=114653
seed 1 | train_greedy=0.00 heldout_greedy=0.00 gap=0.00

=== v1_4/q_learning seed 2 (demo_configs=0, deep=False) ===
[v1_4/q_learning] seed 2 | ep   300/3000 | eps=0.741 beta=0.370 | train_succ=0.00 heldout_succ=0.00 | q=12531
[v1_4/q_learning] seed 2 | ep   600/3000 | eps=0.549 beta=0.274 | train_succ=0.00 heldout_succ=0.00 | q=24946
[v1_4/q_learning] seed 2 | ep   900/3000 | eps=0.406 beta=0.203 | train_succ=0.00 heldout_succ=0.00 | q=38948
[v1_4/q_learning] seed 2 | ep  1200/3000 | eps=0.301 beta=0.151 | train_succ=0.00 heldout_succ=0.00 | q=53431
[v1_4/q_learning] seed 2 | ep  1500/3000 | eps=0.223 beta=0.111 | train_succ=0.00 heldout_succ=0.00 | q=65548
[v1_4/q_learning] seed 2 | ep  1800/3000 | eps=0.165 beta=0.083 | train_succ=0.00 heldout_succ=0.00 | q=76825
[v1_4/q_learning] seed 2 | ep  2100/3000 | eps=0.122 beta=0.061 | train_succ=0.00 heldout_succ=0.00 | q=87193
[v1_4/q_learning] seed 2 | ep  2400/3000 | eps=0.091 beta=0.045 | train_succ=0.00 heldout_succ=0.00 | q=96946
[v1_4/q_learning] seed 2 | ep  2700/3000 | eps=0.067 beta=0.034 | train_succ=0.00 heldout_succ=0.00 | q=105574
[v1_4/q_learning] seed 2 | ep  3000/3000 | eps=0.050 beta=0.025 | train_succ=0.00 heldout_succ=0.00 | q=113526
seed 2 | train_greedy=0.00 heldout_greedy=0.00 gap=0.00

=== v1_4/q_learning seed 3 (demo_configs=0, deep=False) ===
[v1_4/q_learning] seed 3 | ep   300/3000 | eps=0.741 beta=0.370 | train_succ=0.00 heldout_succ=0.00 | q=12603
[v1_4/q_learning] seed 3 | ep   600/3000 | eps=0.549 beta=0.274 | train_succ=0.00 heldout_succ=0.00 | q=24807
[v1_4/q_learning] seed 3 | ep   900/3000 | eps=0.406 beta=0.203 | train_succ=0.00 heldout_succ=0.00 | q=39811
[v1_4/q_learning] seed 3 | ep  1200/3000 | eps=0.301 beta=0.151 | train_succ=0.00 heldout_succ=0.00 | q=53780
[v1_4/q_learning] seed 3 | ep  1500/3000 | eps=0.223 beta=0.111 | train_succ=0.00 heldout_succ=0.00 | q=65605
[v1_4/q_learning] seed 3 | ep  1800/3000 | eps=0.165 beta=0.083 | train_succ=0.00 heldout_succ=0.00 | q=76123
[v1_4/q_learning] seed 3 | ep  2100/3000 | eps=0.122 beta=0.061 | train_succ=0.00 heldout_succ=0.00 | q=85286
[v1_4/q_learning] seed 3 | ep  2400/3000 | eps=0.091 beta=0.045 | train_succ=0.00 heldout_succ=0.00 | q=93975
[v1_4/q_learning] seed 3 | ep  2700/3000 | eps=0.067 beta=0.034 | train_succ=0.00 heldout_succ=0.00 | q=102622
[v1_4/q_learning] seed 3 | ep  3000/3000 | eps=0.050 beta=0.025 | train_succ=0.00 heldout_succ=0.00 | q=111233
seed 3 | train_greedy=0.00 heldout_greedy=0.00 gap=0.00

=== v1_4/q_learning seed 4 (demo_configs=0, deep=False) ===
[v1_4/q_learning] seed 4 | ep   300/3000 | eps=0.741 beta=0.370 | train_succ=0.00 heldout_succ=0.00 | q=12877
[v1_4/q_learning] seed 4 | ep   600/3000 | eps=0.549 beta=0.274 | train_succ=0.00 heldout_succ=0.00 | q=25785
[v1_4/q_learning] seed 4 | ep   900/3000 | eps=0.406 beta=0.203 | train_succ=0.00 heldout_succ=0.00 | q=40279
[v1_4/q_learning] seed 4 | ep  1200/3000 | eps=0.301 beta=0.151 | train_succ=0.00 heldout_succ=0.00 | q=53825
[v1_4/q_learning] seed 4 | ep  1500/3000 | eps=0.223 beta=0.111 | train_succ=0.00 heldout_succ=0.00 | q=66592
[v1_4/q_learning] seed 4 | ep  1800/3000 | eps=0.165 beta=0.083 | train_succ=0.00 heldout_succ=0.00 | q=77834
[v1_4/q_learning] seed 4 | ep  2100/3000 | eps=0.122 beta=0.061 | train_succ=0.00 heldout_succ=0.00 | q=87453
[v1_4/q_learning] seed 4 | ep  2400/3000 | eps=0.091 beta=0.045 | train_succ=0.00 heldout_succ=0.00 | q=96254
[v1_4/q_learning] seed 4 | ep  2700/3000 | eps=0.067 beta=0.034 | train_succ=0.00 heldout_succ=0.00 | q=104325
[v1_4/q_learning] seed 4 | ep  3000/3000 | eps=0.050 beta=0.025 | train_succ=0.00 heldout_succ=0.00 | q=112215
./scripts/train_axiom_forge.py:527: RuntimeWarning: Mean of empty slice
  ax.plot(ep, np.nanmean(ret_mean, 0), color="tab:green", linewidth=2,
./scripts/train_axiom_forge.py:529: RuntimeWarning: Mean of empty slice
  ax.plot(ep, np.nanmean(ts_mean, 0), color="tab:red", linewidth=2,
seed 4 | train_greedy=0.00 heldout_greedy=0.00 gap=0.00

========== v1_4/q_learning SUMMARY ==========
 seed version       algo  train_greedy_success  heldout_greedy_success  generalization_gap  final_train_episode_success  q_table_size  learn_steps
    0    v1_4 q_learning                   0.0                     0.0                 0.0                          0.0        111523            0
    1    v1_4 q_learning                   0.0                     0.0                 0.0                          0.0        114653            0
    2    v1_4 q_learning                   0.0                     0.0                 0.0                          0.0        113526            0
    3    v1_4 q_learning                   0.0                     0.0                 0.0                          0.0        111233            0
    4    v1_4 q_learning                   0.0                     0.0                 0.0                          0.0        112215            0

Held-out success by protocol:
protocol
P0    0.0
P1    0.0
P2    0.0
P3    0.0

Held-out success by fault:
fault
ANALYZER_BIAS    0.0
HEATER_SWAP      0.0
NONE             0.0
PURIFIER_LEAK    0.0

artifacts -> ./results/full_benchmark/V1.4_e2/q_learning
