
=== v1_4/spie_dueling_ddqn_per seed 0 (demo_configs=0, deep=True) ===
[v1_4/spie_dueling_ddqn_per] seed 0 | ep    40/400 | eps=0.961 beta=0.480 | train_succ=0.00 heldout_succ=0.00 | learn_steps=10843
[v1_4/spie_dueling_ddqn_per] seed 0 | ep    80/400 | eps=0.923 beta=0.462 | train_succ=0.00 heldout_succ=0.00 | learn_steps=21242
[v1_4/spie_dueling_ddqn_per] seed 0 | ep   120/400 | eps=0.887 beta=0.443 | train_succ=0.00 heldout_succ=0.00 | learn_steps=31051
[v1_4/spie_dueling_ddqn_per] seed 0 | ep   160/400 | eps=0.852 beta=0.426 | train_succ=0.00 heldout_succ=0.00 | learn_steps=40589
[v1_4/spie_dueling_ddqn_per] seed 0 | ep   200/400 | eps=0.819 beta=0.409 | train_succ=0.00 heldout_succ=0.00 | learn_steps=50403
[v1_4/spie_dueling_ddqn_per] seed 0 | ep   240/400 | eps=0.787 beta=0.393 | train_succ=0.00 heldout_succ=0.00 | learn_steps=60764
[v1_4/spie_dueling_ddqn_per] seed 0 | ep   280/400 | eps=0.756 beta=0.378 | train_succ=0.00 heldout_succ=0.00 | learn_steps=71235
[v1_4/spie_dueling_ddqn_per] seed 0 | ep   320/400 | eps=0.726 beta=0.363 | train_succ=0.00 heldout_succ=0.00 | learn_steps=81879
[v1_4/spie_dueling_ddqn_per] seed 0 | ep   360/400 | eps=0.698 beta=0.349 | train_succ=0.00 heldout_succ=0.00 | learn_steps=92624
[v1_4/spie_dueling_ddqn_per] seed 0 | ep   400/400 | eps=0.670 beta=0.335 | train_succ=0.00 heldout_succ=0.00 | learn_steps=103664
seed 0 | train_greedy=0.00 heldout_greedy=0.00 gap=0.00

=== v1_4/spie_dueling_ddqn_per seed 1 (demo_configs=0, deep=True) ===
[v1_4/spie_dueling_ddqn_per] seed 1 | ep    40/400 | eps=0.961 beta=0.480 | train_succ=0.00 heldout_succ=0.00 | learn_steps=10901
[v1_4/spie_dueling_ddqn_per] seed 1 | ep    80/400 | eps=0.923 beta=0.462 | train_succ=0.00 heldout_succ=0.00 | learn_steps=21370
[v1_4/spie_dueling_ddqn_per] seed 1 | ep   120/400 | eps=0.887 beta=0.443 | train_succ=0.00 heldout_succ=0.00 | learn_steps=31342
[v1_4/spie_dueling_ddqn_per] seed 1 | ep   160/400 | eps=0.852 beta=0.426 | train_succ=0.00 heldout_succ=0.00 | learn_steps=41439
[v1_4/spie_dueling_ddqn_per] seed 1 | ep   200/400 | eps=0.819 beta=0.409 | train_succ=0.00 heldout_succ=0.00 | learn_steps=51941
[v1_4/spie_dueling_ddqn_per] seed 1 | ep   240/400 | eps=0.787 beta=0.393 | train_succ=0.00 heldout_succ=0.00 | learn_steps=62776
[v1_4/spie_dueling_ddqn_per] seed 1 | ep   280/400 | eps=0.756 beta=0.378 | train_succ=0.00 heldout_succ=0.00 | learn_steps=73747
[v1_4/spie_dueling_ddqn_per] seed 1 | ep   320/400 | eps=0.726 beta=0.363 | train_succ=0.00 heldout_succ=0.00 | learn_steps=84593
[v1_4/spie_dueling_ddqn_per] seed 1 | ep   360/400 | eps=0.698 beta=0.349 | train_succ=0.00 heldout_succ=0.00 | learn_steps=94997
[v1_4/spie_dueling_ddqn_per] seed 1 | ep   400/400 | eps=0.670 beta=0.335 | train_succ=0.00 heldout_succ=0.00 | learn_steps=105692
seed 1 | train_greedy=0.00 heldout_greedy=0.00 gap=0.00

=== v1_4/spie_dueling_ddqn_per seed 2 (demo_configs=0, deep=True) ===
[v1_4/spie_dueling_ddqn_per] seed 2 | ep    40/400 | eps=0.961 beta=0.480 | train_succ=0.00 heldout_succ=0.00 | learn_steps=10682
[v1_4/spie_dueling_ddqn_per] seed 2 | ep    80/400 | eps=0.923 beta=0.462 | train_succ=0.00 heldout_succ=0.00 | learn_steps=21124
[v1_4/spie_dueling_ddqn_per] seed 2 | ep   120/400 | eps=0.887 beta=0.443 | train_succ=0.00 heldout_succ=0.00 | learn_steps=31262
[v1_4/spie_dueling_ddqn_per] seed 2 | ep   160/400 | eps=0.852 beta=0.426 | train_succ=0.00 heldout_succ=0.00 | learn_steps=40876
[v1_4/spie_dueling_ddqn_per] seed 2 | ep   200/400 | eps=0.819 beta=0.409 | train_succ=0.00 heldout_succ=0.00 | learn_steps=51224
[v1_4/spie_dueling_ddqn_per] seed 2 | ep   240/400 | eps=0.787 beta=0.393 | train_succ=0.00 heldout_succ=0.00 | learn_steps=61548
[v1_4/spie_dueling_ddqn_per] seed 2 | ep   280/400 | eps=0.756 beta=0.378 | train_succ=0.00 heldout_succ=0.00 | learn_steps=72506
[v1_4/spie_dueling_ddqn_per] seed 2 | ep   320/400 | eps=0.726 beta=0.363 | train_succ=0.00 heldout_succ=0.00 | learn_steps=83546
[v1_4/spie_dueling_ddqn_per] seed 2 | ep   360/400 | eps=0.698 beta=0.349 | train_succ=0.00 heldout_succ=0.00 | learn_steps=94520
[v1_4/spie_dueling_ddqn_per] seed 2 | ep   400/400 | eps=0.670 beta=0.335 | train_succ=0.00 heldout_succ=0.00 | learn_steps=104777
seed 2 | train_greedy=0.00 heldout_greedy=0.00 gap=0.00

=== v1_4/spie_dueling_ddqn_per seed 3 (demo_configs=0, deep=True) ===
[v1_4/spie_dueling_ddqn_per] seed 3 | ep    40/400 | eps=0.961 beta=0.480 | train_succ=0.00 heldout_succ=0.00 | learn_steps=10957
[v1_4/spie_dueling_ddqn_per] seed 3 | ep    80/400 | eps=0.923 beta=0.462 | train_succ=0.00 heldout_succ=0.00 | learn_steps=21491
[v1_4/spie_dueling_ddqn_per] seed 3 | ep   120/400 | eps=0.887 beta=0.443 | train_succ=0.00 heldout_succ=0.00 | learn_steps=32154
[v1_4/spie_dueling_ddqn_per] seed 3 | ep   160/400 | eps=0.852 beta=0.426 | train_succ=0.00 heldout_succ=0.00 | learn_steps=41880
[v1_4/spie_dueling_ddqn_per] seed 3 | ep   200/400 | eps=0.819 beta=0.409 | train_succ=0.00 heldout_succ=0.00 | learn_steps=51935
[v1_4/spie_dueling_ddqn_per] seed 3 | ep   240/400 | eps=0.787 beta=0.393 | train_succ=0.00 heldout_succ=0.00 | learn_steps=62689
[v1_4/spie_dueling_ddqn_per] seed 3 | ep   280/400 | eps=0.756 beta=0.378 | train_succ=0.00 heldout_succ=0.00 | learn_steps=73696
[v1_4/spie_dueling_ddqn_per] seed 3 | ep   320/400 | eps=0.726 beta=0.363 | train_succ=0.00 heldout_succ=0.00 | learn_steps=84197
[v1_4/spie_dueling_ddqn_per] seed 3 | ep   360/400 | eps=0.698 beta=0.349 | train_succ=0.00 heldout_succ=0.00 | learn_steps=94546
[v1_4/spie_dueling_ddqn_per] seed 3 | ep   400/400 | eps=0.670 beta=0.335 | train_succ=0.00 heldout_succ=0.00 | learn_steps=103445
seed 3 | train_greedy=0.00 heldout_greedy=0.00 gap=0.00

=== v1_4/spie_dueling_ddqn_per seed 4 (demo_configs=0, deep=True) ===
[v1_4/spie_dueling_ddqn_per] seed 4 | ep    40/400 | eps=0.961 beta=0.480 | train_succ=0.00 heldout_succ=0.00 | learn_steps=10888
[v1_4/spie_dueling_ddqn_per] seed 4 | ep    80/400 | eps=0.923 beta=0.462 | train_succ=0.00 heldout_succ=0.00 | learn_steps=21086
[v1_4/spie_dueling_ddqn_per] seed 4 | ep   120/400 | eps=0.887 beta=0.443 | train_succ=0.00 heldout_succ=0.00 | learn_steps=31121
[v1_4/spie_dueling_ddqn_per] seed 4 | ep   160/400 | eps=0.852 beta=0.426 | train_succ=0.00 heldout_succ=0.00 | learn_steps=40701
[v1_4/spie_dueling_ddqn_per] seed 4 | ep   200/400 | eps=0.819 beta=0.409 | train_succ=0.00 heldout_succ=0.00 | learn_steps=51177
[v1_4/spie_dueling_ddqn_per] seed 4 | ep   240/400 | eps=0.787 beta=0.393 | train_succ=0.00 heldout_succ=0.00 | learn_steps=60937
[v1_4/spie_dueling_ddqn_per] seed 4 | ep   280/400 | eps=0.756 beta=0.378 | train_succ=0.00 heldout_succ=0.00 | learn_steps=71645
[v1_4/spie_dueling_ddqn_per] seed 4 | ep   320/400 | eps=0.726 beta=0.363 | train_succ=0.00 heldout_succ=0.00 | learn_steps=82395
[v1_4/spie_dueling_ddqn_per] seed 4 | ep   360/400 | eps=0.698 beta=0.349 | train_succ=0.00 heldout_succ=0.00 | learn_steps=92818
[v1_4/spie_dueling_ddqn_per] seed 4 | ep   400/400 | eps=0.670 beta=0.335 | train_succ=0.00 heldout_succ=0.00 | learn_steps=103651
./scripts/train_axiom_forge.py:527: RuntimeWarning: Mean of empty slice
  ax.plot(ep, np.nanmean(ret_mean, 0), color="tab:green", linewidth=2,
./scripts/train_axiom_forge.py:529: RuntimeWarning: Mean of empty slice
  ax.plot(ep, np.nanmean(ts_mean, 0), color="tab:red", linewidth=2,
seed 4 | train_greedy=0.00 heldout_greedy=0.00 gap=0.00

========== v1_4/spie_dueling_ddqn_per SUMMARY ==========
 seed version                  algo  train_greedy_success  heldout_greedy_success  generalization_gap  final_train_episode_success  q_table_size  learn_steps
    0    v1_4 spie_dueling_ddqn_per                   0.0                     0.0                 0.0                          0.0             0       103664
    1    v1_4 spie_dueling_ddqn_per                   0.0                     0.0                 0.0                          0.0             0       105692
    2    v1_4 spie_dueling_ddqn_per                   0.0                     0.0                 0.0                          0.0             0       104777
    3    v1_4 spie_dueling_ddqn_per                   0.0                     0.0                 0.0                          0.0             0       103445
    4    v1_4 spie_dueling_ddqn_per                   0.0                     0.0                 0.0                          0.0             0       103651

Held-out success by protocol:
protocol
P0    0.0
P1    0.0
P2    0.0
P3    0.0

Held-out success by fault:
fault
ANALYZER_BIAS    0.0
HEATER_SWAP      0.0
NONE             0.0
PURIFIER_LEAK    0.0

artifacts -> ./results/full_benchmark/V1.4_e2/spie_dueling_ddqn_per
