
=== v1_1/spie_ddqn seed 0 (demo_configs=16, deep=True) ===
[v1_1/spie_ddqn] seed 0 | ep    20/200 | eps=0.196 beta=0.490 | train_succ=1.00 heldout_succ=0.50 | learn_steps=5401
[v1_1/spie_ddqn] seed 0 | ep    40/200 | eps=0.192 beta=0.480 | train_succ=1.00 heldout_succ=0.50 | learn_steps=9891
[v1_1/spie_ddqn] seed 0 | ep    60/200 | eps=0.188 beta=0.471 | train_succ=1.00 heldout_succ=0.33 | learn_steps=14319
[v1_1/spie_ddqn] seed 0 | ep    80/200 | eps=0.185 beta=0.462 | train_succ=1.00 heldout_succ=0.33 | learn_steps=19006
[v1_1/spie_ddqn] seed 0 | ep   100/200 | eps=0.181 beta=0.452 | train_succ=1.00 heldout_succ=0.33 | learn_steps=23252
[v1_1/spie_ddqn] seed 0 | ep   120/200 | eps=0.177 beta=0.443 | train_succ=1.00 heldout_succ=0.42 | learn_steps=28081
[v1_1/spie_ddqn] seed 0 | ep   140/200 | eps=0.174 beta=0.435 | train_succ=1.00 heldout_succ=0.33 | learn_steps=32113
[v1_1/spie_ddqn] seed 0 | ep   160/200 | eps=0.170 beta=0.426 | train_succ=1.00 heldout_succ=0.33 | learn_steps=36748
[v1_1/spie_ddqn] seed 0 | ep   180/200 | eps=0.167 beta=0.418 | train_succ=1.00 heldout_succ=0.33 | learn_steps=41457
[v1_1/spie_ddqn] seed 0 | ep   200/200 | eps=0.164 beta=0.409 | train_succ=1.00 heldout_succ=0.17 | learn_steps=46239
seed 0 | train_greedy=1.00 heldout_greedy=0.17 gap=0.83

=== v1_1/spie_ddqn seed 1 (demo_configs=16, deep=True) ===
[v1_1/spie_ddqn] seed 1 | ep    20/200 | eps=0.196 beta=0.490 | train_succ=1.00 heldout_succ=0.33 | learn_steps=4736
[v1_1/spie_ddqn] seed 1 | ep    40/200 | eps=0.192 beta=0.480 | train_succ=1.00 heldout_succ=0.33 | learn_steps=9237
[v1_1/spie_ddqn] seed 1 | ep    60/200 | eps=0.188 beta=0.471 | train_succ=1.00 heldout_succ=0.25 | learn_steps=13578
[v1_1/spie_ddqn] seed 1 | ep    80/200 | eps=0.185 beta=0.462 | train_succ=1.00 heldout_succ=0.25 | learn_steps=17913
[v1_1/spie_ddqn] seed 1 | ep   100/200 | eps=0.181 beta=0.452 | train_succ=1.00 heldout_succ=0.17 | learn_steps=22357
[v1_1/spie_ddqn] seed 1 | ep   120/200 | eps=0.177 beta=0.443 | train_succ=1.00 heldout_succ=0.17 | learn_steps=26789
[v1_1/spie_ddqn] seed 1 | ep   140/200 | eps=0.174 beta=0.435 | train_succ=1.00 heldout_succ=0.33 | learn_steps=30679
[v1_1/spie_ddqn] seed 1 | ep   160/200 | eps=0.170 beta=0.426 | train_succ=1.00 heldout_succ=0.17 | learn_steps=35030
[v1_1/spie_ddqn] seed 1 | ep   180/200 | eps=0.167 beta=0.418 | train_succ=1.00 heldout_succ=0.25 | learn_steps=39056
[v1_1/spie_ddqn] seed 1 | ep   200/200 | eps=0.164 beta=0.409 | train_succ=1.00 heldout_succ=0.25 | learn_steps=43615
seed 1 | train_greedy=1.00 heldout_greedy=0.25 gap=0.75

=== v1_1/spie_ddqn seed 2 (demo_configs=16, deep=True) ===
[v1_1/spie_ddqn] seed 2 | ep    20/200 | eps=0.196 beta=0.490 | train_succ=1.00 heldout_succ=0.33 | learn_steps=5035
[v1_1/spie_ddqn] seed 2 | ep    40/200 | eps=0.192 beta=0.480 | train_succ=1.00 heldout_succ=0.42 | learn_steps=9549
[v1_1/spie_ddqn] seed 2 | ep    60/200 | eps=0.188 beta=0.471 | train_succ=0.94 heldout_succ=0.33 | learn_steps=14020
[v1_1/spie_ddqn] seed 2 | ep    80/200 | eps=0.185 beta=0.462 | train_succ=1.00 heldout_succ=0.42 | learn_steps=18746
[v1_1/spie_ddqn] seed 2 | ep   100/200 | eps=0.181 beta=0.452 | train_succ=1.00 heldout_succ=0.42 | learn_steps=23156
[v1_1/spie_ddqn] seed 2 | ep   120/200 | eps=0.177 beta=0.443 | train_succ=1.00 heldout_succ=0.42 | learn_steps=27496
[v1_1/spie_ddqn] seed 2 | ep   140/200 | eps=0.174 beta=0.435 | train_succ=1.00 heldout_succ=0.42 | learn_steps=32153
[v1_1/spie_ddqn] seed 2 | ep   160/200 | eps=0.170 beta=0.426 | train_succ=1.00 heldout_succ=0.42 | learn_steps=36228
[v1_1/spie_ddqn] seed 2 | ep   180/200 | eps=0.167 beta=0.418 | train_succ=1.00 heldout_succ=0.17 | learn_steps=40725
[v1_1/spie_ddqn] seed 2 | ep   200/200 | eps=0.164 beta=0.409 | train_succ=1.00 heldout_succ=0.25 | learn_steps=45034
seed 2 | train_greedy=1.00 heldout_greedy=0.25 gap=0.75

=== v1_1/spie_ddqn seed 3 (demo_configs=16, deep=True) ===
[v1_1/spie_ddqn] seed 3 | ep    20/200 | eps=0.196 beta=0.490 | train_succ=0.94 heldout_succ=0.25 | learn_steps=4765
[v1_1/spie_ddqn] seed 3 | ep    40/200 | eps=0.192 beta=0.480 | train_succ=0.88 heldout_succ=0.50 | learn_steps=9204
[v1_1/spie_ddqn] seed 3 | ep    60/200 | eps=0.188 beta=0.471 | train_succ=0.88 heldout_succ=0.33 | learn_steps=13344
[v1_1/spie_ddqn] seed 3 | ep    80/200 | eps=0.185 beta=0.462 | train_succ=0.88 heldout_succ=0.50 | learn_steps=17578
[v1_1/spie_ddqn] seed 3 | ep   100/200 | eps=0.181 beta=0.452 | train_succ=0.94 heldout_succ=0.42 | learn_steps=21957
[v1_1/spie_ddqn] seed 3 | ep   120/200 | eps=0.177 beta=0.443 | train_succ=0.94 heldout_succ=0.33 | learn_steps=26060
[v1_1/spie_ddqn] seed 3 | ep   140/200 | eps=0.174 beta=0.435 | train_succ=0.88 heldout_succ=0.42 | learn_steps=30373
[v1_1/spie_ddqn] seed 3 | ep   160/200 | eps=0.170 beta=0.426 | train_succ=0.88 heldout_succ=0.25 | learn_steps=35073
[v1_1/spie_ddqn] seed 3 | ep   180/200 | eps=0.167 beta=0.418 | train_succ=0.88 heldout_succ=0.42 | learn_steps=39522
[v1_1/spie_ddqn] seed 3 | ep   200/200 | eps=0.164 beta=0.409 | train_succ=0.88 heldout_succ=0.42 | learn_steps=43909
seed 3 | train_greedy=0.88 heldout_greedy=0.42 gap=0.46

=== v1_1/spie_ddqn seed 4 (demo_configs=16, deep=True) ===
[v1_1/spie_ddqn] seed 4 | ep    20/200 | eps=0.196 beta=0.490 | train_succ=1.00 heldout_succ=0.42 | learn_steps=4650
[v1_1/spie_ddqn] seed 4 | ep    40/200 | eps=0.192 beta=0.480 | train_succ=1.00 heldout_succ=0.42 | learn_steps=9191
[v1_1/spie_ddqn] seed 4 | ep    60/200 | eps=0.188 beta=0.471 | train_succ=1.00 heldout_succ=0.25 | learn_steps=13684
[v1_1/spie_ddqn] seed 4 | ep    80/200 | eps=0.185 beta=0.462 | train_succ=1.00 heldout_succ=0.33 | learn_steps=18185
[v1_1/spie_ddqn] seed 4 | ep   100/200 | eps=0.181 beta=0.452 | train_succ=1.00 heldout_succ=0.17 | learn_steps=22727
[v1_1/spie_ddqn] seed 4 | ep   120/200 | eps=0.177 beta=0.443 | train_succ=1.00 heldout_succ=0.17 | learn_steps=27116
[v1_1/spie_ddqn] seed 4 | ep   140/200 | eps=0.174 beta=0.435 | train_succ=1.00 heldout_succ=0.33 | learn_steps=31551
[v1_1/spie_ddqn] seed 4 | ep   160/200 | eps=0.170 beta=0.426 | train_succ=1.00 heldout_succ=0.42 | learn_steps=36051
[v1_1/spie_ddqn] seed 4 | ep   180/200 | eps=0.167 beta=0.418 | train_succ=1.00 heldout_succ=0.42 | learn_steps=40551
[v1_1/spie_ddqn] seed 4 | ep   200/200 | eps=0.164 beta=0.409 | train_succ=1.00 heldout_succ=0.33 | learn_steps=45048
seed 4 | train_greedy=1.00 heldout_greedy=0.33 gap=0.67

========== v1_1/spie_ddqn SUMMARY ==========
 seed version      algo  train_greedy_success  heldout_greedy_success  generalization_gap  final_train_episode_success  q_table_size  learn_steps
    0    v1_1 spie_ddqn                 1.000                0.166667            0.833333                         0.16             0        46239
    1    v1_1 spie_ddqn                 1.000                0.250000            0.750000                         0.26             0        43615
    2    v1_1 spie_ddqn                 1.000                0.250000            0.750000                         0.15             0        45034
    3    v1_1 spie_ddqn                 0.875                0.416667            0.458333                         0.20             0        43909
    4    v1_1 spie_ddqn                 1.000                0.333333            0.666667                         0.17             0        45048

Held-out success by protocol:
protocol
P0    0.296
P1    0.273

Held-out success by fault:
fault
NONE    0.283

artifacts -> ./results/full_benchmark/V1.1/spie_ddqn
