
=== v1_1/dqn seed 0 (demo_configs=16, deep=True) ===
[v1_1/dqn] seed 0 | ep    20/200 | eps=0.196 beta=0.490 | train_succ=1.00 heldout_succ=0.42 | learn_steps=4584
[v1_1/dqn] seed 0 | ep    40/200 | eps=0.192 beta=0.480 | train_succ=1.00 heldout_succ=0.25 | learn_steps=8999
[v1_1/dqn] seed 0 | ep    60/200 | eps=0.188 beta=0.471 | train_succ=1.00 heldout_succ=0.25 | learn_steps=13265
[v1_1/dqn] seed 0 | ep    80/200 | eps=0.185 beta=0.462 | train_succ=1.00 heldout_succ=0.50 | learn_steps=17535
[v1_1/dqn] seed 0 | ep   100/200 | eps=0.181 beta=0.452 | train_succ=1.00 heldout_succ=0.25 | learn_steps=21735
[v1_1/dqn] seed 0 | ep   120/200 | eps=0.177 beta=0.443 | train_succ=1.00 heldout_succ=0.42 | learn_steps=26095
[v1_1/dqn] seed 0 | ep   140/200 | eps=0.174 beta=0.435 | train_succ=1.00 heldout_succ=0.33 | learn_steps=30291
[v1_1/dqn] seed 0 | ep   160/200 | eps=0.170 beta=0.426 | train_succ=1.00 heldout_succ=0.17 | learn_steps=33473
[v1_1/dqn] seed 0 | ep   180/200 | eps=0.167 beta=0.418 | train_succ=1.00 heldout_succ=0.33 | learn_steps=37622
[v1_1/dqn] seed 0 | ep   200/200 | eps=0.164 beta=0.409 | train_succ=1.00 heldout_succ=0.42 | learn_steps=41509
seed 0 | train_greedy=1.00 heldout_greedy=0.42 gap=0.58

=== v1_1/dqn seed 1 (demo_configs=16, deep=True) ===
[v1_1/dqn] seed 1 | ep    20/200 | eps=0.196 beta=0.490 | train_succ=1.00 heldout_succ=0.25 | learn_steps=5283
[v1_1/dqn] seed 1 | ep    40/200 | eps=0.192 beta=0.480 | train_succ=1.00 heldout_succ=0.33 | learn_steps=9346
[v1_1/dqn] seed 1 | ep    60/200 | eps=0.188 beta=0.471 | train_succ=1.00 heldout_succ=0.42 | learn_steps=13915
[v1_1/dqn] seed 1 | ep    80/200 | eps=0.185 beta=0.462 | train_succ=1.00 heldout_succ=0.33 | learn_steps=18387
[v1_1/dqn] seed 1 | ep   100/200 | eps=0.181 beta=0.452 | train_succ=1.00 heldout_succ=0.42 | learn_steps=22395
[v1_1/dqn] seed 1 | ep   120/200 | eps=0.177 beta=0.443 | train_succ=1.00 heldout_succ=0.25 | learn_steps=26074
[v1_1/dqn] seed 1 | ep   140/200 | eps=0.174 beta=0.435 | train_succ=1.00 heldout_succ=0.42 | learn_steps=30300
[v1_1/dqn] seed 1 | ep   160/200 | eps=0.170 beta=0.426 | train_succ=1.00 heldout_succ=0.50 | learn_steps=34398
[v1_1/dqn] seed 1 | ep   180/200 | eps=0.167 beta=0.418 | train_succ=1.00 heldout_succ=0.33 | learn_steps=38251
[v1_1/dqn] seed 1 | ep   200/200 | eps=0.164 beta=0.409 | train_succ=1.00 heldout_succ=0.33 | learn_steps=41868
seed 1 | train_greedy=1.00 heldout_greedy=0.33 gap=0.67

=== v1_1/dqn seed 2 (demo_configs=16, deep=True) ===
[v1_1/dqn] seed 2 | ep    20/200 | eps=0.196 beta=0.490 | train_succ=1.00 heldout_succ=0.42 | learn_steps=4754
[v1_1/dqn] seed 2 | ep    40/200 | eps=0.192 beta=0.480 | train_succ=1.00 heldout_succ=0.25 | learn_steps=8564
[v1_1/dqn] seed 2 | ep    60/200 | eps=0.188 beta=0.471 | train_succ=1.00 heldout_succ=0.50 | learn_steps=13005
[v1_1/dqn] seed 2 | ep    80/200 | eps=0.185 beta=0.462 | train_succ=0.94 heldout_succ=0.50 | learn_steps=16958
[v1_1/dqn] seed 2 | ep   100/200 | eps=0.181 beta=0.452 | train_succ=1.00 heldout_succ=0.33 | learn_steps=21362
[v1_1/dqn] seed 2 | ep   120/200 | eps=0.177 beta=0.443 | train_succ=1.00 heldout_succ=0.42 | learn_steps=25932
[v1_1/dqn] seed 2 | ep   140/200 | eps=0.174 beta=0.435 | train_succ=1.00 heldout_succ=0.17 | learn_steps=30432
[v1_1/dqn] seed 2 | ep   160/200 | eps=0.170 beta=0.426 | train_succ=1.00 heldout_succ=0.42 | learn_steps=34893
[v1_1/dqn] seed 2 | ep   180/200 | eps=0.167 beta=0.418 | train_succ=1.00 heldout_succ=0.42 | learn_steps=38483
[v1_1/dqn] seed 2 | ep   200/200 | eps=0.164 beta=0.409 | train_succ=1.00 heldout_succ=0.33 | learn_steps=43051
seed 2 | train_greedy=1.00 heldout_greedy=0.33 gap=0.67

=== v1_1/dqn seed 3 (demo_configs=16, deep=True) ===
[v1_1/dqn] seed 3 | ep    20/200 | eps=0.196 beta=0.490 | train_succ=0.81 heldout_succ=0.33 | learn_steps=5080
[v1_1/dqn] seed 3 | ep    40/200 | eps=0.192 beta=0.480 | train_succ=0.94 heldout_succ=0.33 | learn_steps=9554
[v1_1/dqn] seed 3 | ep    60/200 | eps=0.188 beta=0.471 | train_succ=0.88 heldout_succ=0.50 | learn_steps=13738
[v1_1/dqn] seed 3 | ep    80/200 | eps=0.185 beta=0.462 | train_succ=0.88 heldout_succ=0.50 | learn_steps=17916
[v1_1/dqn] seed 3 | ep   100/200 | eps=0.181 beta=0.452 | train_succ=0.88 heldout_succ=0.42 | learn_steps=22207
[v1_1/dqn] seed 3 | ep   120/200 | eps=0.177 beta=0.443 | train_succ=0.88 heldout_succ=0.42 | learn_steps=26340
[v1_1/dqn] seed 3 | ep   140/200 | eps=0.174 beta=0.435 | train_succ=0.94 heldout_succ=0.50 | learn_steps=31091
[v1_1/dqn] seed 3 | ep   160/200 | eps=0.170 beta=0.426 | train_succ=0.88 heldout_succ=0.42 | learn_steps=35125
[v1_1/dqn] seed 3 | ep   180/200 | eps=0.167 beta=0.418 | train_succ=0.88 heldout_succ=0.33 | learn_steps=39118
[v1_1/dqn] seed 3 | ep   200/200 | eps=0.164 beta=0.409 | train_succ=0.88 heldout_succ=0.67 | learn_steps=42695
seed 3 | train_greedy=0.88 heldout_greedy=0.67 gap=0.21

=== v1_1/dqn seed 4 (demo_configs=16, deep=True) ===
[v1_1/dqn] seed 4 | ep    20/200 | eps=0.196 beta=0.490 | train_succ=1.00 heldout_succ=0.33 | learn_steps=4708
[v1_1/dqn] seed 4 | ep    40/200 | eps=0.192 beta=0.480 | train_succ=1.00 heldout_succ=0.67 | learn_steps=9119
[v1_1/dqn] seed 4 | ep    60/200 | eps=0.188 beta=0.471 | train_succ=0.94 heldout_succ=0.42 | learn_steps=13414
[v1_1/dqn] seed 4 | ep    80/200 | eps=0.185 beta=0.462 | train_succ=1.00 heldout_succ=0.25 | learn_steps=17969
[v1_1/dqn] seed 4 | ep   100/200 | eps=0.181 beta=0.452 | train_succ=1.00 heldout_succ=0.42 | learn_steps=22144
[v1_1/dqn] seed 4 | ep   120/200 | eps=0.177 beta=0.443 | train_succ=1.00 heldout_succ=0.58 | learn_steps=25909
[v1_1/dqn] seed 4 | ep   140/200 | eps=0.174 beta=0.435 | train_succ=1.00 heldout_succ=0.50 | learn_steps=30110
[v1_1/dqn] seed 4 | ep   160/200 | eps=0.170 beta=0.426 | train_succ=1.00 heldout_succ=0.50 | learn_steps=34313
[v1_1/dqn] seed 4 | ep   180/200 | eps=0.167 beta=0.418 | train_succ=1.00 heldout_succ=0.42 | learn_steps=38217
[v1_1/dqn] seed 4 | ep   200/200 | eps=0.164 beta=0.409 | train_succ=1.00 heldout_succ=0.25 | learn_steps=41467
seed 4 | train_greedy=1.00 heldout_greedy=0.25 gap=0.75

========== v1_1/dqn SUMMARY ==========
 seed version algo  train_greedy_success  heldout_greedy_success  generalization_gap  final_train_episode_success  q_table_size  learn_steps
    0    v1_1  dqn                 1.000                0.416667            0.583333                         0.36             0        41509
    1    v1_1  dqn                 1.000                0.333333            0.666667                         0.33             0        41868
    2    v1_1  dqn                 1.000                0.333333            0.666667                         0.21             0        43051
    3    v1_1  dqn                 0.875                0.666667            0.208333                         0.31             0        42695
    4    v1_1  dqn                 1.000                0.250000            0.750000                         0.33             0        41467

Held-out success by protocol:
protocol
P0    0.444
P1    0.364

Held-out success by fault:
fault
NONE    0.4

artifacts -> ./results/full_benchmark/V1.1/dqn
