
=== v1_1/q_learning seed 0 (demo_configs=16, deep=False) ===
[v1_1/q_learning] seed 0 | ep   300/3000 | eps=0.074 beta=0.370 | train_succ=1.00 heldout_succ=0.00 | q=5867
[v1_1/q_learning] seed 0 | ep   600/3000 | eps=0.055 beta=0.274 | train_succ=1.00 heldout_succ=0.00 | q=8828
[v1_1/q_learning] seed 0 | ep   900/3000 | eps=0.050 beta=0.203 | train_succ=1.00 heldout_succ=0.00 | q=10380
[v1_1/q_learning] seed 0 | ep  1200/3000 | eps=0.050 beta=0.151 | train_succ=1.00 heldout_succ=0.00 | q=11977
[v1_1/q_learning] seed 0 | ep  1500/3000 | eps=0.050 beta=0.111 | train_succ=1.00 heldout_succ=0.00 | q=13687
[v1_1/q_learning] seed 0 | ep  1800/3000 | eps=0.050 beta=0.083 | train_succ=1.00 heldout_succ=0.00 | q=15138
[v1_1/q_learning] seed 0 | ep  2100/3000 | eps=0.050 beta=0.061 | train_succ=1.00 heldout_succ=0.00 | q=16200
[v1_1/q_learning] seed 0 | ep  2400/3000 | eps=0.050 beta=0.045 | train_succ=1.00 heldout_succ=0.00 | q=17358
[v1_1/q_learning] seed 0 | ep  2700/3000 | eps=0.050 beta=0.034 | train_succ=1.00 heldout_succ=0.00 | q=18297
[v1_1/q_learning] seed 0 | ep  3000/3000 | eps=0.050 beta=0.025 | train_succ=1.00 heldout_succ=0.00 | q=19235
seed 0 | train_greedy=1.00 heldout_greedy=0.00 gap=1.00

=== v1_1/q_learning seed 1 (demo_configs=16, deep=False) ===
[v1_1/q_learning] seed 1 | ep   300/3000 | eps=0.074 beta=0.370 | train_succ=1.00 heldout_succ=0.00 | q=5865
[v1_1/q_learning] seed 1 | ep   600/3000 | eps=0.055 beta=0.274 | train_succ=1.00 heldout_succ=0.00 | q=8104
[v1_1/q_learning] seed 1 | ep   900/3000 | eps=0.050 beta=0.203 | train_succ=1.00 heldout_succ=0.00 | q=9595
[v1_1/q_learning] seed 1 | ep  1200/3000 | eps=0.050 beta=0.151 | train_succ=1.00 heldout_succ=0.00 | q=11068
[v1_1/q_learning] seed 1 | ep  1500/3000 | eps=0.050 beta=0.111 | train_succ=1.00 heldout_succ=0.00 | q=12495
[v1_1/q_learning] seed 1 | ep  1800/3000 | eps=0.050 beta=0.083 | train_succ=1.00 heldout_succ=0.00 | q=13686
[v1_1/q_learning] seed 1 | ep  2100/3000 | eps=0.050 beta=0.061 | train_succ=1.00 heldout_succ=0.00 | q=14961
[v1_1/q_learning] seed 1 | ep  2400/3000 | eps=0.050 beta=0.045 | train_succ=1.00 heldout_succ=0.00 | q=16289
[v1_1/q_learning] seed 1 | ep  2700/3000 | eps=0.050 beta=0.034 | train_succ=1.00 heldout_succ=0.00 | q=17529
[v1_1/q_learning] seed 1 | ep  3000/3000 | eps=0.050 beta=0.025 | train_succ=1.00 heldout_succ=0.00 | q=18768
seed 1 | train_greedy=1.00 heldout_greedy=0.00 gap=1.00

=== v1_1/q_learning seed 2 (demo_configs=16, deep=False) ===
[v1_1/q_learning] seed 2 | ep   300/3000 | eps=0.074 beta=0.370 | train_succ=1.00 heldout_succ=0.00 | q=5984
[v1_1/q_learning] seed 2 | ep   600/3000 | eps=0.055 beta=0.274 | train_succ=1.00 heldout_succ=0.00 | q=8456
[v1_1/q_learning] seed 2 | ep   900/3000 | eps=0.050 beta=0.203 | train_succ=1.00 heldout_succ=0.00 | q=10702
[v1_1/q_learning] seed 2 | ep  1200/3000 | eps=0.050 beta=0.151 | train_succ=1.00 heldout_succ=0.00 | q=12526
[v1_1/q_learning] seed 2 | ep  1500/3000 | eps=0.050 beta=0.111 | train_succ=1.00 heldout_succ=0.00 | q=13991
[v1_1/q_learning] seed 2 | ep  1800/3000 | eps=0.050 beta=0.083 | train_succ=1.00 heldout_succ=0.00 | q=15338
[v1_1/q_learning] seed 2 | ep  2100/3000 | eps=0.050 beta=0.061 | train_succ=1.00 heldout_succ=0.00 | q=16663
[v1_1/q_learning] seed 2 | ep  2400/3000 | eps=0.050 beta=0.045 | train_succ=1.00 heldout_succ=0.00 | q=17563
[v1_1/q_learning] seed 2 | ep  2700/3000 | eps=0.050 beta=0.034 | train_succ=1.00 heldout_succ=0.00 | q=18366
[v1_1/q_learning] seed 2 | ep  3000/3000 | eps=0.050 beta=0.025 | train_succ=1.00 heldout_succ=0.00 | q=19480
seed 2 | train_greedy=1.00 heldout_greedy=0.00 gap=1.00

=== v1_1/q_learning seed 3 (demo_configs=16, deep=False) ===
[v1_1/q_learning] seed 3 | ep   300/3000 | eps=0.074 beta=0.370 | train_succ=0.88 heldout_succ=0.00 | q=6592
[v1_1/q_learning] seed 3 | ep   600/3000 | eps=0.055 beta=0.274 | train_succ=0.88 heldout_succ=0.00 | q=9998
[v1_1/q_learning] seed 3 | ep   900/3000 | eps=0.050 beta=0.203 | train_succ=0.88 heldout_succ=0.00 | q=11819
[v1_1/q_learning] seed 3 | ep  1200/3000 | eps=0.050 beta=0.151 | train_succ=0.94 heldout_succ=0.00 | q=14135
[v1_1/q_learning] seed 3 | ep  1500/3000 | eps=0.050 beta=0.111 | train_succ=0.88 heldout_succ=0.00 | q=15511
[v1_1/q_learning] seed 3 | ep  1800/3000 | eps=0.050 beta=0.083 | train_succ=0.88 heldout_succ=0.00 | q=16723
[v1_1/q_learning] seed 3 | ep  2100/3000 | eps=0.050 beta=0.061 | train_succ=0.88 heldout_succ=0.00 | q=17552
[v1_1/q_learning] seed 3 | ep  2400/3000 | eps=0.050 beta=0.045 | train_succ=0.88 heldout_succ=0.00 | q=19015
[v1_1/q_learning] seed 3 | ep  2700/3000 | eps=0.050 beta=0.034 | train_succ=0.88 heldout_succ=0.00 | q=20255
[v1_1/q_learning] seed 3 | ep  3000/3000 | eps=0.050 beta=0.025 | train_succ=0.00 heldout_succ=0.00 | q=21408
seed 3 | train_greedy=0.00 heldout_greedy=0.00 gap=0.00

=== v1_1/q_learning seed 4 (demo_configs=16, deep=False) ===
[v1_1/q_learning] seed 4 | ep   300/3000 | eps=0.074 beta=0.370 | train_succ=1.00 heldout_succ=0.08 | q=5674
[v1_1/q_learning] seed 4 | ep   600/3000 | eps=0.055 beta=0.274 | train_succ=1.00 heldout_succ=0.08 | q=7897
[v1_1/q_learning] seed 4 | ep   900/3000 | eps=0.050 beta=0.203 | train_succ=1.00 heldout_succ=0.08 | q=9530
[v1_1/q_learning] seed 4 | ep  1200/3000 | eps=0.050 beta=0.151 | train_succ=1.00 heldout_succ=0.08 | q=10944
[v1_1/q_learning] seed 4 | ep  1500/3000 | eps=0.050 beta=0.111 | train_succ=1.00 heldout_succ=0.08 | q=12594
[v1_1/q_learning] seed 4 | ep  1800/3000 | eps=0.050 beta=0.083 | train_succ=1.00 heldout_succ=0.08 | q=14008
[v1_1/q_learning] seed 4 | ep  2100/3000 | eps=0.050 beta=0.061 | train_succ=1.00 heldout_succ=0.08 | q=15206
[v1_1/q_learning] seed 4 | ep  2400/3000 | eps=0.050 beta=0.045 | train_succ=1.00 heldout_succ=0.08 | q=16263
[v1_1/q_learning] seed 4 | ep  2700/3000 | eps=0.050 beta=0.034 | train_succ=1.00 heldout_succ=0.08 | q=17068
[v1_1/q_learning] seed 4 | ep  3000/3000 | eps=0.050 beta=0.025 | train_succ=1.00 heldout_succ=0.08 | q=17940
seed 4 | train_greedy=1.00 heldout_greedy=0.08 gap=0.92

========== v1_1/q_learning SUMMARY ==========
 seed version       algo  train_greedy_success  heldout_greedy_success  generalization_gap  final_train_episode_success  q_table_size  learn_steps
    0    v1_1 q_learning                   1.0                0.000000            1.000000                         0.95         19235            0
    1    v1_1 q_learning                   1.0                0.000000            1.000000                         0.92         18768            0
    2    v1_1 q_learning                   1.0                0.000000            1.000000                         0.91         19480            0
    3    v1_1 q_learning                   0.0                0.000000            0.000000                         0.92         21408            0
    4    v1_1 q_learning                   1.0                0.083333            0.916667                         0.95         17940            0

Held-out success by protocol:
protocol
P0    0.037
P1    0.000

Held-out success by fault:
fault
NONE    0.017

artifacts -> ./results/full_benchmark/V1.1/q_learning
