
=== v1_1/ddqn seed 0 (demo_configs=16, deep=True) ===
[v1_1/ddqn] seed 0 | ep    20/200 | eps=0.196 beta=0.490 | train_succ=1.00 heldout_succ=0.33 | learn_steps=4601
[v1_1/ddqn] seed 0 | ep    40/200 | eps=0.192 beta=0.480 | train_succ=1.00 heldout_succ=0.50 | learn_steps=8831
[v1_1/ddqn] seed 0 | ep    60/200 | eps=0.188 beta=0.471 | train_succ=1.00 heldout_succ=0.25 | learn_steps=12740
[v1_1/ddqn] seed 0 | ep    80/200 | eps=0.185 beta=0.462 | train_succ=1.00 heldout_succ=0.17 | learn_steps=17113
[v1_1/ddqn] seed 0 | ep   100/200 | eps=0.181 beta=0.452 | train_succ=1.00 heldout_succ=0.17 | learn_steps=21131
[v1_1/ddqn] seed 0 | ep   120/200 | eps=0.177 beta=0.443 | train_succ=1.00 heldout_succ=0.25 | learn_steps=25197
[v1_1/ddqn] seed 0 | ep   140/200 | eps=0.174 beta=0.435 | train_succ=1.00 heldout_succ=0.33 | learn_steps=29324
[v1_1/ddqn] seed 0 | ep   160/200 | eps=0.170 beta=0.426 | train_succ=1.00 heldout_succ=0.33 | learn_steps=33109
[v1_1/ddqn] seed 0 | ep   180/200 | eps=0.167 beta=0.418 | train_succ=1.00 heldout_succ=0.17 | learn_steps=36893
[v1_1/ddqn] seed 0 | ep   200/200 | eps=0.164 beta=0.409 | train_succ=1.00 heldout_succ=0.33 | learn_steps=40957
seed 0 | train_greedy=1.00 heldout_greedy=0.33 gap=0.67

=== v1_1/ddqn seed 1 (demo_configs=16, deep=True) ===
[v1_1/ddqn] seed 1 | ep    20/200 | eps=0.196 beta=0.490 | train_succ=1.00 heldout_succ=0.25 | learn_steps=5138
[v1_1/ddqn] seed 1 | ep    40/200 | eps=0.192 beta=0.480 | train_succ=1.00 heldout_succ=0.58 | learn_steps=9276
[v1_1/ddqn] seed 1 | ep    60/200 | eps=0.188 beta=0.471 | train_succ=1.00 heldout_succ=0.25 | learn_steps=13409
[v1_1/ddqn] seed 1 | ep    80/200 | eps=0.185 beta=0.462 | train_succ=1.00 heldout_succ=0.08 | learn_steps=17896
[v1_1/ddqn] seed 1 | ep   100/200 | eps=0.181 beta=0.452 | train_succ=1.00 heldout_succ=0.08 | learn_steps=21846
[v1_1/ddqn] seed 1 | ep   120/200 | eps=0.177 beta=0.443 | train_succ=1.00 heldout_succ=0.00 | learn_steps=25668
[v1_1/ddqn] seed 1 | ep   140/200 | eps=0.174 beta=0.435 | train_succ=1.00 heldout_succ=0.25 | learn_steps=29141
[v1_1/ddqn] seed 1 | ep   160/200 | eps=0.170 beta=0.426 | train_succ=1.00 heldout_succ=0.25 | learn_steps=33151
[v1_1/ddqn] seed 1 | ep   180/200 | eps=0.167 beta=0.418 | train_succ=1.00 heldout_succ=0.25 | learn_steps=36765
[v1_1/ddqn] seed 1 | ep   200/200 | eps=0.164 beta=0.409 | train_succ=1.00 heldout_succ=0.17 | learn_steps=40568
seed 1 | train_greedy=1.00 heldout_greedy=0.17 gap=0.83

=== v1_1/ddqn seed 2 (demo_configs=16, deep=True) ===
[v1_1/ddqn] seed 2 | ep    20/200 | eps=0.196 beta=0.490 | train_succ=1.00 heldout_succ=0.42 | learn_steps=4885
[v1_1/ddqn] seed 2 | ep    40/200 | eps=0.192 beta=0.480 | train_succ=1.00 heldout_succ=0.58 | learn_steps=8609
[v1_1/ddqn] seed 2 | ep    60/200 | eps=0.188 beta=0.471 | train_succ=0.94 heldout_succ=0.42 | learn_steps=13294
[v1_1/ddqn] seed 2 | ep    80/200 | eps=0.185 beta=0.462 | train_succ=1.00 heldout_succ=0.42 | learn_steps=17436
[v1_1/ddqn] seed 2 | ep   100/200 | eps=0.181 beta=0.452 | train_succ=1.00 heldout_succ=0.42 | learn_steps=21364
[v1_1/ddqn] seed 2 | ep   120/200 | eps=0.177 beta=0.443 | train_succ=1.00 heldout_succ=0.42 | learn_steps=25040
[v1_1/ddqn] seed 2 | ep   140/200 | eps=0.174 beta=0.435 | train_succ=1.00 heldout_succ=0.50 | learn_steps=28736
[v1_1/ddqn] seed 2 | ep   160/200 | eps=0.170 beta=0.426 | train_succ=1.00 heldout_succ=0.33 | learn_steps=31940
[v1_1/ddqn] seed 2 | ep   180/200 | eps=0.167 beta=0.418 | train_succ=1.00 heldout_succ=0.50 | learn_steps=35790
[v1_1/ddqn] seed 2 | ep   200/200 | eps=0.164 beta=0.409 | train_succ=1.00 heldout_succ=0.33 | learn_steps=39323
seed 2 | train_greedy=1.00 heldout_greedy=0.33 gap=0.67

=== v1_1/ddqn seed 3 (demo_configs=16, deep=True) ===
[v1_1/ddqn] seed 3 | ep    20/200 | eps=0.196 beta=0.490 | train_succ=0.88 heldout_succ=0.50 | learn_steps=5262
[v1_1/ddqn] seed 3 | ep    40/200 | eps=0.192 beta=0.480 | train_succ=0.94 heldout_succ=0.33 | learn_steps=9480
[v1_1/ddqn] seed 3 | ep    60/200 | eps=0.188 beta=0.471 | train_succ=0.88 heldout_succ=0.50 | learn_steps=13562
[v1_1/ddqn] seed 3 | ep    80/200 | eps=0.185 beta=0.462 | train_succ=0.94 heldout_succ=0.33 | learn_steps=17284
[v1_1/ddqn] seed 3 | ep   100/200 | eps=0.181 beta=0.452 | train_succ=0.94 heldout_succ=0.25 | learn_steps=21676
[v1_1/ddqn] seed 3 | ep   120/200 | eps=0.177 beta=0.443 | train_succ=0.88 heldout_succ=0.42 | learn_steps=25601
[v1_1/ddqn] seed 3 | ep   140/200 | eps=0.174 beta=0.435 | train_succ=0.88 heldout_succ=0.33 | learn_steps=29923
[v1_1/ddqn] seed 3 | ep   160/200 | eps=0.170 beta=0.426 | train_succ=0.88 heldout_succ=0.42 | learn_steps=34356
[v1_1/ddqn] seed 3 | ep   180/200 | eps=0.167 beta=0.418 | train_succ=0.88 heldout_succ=0.42 | learn_steps=38489
[v1_1/ddqn] seed 3 | ep   200/200 | eps=0.164 beta=0.409 | train_succ=0.88 heldout_succ=0.42 | learn_steps=42122
seed 3 | train_greedy=0.88 heldout_greedy=0.42 gap=0.46

=== v1_1/ddqn seed 4 (demo_configs=16, deep=True) ===
[v1_1/ddqn] seed 4 | ep    20/200 | eps=0.196 beta=0.490 | train_succ=1.00 heldout_succ=0.50 | learn_steps=5086
[v1_1/ddqn] seed 4 | ep    40/200 | eps=0.192 beta=0.480 | train_succ=1.00 heldout_succ=0.67 | learn_steps=8992
[v1_1/ddqn] seed 4 | ep    60/200 | eps=0.188 beta=0.471 | train_succ=1.00 heldout_succ=0.50 | learn_steps=12865
[v1_1/ddqn] seed 4 | ep    80/200 | eps=0.185 beta=0.462 | train_succ=1.00 heldout_succ=0.17 | learn_steps=16740
[v1_1/ddqn] seed 4 | ep   100/200 | eps=0.181 beta=0.452 | train_succ=1.00 heldout_succ=0.25 | learn_steps=21009
[v1_1/ddqn] seed 4 | ep   120/200 | eps=0.177 beta=0.443 | train_succ=1.00 heldout_succ=0.33 | learn_steps=24886
[v1_1/ddqn] seed 4 | ep   140/200 | eps=0.174 beta=0.435 | train_succ=1.00 heldout_succ=0.33 | learn_steps=28651
[v1_1/ddqn] seed 4 | ep   160/200 | eps=0.170 beta=0.426 | train_succ=1.00 heldout_succ=0.33 | learn_steps=32447
[v1_1/ddqn] seed 4 | ep   180/200 | eps=0.167 beta=0.418 | train_succ=1.00 heldout_succ=0.42 | learn_steps=35941
[v1_1/ddqn] seed 4 | ep   200/200 | eps=0.164 beta=0.409 | train_succ=1.00 heldout_succ=0.42 | learn_steps=39417
seed 4 | train_greedy=1.00 heldout_greedy=0.42 gap=0.58

========== v1_1/ddqn SUMMARY ==========
 seed version algo  train_greedy_success  heldout_greedy_success  generalization_gap  final_train_episode_success  q_table_size  learn_steps
    0    v1_1 ddqn                 1.000                0.333333            0.666667                         0.35             0        40957
    1    v1_1 ddqn                 1.000                0.166667            0.833333                         0.37             0        40568
    2    v1_1 ddqn                 1.000                0.333333            0.666667                         0.46             0        39323
    3    v1_1 ddqn                 0.875                0.416667            0.458333                         0.29             0        42122
    4    v1_1 ddqn                 1.000                0.416667            0.583333                         0.40             0        39417

Held-out success by protocol:
protocol
P0    0.333
P1    0.333

Held-out success by fault:
fault
NONE    0.333

artifacts -> ./results/full_benchmark/V1.1/ddqn
