
=== v1_1/expected_sarsa seed 0 (demo_configs=16, deep=False) ===
[v1_1/expected_sarsa] seed 0 | ep   300/3000 | eps=0.074 beta=0.370 | train_succ=1.00 heldout_succ=0.00 | q=6259
[v1_1/expected_sarsa] seed 0 | ep   600/3000 | eps=0.055 beta=0.274 | train_succ=1.00 heldout_succ=0.00 | q=8938
[v1_1/expected_sarsa] seed 0 | ep   900/3000 | eps=0.050 beta=0.203 | train_succ=1.00 heldout_succ=0.00 | q=10827
[v1_1/expected_sarsa] seed 0 | ep  1200/3000 | eps=0.050 beta=0.151 | train_succ=1.00 heldout_succ=0.00 | q=11953
[v1_1/expected_sarsa] seed 0 | ep  1500/3000 | eps=0.050 beta=0.111 | train_succ=1.00 heldout_succ=0.00 | q=13560
[v1_1/expected_sarsa] seed 0 | ep  1800/3000 | eps=0.050 beta=0.083 | train_succ=0.00 heldout_succ=0.00 | q=14958
[v1_1/expected_sarsa] seed 0 | ep  2100/3000 | eps=0.050 beta=0.061 | train_succ=0.00 heldout_succ=0.00 | q=16119
[v1_1/expected_sarsa] seed 0 | ep  2400/3000 | eps=0.050 beta=0.045 | train_succ=0.62 heldout_succ=0.00 | q=17727
[v1_1/expected_sarsa] seed 0 | ep  2700/3000 | eps=0.050 beta=0.034 | train_succ=0.00 heldout_succ=0.00 | q=19264
[v1_1/expected_sarsa] seed 0 | ep  3000/3000 | eps=0.050 beta=0.025 | train_succ=0.62 heldout_succ=0.00 | q=20258
seed 0 | train_greedy=0.62 heldout_greedy=0.00 gap=0.62

=== v1_1/expected_sarsa seed 1 (demo_configs=16, deep=False) ===
[v1_1/expected_sarsa] seed 1 | ep   300/3000 | eps=0.074 beta=0.370 | train_succ=1.00 heldout_succ=0.00 | q=6437
[v1_1/expected_sarsa] seed 1 | ep   600/3000 | eps=0.055 beta=0.274 | train_succ=1.00 heldout_succ=0.00 | q=9073
[v1_1/expected_sarsa] seed 1 | ep   900/3000 | eps=0.050 beta=0.203 | train_succ=1.00 heldout_succ=0.00 | q=10572
[v1_1/expected_sarsa] seed 1 | ep  1200/3000 | eps=0.050 beta=0.151 | train_succ=1.00 heldout_succ=0.00 | q=12368
[v1_1/expected_sarsa] seed 1 | ep  1500/3000 | eps=0.050 beta=0.111 | train_succ=0.00 heldout_succ=0.00 | q=13890
[v1_1/expected_sarsa] seed 1 | ep  1800/3000 | eps=0.050 beta=0.083 | train_succ=1.00 heldout_succ=0.00 | q=14930
[v1_1/expected_sarsa] seed 1 | ep  2100/3000 | eps=0.050 beta=0.061 | train_succ=1.00 heldout_succ=0.00 | q=16242
[v1_1/expected_sarsa] seed 1 | ep  2400/3000 | eps=0.050 beta=0.045 | train_succ=1.00 heldout_succ=0.00 | q=17584
[v1_1/expected_sarsa] seed 1 | ep  2700/3000 | eps=0.050 beta=0.034 | train_succ=0.88 heldout_succ=0.00 | q=19527
[v1_1/expected_sarsa] seed 1 | ep  3000/3000 | eps=0.050 beta=0.025 | train_succ=0.88 heldout_succ=0.00 | q=20832
seed 1 | train_greedy=0.88 heldout_greedy=0.00 gap=0.88

=== v1_1/expected_sarsa seed 2 (demo_configs=16, deep=False) ===
[v1_1/expected_sarsa] seed 2 | ep   300/3000 | eps=0.074 beta=0.370 | train_succ=1.00 heldout_succ=0.00 | q=5482
[v1_1/expected_sarsa] seed 2 | ep   600/3000 | eps=0.055 beta=0.274 | train_succ=1.00 heldout_succ=0.00 | q=8001
[v1_1/expected_sarsa] seed 2 | ep   900/3000 | eps=0.050 beta=0.203 | train_succ=1.00 heldout_succ=0.00 | q=9891
[v1_1/expected_sarsa] seed 2 | ep  1200/3000 | eps=0.050 beta=0.151 | train_succ=1.00 heldout_succ=0.00 | q=12065
[v1_1/expected_sarsa] seed 2 | ep  1500/3000 | eps=0.050 beta=0.111 | train_succ=1.00 heldout_succ=0.00 | q=13594
[v1_1/expected_sarsa] seed 2 | ep  1800/3000 | eps=0.050 beta=0.083 | train_succ=1.00 heldout_succ=0.00 | q=14661
[v1_1/expected_sarsa] seed 2 | ep  2100/3000 | eps=0.050 beta=0.061 | train_succ=1.00 heldout_succ=0.00 | q=15785
[v1_1/expected_sarsa] seed 2 | ep  2400/3000 | eps=0.050 beta=0.045 | train_succ=0.88 heldout_succ=0.00 | q=17586
[v1_1/expected_sarsa] seed 2 | ep  2700/3000 | eps=0.050 beta=0.034 | train_succ=0.88 heldout_succ=0.00 | q=19168
[v1_1/expected_sarsa] seed 2 | ep  3000/3000 | eps=0.050 beta=0.025 | train_succ=0.88 heldout_succ=0.00 | q=20577
seed 2 | train_greedy=0.88 heldout_greedy=0.00 gap=0.88

=== v1_1/expected_sarsa seed 3 (demo_configs=16, deep=False) ===
[v1_1/expected_sarsa] seed 3 | ep   300/3000 | eps=0.074 beta=0.370 | train_succ=0.88 heldout_succ=0.00 | q=6316
[v1_1/expected_sarsa] seed 3 | ep   600/3000 | eps=0.055 beta=0.274 | train_succ=0.88 heldout_succ=0.00 | q=8324
[v1_1/expected_sarsa] seed 3 | ep   900/3000 | eps=0.050 beta=0.203 | train_succ=0.88 heldout_succ=0.00 | q=9964
[v1_1/expected_sarsa] seed 3 | ep  1200/3000 | eps=0.050 beta=0.151 | train_succ=0.88 heldout_succ=0.00 | q=12068
[v1_1/expected_sarsa] seed 3 | ep  1500/3000 | eps=0.050 beta=0.111 | train_succ=0.00 heldout_succ=0.00 | q=13627
[v1_1/expected_sarsa] seed 3 | ep  1800/3000 | eps=0.050 beta=0.083 | train_succ=0.00 heldout_succ=0.00 | q=14913
[v1_1/expected_sarsa] seed 3 | ep  2100/3000 | eps=0.050 beta=0.061 | train_succ=0.88 heldout_succ=0.00 | q=16241
[v1_1/expected_sarsa] seed 3 | ep  2400/3000 | eps=0.050 beta=0.045 | train_succ=0.75 heldout_succ=0.00 | q=18152
[v1_1/expected_sarsa] seed 3 | ep  2700/3000 | eps=0.050 beta=0.034 | train_succ=0.75 heldout_succ=0.00 | q=19389
[v1_1/expected_sarsa] seed 3 | ep  3000/3000 | eps=0.050 beta=0.025 | train_succ=0.75 heldout_succ=0.00 | q=20749
seed 3 | train_greedy=0.75 heldout_greedy=0.00 gap=0.75

=== v1_1/expected_sarsa seed 4 (demo_configs=16, deep=False) ===
[v1_1/expected_sarsa] seed 4 | ep   300/3000 | eps=0.074 beta=0.370 | train_succ=1.00 heldout_succ=0.08 | q=5621
[v1_1/expected_sarsa] seed 4 | ep   600/3000 | eps=0.055 beta=0.274 | train_succ=1.00 heldout_succ=0.08 | q=7488
[v1_1/expected_sarsa] seed 4 | ep   900/3000 | eps=0.050 beta=0.203 | train_succ=1.00 heldout_succ=0.08 | q=9355
[v1_1/expected_sarsa] seed 4 | ep  1200/3000 | eps=0.050 beta=0.151 | train_succ=1.00 heldout_succ=0.08 | q=10994
[v1_1/expected_sarsa] seed 4 | ep  1500/3000 | eps=0.050 beta=0.111 | train_succ=1.00 heldout_succ=0.08 | q=12335
[v1_1/expected_sarsa] seed 4 | ep  1800/3000 | eps=0.050 beta=0.083 | train_succ=1.00 heldout_succ=0.08 | q=13640
[v1_1/expected_sarsa] seed 4 | ep  2100/3000 | eps=0.050 beta=0.061 | train_succ=1.00 heldout_succ=0.08 | q=15125
[v1_1/expected_sarsa] seed 4 | ep  2400/3000 | eps=0.050 beta=0.045 | train_succ=0.88 heldout_succ=0.08 | q=16746
[v1_1/expected_sarsa] seed 4 | ep  2700/3000 | eps=0.050 beta=0.034 | train_succ=1.00 heldout_succ=0.08 | q=18216
[v1_1/expected_sarsa] seed 4 | ep  3000/3000 | eps=0.050 beta=0.025 | train_succ=0.88 heldout_succ=0.08 | q=19655
seed 4 | train_greedy=0.88 heldout_greedy=0.08 gap=0.79

========== v1_1/expected_sarsa SUMMARY ==========
 seed version           algo  train_greedy_success  heldout_greedy_success  generalization_gap  final_train_episode_success  q_table_size  learn_steps
    0    v1_1 expected_sarsa                 0.625                0.000000            0.625000                         0.93         20258            0
    1    v1_1 expected_sarsa                 0.875                0.000000            0.875000                         0.89         20832            0
    2    v1_1 expected_sarsa                 0.875                0.000000            0.875000                         0.90         20577            0
    3    v1_1 expected_sarsa                 0.750                0.000000            0.750000                         0.84         20749            0
    4    v1_1 expected_sarsa                 0.875                0.083333            0.791667                         0.79         19655            0

Held-out success by protocol:
protocol
P0    0.037
P1    0.000

Held-out success by fault:
fault
NONE    0.017

artifacts -> ./results/full_benchmark/V1.1/expected_sarsa
