
=== v1_1/spie_dueling_ddqn_per seed 0 (demo_configs=16, deep=True) ===
[v1_1/spie_dueling_ddqn_per] seed 0 | ep    20/200 | eps=0.196 beta=0.490 | train_succ=1.00 heldout_succ=0.25 | learn_steps=4943
[v1_1/spie_dueling_ddqn_per] seed 0 | ep    40/200 | eps=0.192 beta=0.480 | train_succ=1.00 heldout_succ=0.33 | learn_steps=9310
[v1_1/spie_dueling_ddqn_per] seed 0 | ep    60/200 | eps=0.188 beta=0.471 | train_succ=1.00 heldout_succ=0.33 | learn_steps=13620
[v1_1/spie_dueling_ddqn_per] seed 0 | ep    80/200 | eps=0.185 beta=0.462 | train_succ=1.00 heldout_succ=0.42 | learn_steps=17985
[v1_1/spie_dueling_ddqn_per] seed 0 | ep   100/200 | eps=0.181 beta=0.452 | train_succ=1.00 heldout_succ=0.42 | learn_steps=21946
[v1_1/spie_dueling_ddqn_per] seed 0 | ep   120/200 | eps=0.177 beta=0.443 | train_succ=0.75 heldout_succ=0.33 | learn_steps=26356
[v1_1/spie_dueling_ddqn_per] seed 0 | ep   140/200 | eps=0.174 beta=0.435 | train_succ=1.00 heldout_succ=0.33 | learn_steps=30111
[v1_1/spie_dueling_ddqn_per] seed 0 | ep   160/200 | eps=0.170 beta=0.426 | train_succ=1.00 heldout_succ=0.33 | learn_steps=34265
[v1_1/spie_dueling_ddqn_per] seed 0 | ep   180/200 | eps=0.167 beta=0.418 | train_succ=1.00 heldout_succ=0.25 | learn_steps=37977
[v1_1/spie_dueling_ddqn_per] seed 0 | ep   200/200 | eps=0.164 beta=0.409 | train_succ=1.00 heldout_succ=0.25 | learn_steps=42283
seed 0 | train_greedy=1.00 heldout_greedy=0.25 gap=0.75

=== v1_1/spie_dueling_ddqn_per seed 1 (demo_configs=16, deep=True) ===
[v1_1/spie_dueling_ddqn_per] seed 1 | ep    20/200 | eps=0.196 beta=0.490 | train_succ=1.00 heldout_succ=0.25 | learn_steps=5170
[v1_1/spie_dueling_ddqn_per] seed 1 | ep    40/200 | eps=0.192 beta=0.480 | train_succ=1.00 heldout_succ=0.33 | learn_steps=8990
[v1_1/spie_dueling_ddqn_per] seed 1 | ep    60/200 | eps=0.188 beta=0.471 | train_succ=1.00 heldout_succ=0.25 | learn_steps=13127
[v1_1/spie_dueling_ddqn_per] seed 1 | ep    80/200 | eps=0.185 beta=0.462 | train_succ=1.00 heldout_succ=0.17 | learn_steps=17339
[v1_1/spie_dueling_ddqn_per] seed 1 | ep   100/200 | eps=0.181 beta=0.452 | train_succ=1.00 heldout_succ=0.25 | learn_steps=21852
[v1_1/spie_dueling_ddqn_per] seed 1 | ep   120/200 | eps=0.177 beta=0.443 | train_succ=1.00 heldout_succ=0.33 | learn_steps=25613
[v1_1/spie_dueling_ddqn_per] seed 1 | ep   140/200 | eps=0.174 beta=0.435 | train_succ=1.00 heldout_succ=0.25 | learn_steps=29614
[v1_1/spie_dueling_ddqn_per] seed 1 | ep   160/200 | eps=0.170 beta=0.426 | train_succ=0.94 heldout_succ=0.33 | learn_steps=33688
[v1_1/spie_dueling_ddqn_per] seed 1 | ep   180/200 | eps=0.167 beta=0.418 | train_succ=0.50 heldout_succ=0.08 | learn_steps=37810
[v1_1/spie_dueling_ddqn_per] seed 1 | ep   200/200 | eps=0.164 beta=0.409 | train_succ=1.00 heldout_succ=0.33 | learn_steps=42631
seed 1 | train_greedy=1.00 heldout_greedy=0.33 gap=0.67

=== v1_1/spie_dueling_ddqn_per seed 2 (demo_configs=16, deep=True) ===
[v1_1/spie_dueling_ddqn_per] seed 2 | ep    20/200 | eps=0.196 beta=0.490 | train_succ=1.00 heldout_succ=0.33 | learn_steps=5488
[v1_1/spie_dueling_ddqn_per] seed 2 | ep    40/200 | eps=0.192 beta=0.480 | train_succ=0.94 heldout_succ=0.17 | learn_steps=9919
[v1_1/spie_dueling_ddqn_per] seed 2 | ep    60/200 | eps=0.188 beta=0.471 | train_succ=1.00 heldout_succ=0.17 | learn_steps=14008
[v1_1/spie_dueling_ddqn_per] seed 2 | ep    80/200 | eps=0.185 beta=0.462 | train_succ=1.00 heldout_succ=0.17 | learn_steps=18301
[v1_1/spie_dueling_ddqn_per] seed 2 | ep   100/200 | eps=0.181 beta=0.452 | train_succ=1.00 heldout_succ=0.25 | learn_steps=22499
[v1_1/spie_dueling_ddqn_per] seed 2 | ep   120/200 | eps=0.177 beta=0.443 | train_succ=1.00 heldout_succ=0.42 | learn_steps=27047
[v1_1/spie_dueling_ddqn_per] seed 2 | ep   140/200 | eps=0.174 beta=0.435 | train_succ=1.00 heldout_succ=0.42 | learn_steps=31404
[v1_1/spie_dueling_ddqn_per] seed 2 | ep   160/200 | eps=0.170 beta=0.426 | train_succ=1.00 heldout_succ=0.33 | learn_steps=35530
[v1_1/spie_dueling_ddqn_per] seed 2 | ep   180/200 | eps=0.167 beta=0.418 | train_succ=1.00 heldout_succ=0.42 | learn_steps=40235
[v1_1/spie_dueling_ddqn_per] seed 2 | ep   200/200 | eps=0.164 beta=0.409 | train_succ=1.00 heldout_succ=0.42 | learn_steps=44404
seed 2 | train_greedy=1.00 heldout_greedy=0.42 gap=0.58

=== v1_1/spie_dueling_ddqn_per seed 3 (demo_configs=16, deep=True) ===
[v1_1/spie_dueling_ddqn_per] seed 3 | ep    20/200 | eps=0.196 beta=0.490 | train_succ=0.94 heldout_succ=0.33 | learn_steps=5209
[v1_1/spie_dueling_ddqn_per] seed 3 | ep    40/200 | eps=0.192 beta=0.480 | train_succ=0.88 heldout_succ=0.50 | learn_steps=9533
[v1_1/spie_dueling_ddqn_per] seed 3 | ep    60/200 | eps=0.188 beta=0.471 | train_succ=0.88 heldout_succ=0.42 | learn_steps=13965
[v1_1/spie_dueling_ddqn_per] seed 3 | ep    80/200 | eps=0.185 beta=0.462 | train_succ=0.88 heldout_succ=0.42 | learn_steps=18069
[v1_1/spie_dueling_ddqn_per] seed 3 | ep   100/200 | eps=0.181 beta=0.452 | train_succ=0.88 heldout_succ=0.33 | learn_steps=22311
[v1_1/spie_dueling_ddqn_per] seed 3 | ep   120/200 | eps=0.177 beta=0.443 | train_succ=0.88 heldout_succ=0.33 | learn_steps=26643
[v1_1/spie_dueling_ddqn_per] seed 3 | ep   140/200 | eps=0.174 beta=0.435 | train_succ=0.88 heldout_succ=0.42 | learn_steps=31110
[v1_1/spie_dueling_ddqn_per] seed 3 | ep   160/200 | eps=0.170 beta=0.426 | train_succ=0.88 heldout_succ=0.33 | learn_steps=35585
[v1_1/spie_dueling_ddqn_per] seed 3 | ep   180/200 | eps=0.167 beta=0.418 | train_succ=0.94 heldout_succ=0.33 | learn_steps=39638
[v1_1/spie_dueling_ddqn_per] seed 3 | ep   200/200 | eps=0.164 beta=0.409 | train_succ=0.88 heldout_succ=0.42 | learn_steps=43830
seed 3 | train_greedy=0.88 heldout_greedy=0.42 gap=0.46

=== v1_1/spie_dueling_ddqn_per seed 4 (demo_configs=16, deep=True) ===
[v1_1/spie_dueling_ddqn_per] seed 4 | ep    20/200 | eps=0.196 beta=0.490 | train_succ=1.00 heldout_succ=0.25 | learn_steps=4922
[v1_1/spie_dueling_ddqn_per] seed 4 | ep    40/200 | eps=0.192 beta=0.480 | train_succ=1.00 heldout_succ=0.33 | learn_steps=8943
[v1_1/spie_dueling_ddqn_per] seed 4 | ep    60/200 | eps=0.188 beta=0.471 | train_succ=1.00 heldout_succ=0.50 | learn_steps=12708
[v1_1/spie_dueling_ddqn_per] seed 4 | ep    80/200 | eps=0.185 beta=0.462 | train_succ=1.00 heldout_succ=0.25 | learn_steps=17256
[v1_1/spie_dueling_ddqn_per] seed 4 | ep   100/200 | eps=0.181 beta=0.452 | train_succ=0.94 heldout_succ=0.58 | learn_steps=21386
[v1_1/spie_dueling_ddqn_per] seed 4 | ep   120/200 | eps=0.177 beta=0.443 | train_succ=0.88 heldout_succ=0.50 | learn_steps=25814
[v1_1/spie_dueling_ddqn_per] seed 4 | ep   140/200 | eps=0.174 beta=0.435 | train_succ=1.00 heldout_succ=0.33 | learn_steps=29937
[v1_1/spie_dueling_ddqn_per] seed 4 | ep   160/200 | eps=0.170 beta=0.426 | train_succ=1.00 heldout_succ=0.50 | learn_steps=33853
[v1_1/spie_dueling_ddqn_per] seed 4 | ep   180/200 | eps=0.167 beta=0.418 | train_succ=0.94 heldout_succ=0.50 | learn_steps=38391
[v1_1/spie_dueling_ddqn_per] seed 4 | ep   200/200 | eps=0.164 beta=0.409 | train_succ=1.00 heldout_succ=0.42 | learn_steps=42687
seed 4 | train_greedy=1.00 heldout_greedy=0.42 gap=0.58

========== v1_1/spie_dueling_ddqn_per SUMMARY ==========
 seed version                  algo  train_greedy_success  heldout_greedy_success  generalization_gap  final_train_episode_success  q_table_size  learn_steps
    0    v1_1 spie_dueling_ddqn_per                 1.000                0.250000            0.750000                         0.34             0        42283
    1    v1_1 spie_dueling_ddqn_per                 1.000                0.333333            0.666667                         0.26             0        42631
    2    v1_1 spie_dueling_ddqn_per                 1.000                0.416667            0.583333                         0.16             0        44404
    3    v1_1 spie_dueling_ddqn_per                 0.875                0.416667            0.458333                         0.20             0        43830
    4    v1_1 spie_dueling_ddqn_per                 1.000                0.416667            0.583333                         0.25             0        42687

Held-out success by protocol:
protocol
P0    0.444
P1    0.303

Held-out success by fault:
fault
NONE    0.367

artifacts -> ./results/full_benchmark/V1.1/spie_dueling_ddqn_per
