
=== v1_1/spie_dueling_dqn seed 0 (demo_configs=16, deep=True) ===
[v1_1/spie_dueling_dqn] seed 0 | ep    20/200 | eps=0.196 beta=0.490 | train_succ=1.00 heldout_succ=0.33 | learn_steps=5310
[v1_1/spie_dueling_dqn] seed 0 | ep    40/200 | eps=0.192 beta=0.480 | train_succ=1.00 heldout_succ=0.08 | learn_steps=9819
[v1_1/spie_dueling_dqn] seed 0 | ep    60/200 | eps=0.188 beta=0.471 | train_succ=1.00 heldout_succ=0.25 | learn_steps=14538
[v1_1/spie_dueling_dqn] seed 0 | ep    80/200 | eps=0.185 beta=0.462 | train_succ=1.00 heldout_succ=0.17 | learn_steps=18978
[v1_1/spie_dueling_dqn] seed 0 | ep   100/200 | eps=0.181 beta=0.452 | train_succ=1.00 heldout_succ=0.08 | learn_steps=23714
[v1_1/spie_dueling_dqn] seed 0 | ep   120/200 | eps=0.177 beta=0.443 | train_succ=1.00 heldout_succ=0.33 | learn_steps=28285
[v1_1/spie_dueling_dqn] seed 0 | ep   140/200 | eps=0.174 beta=0.435 | train_succ=1.00 heldout_succ=0.25 | learn_steps=32584
[v1_1/spie_dueling_dqn] seed 0 | ep   160/200 | eps=0.170 beta=0.426 | train_succ=1.00 heldout_succ=0.33 | learn_steps=36552
[v1_1/spie_dueling_dqn] seed 0 | ep   180/200 | eps=0.167 beta=0.418 | train_succ=1.00 heldout_succ=0.25 | learn_steps=41442
[v1_1/spie_dueling_dqn] seed 0 | ep   200/200 | eps=0.164 beta=0.409 | train_succ=1.00 heldout_succ=0.17 | learn_steps=45906
seed 0 | train_greedy=1.00 heldout_greedy=0.17 gap=0.83

=== v1_1/spie_dueling_dqn seed 1 (demo_configs=16, deep=True) ===
[v1_1/spie_dueling_dqn] seed 1 | ep    20/200 | eps=0.196 beta=0.490 | train_succ=1.00 heldout_succ=0.33 | learn_steps=5210
[v1_1/spie_dueling_dqn] seed 1 | ep    40/200 | eps=0.192 beta=0.480 | train_succ=1.00 heldout_succ=0.33 | learn_steps=9363
[v1_1/spie_dueling_dqn] seed 1 | ep    60/200 | eps=0.188 beta=0.471 | train_succ=1.00 heldout_succ=0.25 | learn_steps=13914
[v1_1/spie_dueling_dqn] seed 1 | ep    80/200 | eps=0.185 beta=0.462 | train_succ=1.00 heldout_succ=0.33 | learn_steps=18533
[v1_1/spie_dueling_dqn] seed 1 | ep   100/200 | eps=0.181 beta=0.452 | train_succ=1.00 heldout_succ=0.17 | learn_steps=22774
[v1_1/spie_dueling_dqn] seed 1 | ep   120/200 | eps=0.177 beta=0.443 | train_succ=1.00 heldout_succ=0.42 | learn_steps=27382
[v1_1/spie_dueling_dqn] seed 1 | ep   140/200 | eps=0.174 beta=0.435 | train_succ=1.00 heldout_succ=0.33 | learn_steps=32162
[v1_1/spie_dueling_dqn] seed 1 | ep   160/200 | eps=0.170 beta=0.426 | train_succ=1.00 heldout_succ=0.25 | learn_steps=36291
[v1_1/spie_dueling_dqn] seed 1 | ep   180/200 | eps=0.167 beta=0.418 | train_succ=1.00 heldout_succ=0.33 | learn_steps=40991
[v1_1/spie_dueling_dqn] seed 1 | ep   200/200 | eps=0.164 beta=0.409 | train_succ=1.00 heldout_succ=0.33 | learn_steps=45776
seed 1 | train_greedy=1.00 heldout_greedy=0.33 gap=0.67

=== v1_1/spie_dueling_dqn seed 2 (demo_configs=16, deep=True) ===
[v1_1/spie_dueling_dqn] seed 2 | ep    20/200 | eps=0.196 beta=0.490 | train_succ=1.00 heldout_succ=0.33 | learn_steps=5495
[v1_1/spie_dueling_dqn] seed 2 | ep    40/200 | eps=0.192 beta=0.480 | train_succ=1.00 heldout_succ=0.25 | learn_steps=9698
[v1_1/spie_dueling_dqn] seed 2 | ep    60/200 | eps=0.188 beta=0.471 | train_succ=1.00 heldout_succ=0.50 | learn_steps=14103
[v1_1/spie_dueling_dqn] seed 2 | ep    80/200 | eps=0.185 beta=0.462 | train_succ=1.00 heldout_succ=0.25 | learn_steps=18205
[v1_1/spie_dueling_dqn] seed 2 | ep   100/200 | eps=0.181 beta=0.452 | train_succ=1.00 heldout_succ=0.25 | learn_steps=22646
[v1_1/spie_dueling_dqn] seed 2 | ep   120/200 | eps=0.177 beta=0.443 | train_succ=1.00 heldout_succ=0.33 | learn_steps=27209
[v1_1/spie_dueling_dqn] seed 2 | ep   140/200 | eps=0.174 beta=0.435 | train_succ=1.00 heldout_succ=0.58 | learn_steps=31281
[v1_1/spie_dueling_dqn] seed 2 | ep   160/200 | eps=0.170 beta=0.426 | train_succ=1.00 heldout_succ=0.25 | learn_steps=35593
[v1_1/spie_dueling_dqn] seed 2 | ep   180/200 | eps=0.167 beta=0.418 | train_succ=1.00 heldout_succ=0.33 | learn_steps=39952
[v1_1/spie_dueling_dqn] seed 2 | ep   200/200 | eps=0.164 beta=0.409 | train_succ=1.00 heldout_succ=0.33 | learn_steps=44359
seed 2 | train_greedy=1.00 heldout_greedy=0.33 gap=0.67

=== v1_1/spie_dueling_dqn seed 3 (demo_configs=16, deep=True) ===
[v1_1/spie_dueling_dqn] seed 3 | ep    20/200 | eps=0.196 beta=0.490 | train_succ=0.88 heldout_succ=0.42 | learn_steps=5265
[v1_1/spie_dueling_dqn] seed 3 | ep    40/200 | eps=0.192 beta=0.480 | train_succ=0.94 heldout_succ=0.50 | learn_steps=9508
[v1_1/spie_dueling_dqn] seed 3 | ep    60/200 | eps=0.188 beta=0.471 | train_succ=0.88 heldout_succ=0.50 | learn_steps=13459
[v1_1/spie_dueling_dqn] seed 3 | ep    80/200 | eps=0.185 beta=0.462 | train_succ=0.88 heldout_succ=0.42 | learn_steps=17644
[v1_1/spie_dueling_dqn] seed 3 | ep   100/200 | eps=0.181 beta=0.452 | train_succ=0.88 heldout_succ=0.50 | learn_steps=22063
[v1_1/spie_dueling_dqn] seed 3 | ep   120/200 | eps=0.177 beta=0.443 | train_succ=0.94 heldout_succ=0.42 | learn_steps=26236
[v1_1/spie_dueling_dqn] seed 3 | ep   140/200 | eps=0.174 beta=0.435 | train_succ=0.94 heldout_succ=0.50 | learn_steps=30864
[v1_1/spie_dueling_dqn] seed 3 | ep   160/200 | eps=0.170 beta=0.426 | train_succ=0.88 heldout_succ=0.50 | learn_steps=35766
[v1_1/spie_dueling_dqn] seed 3 | ep   180/200 | eps=0.167 beta=0.418 | train_succ=0.88 heldout_succ=0.50 | learn_steps=39688
[v1_1/spie_dueling_dqn] seed 3 | ep   200/200 | eps=0.164 beta=0.409 | train_succ=0.88 heldout_succ=0.58 | learn_steps=43724
seed 3 | train_greedy=0.88 heldout_greedy=0.58 gap=0.29

=== v1_1/spie_dueling_dqn seed 4 (demo_configs=16, deep=True) ===
[v1_1/spie_dueling_dqn] seed 4 | ep    20/200 | eps=0.196 beta=0.490 | train_succ=1.00 heldout_succ=0.42 | learn_steps=4414
[v1_1/spie_dueling_dqn] seed 4 | ep    40/200 | eps=0.192 beta=0.480 | train_succ=1.00 heldout_succ=0.50 | learn_steps=8668
[v1_1/spie_dueling_dqn] seed 4 | ep    60/200 | eps=0.188 beta=0.471 | train_succ=1.00 heldout_succ=0.58 | learn_steps=12600
[v1_1/spie_dueling_dqn] seed 4 | ep    80/200 | eps=0.185 beta=0.462 | train_succ=1.00 heldout_succ=0.33 | learn_steps=16822
[v1_1/spie_dueling_dqn] seed 4 | ep   100/200 | eps=0.181 beta=0.452 | train_succ=1.00 heldout_succ=0.33 | learn_steps=21490
[v1_1/spie_dueling_dqn] seed 4 | ep   120/200 | eps=0.177 beta=0.443 | train_succ=1.00 heldout_succ=0.33 | learn_steps=25667
[v1_1/spie_dueling_dqn] seed 4 | ep   140/200 | eps=0.174 beta=0.435 | train_succ=1.00 heldout_succ=0.33 | learn_steps=29968
[v1_1/spie_dueling_dqn] seed 4 | ep   160/200 | eps=0.170 beta=0.426 | train_succ=1.00 heldout_succ=0.42 | learn_steps=34709
[v1_1/spie_dueling_dqn] seed 4 | ep   180/200 | eps=0.167 beta=0.418 | train_succ=1.00 heldout_succ=0.33 | learn_steps=39336
[v1_1/spie_dueling_dqn] seed 4 | ep   200/200 | eps=0.164 beta=0.409 | train_succ=1.00 heldout_succ=0.33 | learn_steps=43497
seed 4 | train_greedy=1.00 heldout_greedy=0.33 gap=0.67

========== v1_1/spie_dueling_dqn SUMMARY ==========
 seed version             algo  train_greedy_success  heldout_greedy_success  generalization_gap  final_train_episode_success  q_table_size  learn_steps
    0    v1_1 spie_dueling_dqn                 1.000                0.166667            0.833333                         0.15             0        45906
    1    v1_1 spie_dueling_dqn                 1.000                0.333333            0.666667                         0.17             0        45776
    2    v1_1 spie_dueling_dqn                 1.000                0.333333            0.666667                         0.18             0        44359
    3    v1_1 spie_dueling_dqn                 0.875                0.583333            0.291667                         0.24             0        43724
    4    v1_1 spie_dueling_dqn                 1.000                0.333333            0.666667                         0.21             0        43497

Held-out success by protocol:
protocol
P0    0.444
P1    0.273

Held-out success by fault:
fault
NONE    0.35

artifacts -> ./results/full_benchmark/V1.1/spie_dueling_dqn
