
=== v1_1/dueling_ddqn_per seed 0 (demo_configs=16, deep=True) ===
[v1_1/dueling_ddqn_per] seed 0 | ep    20/200 | eps=0.196 beta=0.490 | train_succ=1.00 heldout_succ=0.25 | learn_steps=5143
[v1_1/dueling_ddqn_per] seed 0 | ep    40/200 | eps=0.192 beta=0.480 | train_succ=1.00 heldout_succ=0.25 | learn_steps=9281
[v1_1/dueling_ddqn_per] seed 0 | ep    60/200 | eps=0.188 beta=0.471 | train_succ=1.00 heldout_succ=0.50 | learn_steps=13199
[v1_1/dueling_ddqn_per] seed 0 | ep    80/200 | eps=0.185 beta=0.462 | train_succ=1.00 heldout_succ=0.25 | learn_steps=17744
[v1_1/dueling_ddqn_per] seed 0 | ep   100/200 | eps=0.181 beta=0.452 | train_succ=1.00 heldout_succ=0.50 | learn_steps=21950
[v1_1/dueling_ddqn_per] seed 0 | ep   120/200 | eps=0.177 beta=0.443 | train_succ=1.00 heldout_succ=0.25 | learn_steps=25421
[v1_1/dueling_ddqn_per] seed 0 | ep   140/200 | eps=0.174 beta=0.435 | train_succ=1.00 heldout_succ=0.50 | learn_steps=29355
[v1_1/dueling_ddqn_per] seed 0 | ep   160/200 | eps=0.170 beta=0.426 | train_succ=1.00 heldout_succ=0.42 | learn_steps=32622
[v1_1/dueling_ddqn_per] seed 0 | ep   180/200 | eps=0.167 beta=0.418 | train_succ=1.00 heldout_succ=0.50 | learn_steps=36026
[v1_1/dueling_ddqn_per] seed 0 | ep   200/200 | eps=0.164 beta=0.409 | train_succ=1.00 heldout_succ=0.33 | learn_steps=39818
seed 0 | train_greedy=1.00 heldout_greedy=0.33 gap=0.67

=== v1_1/dueling_ddqn_per seed 1 (demo_configs=16, deep=True) ===
[v1_1/dueling_ddqn_per] seed 1 | ep    20/200 | eps=0.196 beta=0.490 | train_succ=1.00 heldout_succ=0.33 | learn_steps=4918
[v1_1/dueling_ddqn_per] seed 1 | ep    40/200 | eps=0.192 beta=0.480 | train_succ=1.00 heldout_succ=0.42 | learn_steps=8854
[v1_1/dueling_ddqn_per] seed 1 | ep    60/200 | eps=0.188 beta=0.471 | train_succ=1.00 heldout_succ=0.33 | learn_steps=12937
[v1_1/dueling_ddqn_per] seed 1 | ep    80/200 | eps=0.185 beta=0.462 | train_succ=1.00 heldout_succ=0.42 | learn_steps=17015
[v1_1/dueling_ddqn_per] seed 1 | ep   100/200 | eps=0.181 beta=0.452 | train_succ=0.94 heldout_succ=0.25 | learn_steps=21242
[v1_1/dueling_ddqn_per] seed 1 | ep   120/200 | eps=0.177 beta=0.443 | train_succ=0.94 heldout_succ=0.25 | learn_steps=25220
[v1_1/dueling_ddqn_per] seed 1 | ep   140/200 | eps=0.174 beta=0.435 | train_succ=1.00 heldout_succ=0.25 | learn_steps=28526
[v1_1/dueling_ddqn_per] seed 1 | ep   160/200 | eps=0.170 beta=0.426 | train_succ=1.00 heldout_succ=0.33 | learn_steps=32116
[v1_1/dueling_ddqn_per] seed 1 | ep   180/200 | eps=0.167 beta=0.418 | train_succ=1.00 heldout_succ=0.50 | learn_steps=35373
[v1_1/dueling_ddqn_per] seed 1 | ep   200/200 | eps=0.164 beta=0.409 | train_succ=1.00 heldout_succ=0.42 | learn_steps=39349
seed 1 | train_greedy=1.00 heldout_greedy=0.42 gap=0.58

=== v1_1/dueling_ddqn_per seed 2 (demo_configs=16, deep=True) ===
[v1_1/dueling_ddqn_per] seed 2 | ep    20/200 | eps=0.196 beta=0.490 | train_succ=1.00 heldout_succ=0.25 | learn_steps=5361
[v1_1/dueling_ddqn_per] seed 2 | ep    40/200 | eps=0.192 beta=0.480 | train_succ=1.00 heldout_succ=0.33 | learn_steps=9469
[v1_1/dueling_ddqn_per] seed 2 | ep    60/200 | eps=0.188 beta=0.471 | train_succ=1.00 heldout_succ=0.25 | learn_steps=12876
[v1_1/dueling_ddqn_per] seed 2 | ep    80/200 | eps=0.185 beta=0.462 | train_succ=1.00 heldout_succ=0.33 | learn_steps=17149
[v1_1/dueling_ddqn_per] seed 2 | ep   100/200 | eps=0.181 beta=0.452 | train_succ=1.00 heldout_succ=0.50 | learn_steps=20753
[v1_1/dueling_ddqn_per] seed 2 | ep   120/200 | eps=0.177 beta=0.443 | train_succ=1.00 heldout_succ=0.33 | learn_steps=24478
[v1_1/dueling_ddqn_per] seed 2 | ep   140/200 | eps=0.174 beta=0.435 | train_succ=0.75 heldout_succ=0.25 | learn_steps=28329
[v1_1/dueling_ddqn_per] seed 2 | ep   160/200 | eps=0.170 beta=0.426 | train_succ=1.00 heldout_succ=0.50 | learn_steps=32002
[v1_1/dueling_ddqn_per] seed 2 | ep   180/200 | eps=0.167 beta=0.418 | train_succ=1.00 heldout_succ=0.50 | learn_steps=34958
[v1_1/dueling_ddqn_per] seed 2 | ep   200/200 | eps=0.164 beta=0.409 | train_succ=1.00 heldout_succ=0.25 | learn_steps=38410
seed 2 | train_greedy=1.00 heldout_greedy=0.25 gap=0.75

=== v1_1/dueling_ddqn_per seed 3 (demo_configs=16, deep=True) ===
[v1_1/dueling_ddqn_per] seed 3 | ep    20/200 | eps=0.196 beta=0.490 | train_succ=0.88 heldout_succ=0.42 | learn_steps=5348
[v1_1/dueling_ddqn_per] seed 3 | ep    40/200 | eps=0.192 beta=0.480 | train_succ=0.88 heldout_succ=0.42 | learn_steps=9898
[v1_1/dueling_ddqn_per] seed 3 | ep    60/200 | eps=0.188 beta=0.471 | train_succ=0.88 heldout_succ=0.33 | learn_steps=14183
[v1_1/dueling_ddqn_per] seed 3 | ep    80/200 | eps=0.185 beta=0.462 | train_succ=0.88 heldout_succ=0.42 | learn_steps=17627
[v1_1/dueling_ddqn_per] seed 3 | ep   100/200 | eps=0.181 beta=0.452 | train_succ=0.88 heldout_succ=0.58 | learn_steps=21873
[v1_1/dueling_ddqn_per] seed 3 | ep   120/200 | eps=0.177 beta=0.443 | train_succ=0.88 heldout_succ=0.42 | learn_steps=25622
[v1_1/dueling_ddqn_per] seed 3 | ep   140/200 | eps=0.174 beta=0.435 | train_succ=0.88 heldout_succ=0.33 | learn_steps=28850
[v1_1/dueling_ddqn_per] seed 3 | ep   160/200 | eps=0.170 beta=0.426 | train_succ=0.88 heldout_succ=0.42 | learn_steps=32451
[v1_1/dueling_ddqn_per] seed 3 | ep   180/200 | eps=0.167 beta=0.418 | train_succ=0.88 heldout_succ=0.33 | learn_steps=36336
[v1_1/dueling_ddqn_per] seed 3 | ep   200/200 | eps=0.164 beta=0.409 | train_succ=0.88 heldout_succ=0.33 | learn_steps=39778
seed 3 | train_greedy=0.88 heldout_greedy=0.33 gap=0.54

=== v1_1/dueling_ddqn_per seed 4 (demo_configs=16, deep=True) ===
[v1_1/dueling_ddqn_per] seed 4 | ep    20/200 | eps=0.196 beta=0.490 | train_succ=1.00 heldout_succ=0.25 | learn_steps=4514
[v1_1/dueling_ddqn_per] seed 4 | ep    40/200 | eps=0.192 beta=0.480 | train_succ=1.00 heldout_succ=0.25 | learn_steps=8750
[v1_1/dueling_ddqn_per] seed 4 | ep    60/200 | eps=0.188 beta=0.471 | train_succ=1.00 heldout_succ=0.58 | learn_steps=12956
[v1_1/dueling_ddqn_per] seed 4 | ep    80/200 | eps=0.185 beta=0.462 | train_succ=1.00 heldout_succ=0.58 | learn_steps=16706
[v1_1/dueling_ddqn_per] seed 4 | ep   100/200 | eps=0.181 beta=0.452 | train_succ=1.00 heldout_succ=0.33 | learn_steps=20625
[v1_1/dueling_ddqn_per] seed 4 | ep   120/200 | eps=0.177 beta=0.443 | train_succ=1.00 heldout_succ=0.25 | learn_steps=24397
[v1_1/dueling_ddqn_per] seed 4 | ep   140/200 | eps=0.174 beta=0.435 | train_succ=1.00 heldout_succ=0.33 | learn_steps=28407
[v1_1/dueling_ddqn_per] seed 4 | ep   160/200 | eps=0.170 beta=0.426 | train_succ=1.00 heldout_succ=0.50 | learn_steps=32456
[v1_1/dueling_ddqn_per] seed 4 | ep   180/200 | eps=0.167 beta=0.418 | train_succ=1.00 heldout_succ=0.42 | learn_steps=36219
[v1_1/dueling_ddqn_per] seed 4 | ep   200/200 | eps=0.164 beta=0.409 | train_succ=1.00 heldout_succ=0.33 | learn_steps=39361
seed 4 | train_greedy=1.00 heldout_greedy=0.33 gap=0.67

========== v1_1/dueling_ddqn_per SUMMARY ==========
 seed version             algo  train_greedy_success  heldout_greedy_success  generalization_gap  final_train_episode_success  q_table_size  learn_steps
    0    v1_1 dueling_ddqn_per                 1.000                0.333333            0.666667                         0.47             0        39818
    1    v1_1 dueling_ddqn_per                 1.000                0.416667            0.583333                         0.43             0        39349
    2    v1_1 dueling_ddqn_per                 1.000                0.250000            0.750000                         0.47             0        38410
    3    v1_1 dueling_ddqn_per                 0.875                0.333333            0.541667                         0.48             0        39778
    4    v1_1 dueling_ddqn_per                 1.000                0.333333            0.666667                         0.39             0        39361

Held-out success by protocol:
protocol
P0    0.333
P1    0.333

Held-out success by fault:
fault
NONE    0.333

artifacts -> ./results/full_benchmark/V1.1/dueling_ddqn_per
