
=== v1_1/spie_dqn seed 0 (demo_configs=16, deep=True) ===
[v1_1/spie_dqn] seed 0 | ep    20/200 | eps=0.196 beta=0.490 | train_succ=1.00 heldout_succ=0.42 | learn_steps=5244
[v1_1/spie_dqn] seed 0 | ep    40/200 | eps=0.192 beta=0.480 | train_succ=1.00 heldout_succ=0.58 | learn_steps=9046
[v1_1/spie_dqn] seed 0 | ep    60/200 | eps=0.188 beta=0.471 | train_succ=1.00 heldout_succ=0.42 | learn_steps=13096
[v1_1/spie_dqn] seed 0 | ep    80/200 | eps=0.185 beta=0.462 | train_succ=1.00 heldout_succ=0.42 | learn_steps=17349
[v1_1/spie_dqn] seed 0 | ep   100/200 | eps=0.181 beta=0.452 | train_succ=1.00 heldout_succ=0.42 | learn_steps=21676
[v1_1/spie_dqn] seed 0 | ep   120/200 | eps=0.177 beta=0.443 | train_succ=1.00 heldout_succ=0.42 | learn_steps=26523
[v1_1/spie_dqn] seed 0 | ep   140/200 | eps=0.174 beta=0.435 | train_succ=1.00 heldout_succ=0.33 | learn_steps=31205
[v1_1/spie_dqn] seed 0 | ep   160/200 | eps=0.170 beta=0.426 | train_succ=1.00 heldout_succ=0.50 | learn_steps=35731
[v1_1/spie_dqn] seed 0 | ep   180/200 | eps=0.167 beta=0.418 | train_succ=1.00 heldout_succ=0.50 | learn_steps=39921
[v1_1/spie_dqn] seed 0 | ep   200/200 | eps=0.164 beta=0.409 | train_succ=1.00 heldout_succ=0.33 | learn_steps=44440
seed 0 | train_greedy=1.00 heldout_greedy=0.33 gap=0.67

=== v1_1/spie_dqn seed 1 (demo_configs=16, deep=True) ===
[v1_1/spie_dqn] seed 1 | ep    20/200 | eps=0.196 beta=0.490 | train_succ=0.94 heldout_succ=0.25 | learn_steps=4790
[v1_1/spie_dqn] seed 1 | ep    40/200 | eps=0.192 beta=0.480 | train_succ=1.00 heldout_succ=0.58 | learn_steps=9237
[v1_1/spie_dqn] seed 1 | ep    60/200 | eps=0.188 beta=0.471 | train_succ=1.00 heldout_succ=0.42 | learn_steps=13602
[v1_1/spie_dqn] seed 1 | ep    80/200 | eps=0.185 beta=0.462 | train_succ=1.00 heldout_succ=0.25 | learn_steps=17908
[v1_1/spie_dqn] seed 1 | ep   100/200 | eps=0.181 beta=0.452 | train_succ=1.00 heldout_succ=0.75 | learn_steps=21924
[v1_1/spie_dqn] seed 1 | ep   120/200 | eps=0.177 beta=0.443 | train_succ=1.00 heldout_succ=0.33 | learn_steps=26423
[v1_1/spie_dqn] seed 1 | ep   140/200 | eps=0.174 beta=0.435 | train_succ=1.00 heldout_succ=0.42 | learn_steps=30678
[v1_1/spie_dqn] seed 1 | ep   160/200 | eps=0.170 beta=0.426 | train_succ=1.00 heldout_succ=0.42 | learn_steps=35249
[v1_1/spie_dqn] seed 1 | ep   180/200 | eps=0.167 beta=0.418 | train_succ=1.00 heldout_succ=0.42 | learn_steps=39539
[v1_1/spie_dqn] seed 1 | ep   200/200 | eps=0.164 beta=0.409 | train_succ=1.00 heldout_succ=0.42 | learn_steps=44109
seed 1 | train_greedy=1.00 heldout_greedy=0.42 gap=0.58

=== v1_1/spie_dqn seed 2 (demo_configs=16, deep=True) ===
[v1_1/spie_dqn] seed 2 | ep    20/200 | eps=0.196 beta=0.490 | train_succ=1.00 heldout_succ=0.08 | learn_steps=4921
[v1_1/spie_dqn] seed 2 | ep    40/200 | eps=0.192 beta=0.480 | train_succ=1.00 heldout_succ=0.50 | learn_steps=8708
[v1_1/spie_dqn] seed 2 | ep    60/200 | eps=0.188 beta=0.471 | train_succ=1.00 heldout_succ=0.25 | learn_steps=13279
[v1_1/spie_dqn] seed 2 | ep    80/200 | eps=0.185 beta=0.462 | train_succ=1.00 heldout_succ=0.33 | learn_steps=17316
[v1_1/spie_dqn] seed 2 | ep   100/200 | eps=0.181 beta=0.452 | train_succ=1.00 heldout_succ=0.25 | learn_steps=21693
[v1_1/spie_dqn] seed 2 | ep   120/200 | eps=0.177 beta=0.443 | train_succ=1.00 heldout_succ=0.33 | learn_steps=25969
[v1_1/spie_dqn] seed 2 | ep   140/200 | eps=0.174 beta=0.435 | train_succ=1.00 heldout_succ=0.42 | learn_steps=30382
[v1_1/spie_dqn] seed 2 | ep   160/200 | eps=0.170 beta=0.426 | train_succ=1.00 heldout_succ=0.17 | learn_steps=34960
[v1_1/spie_dqn] seed 2 | ep   180/200 | eps=0.167 beta=0.418 | train_succ=1.00 heldout_succ=0.17 | learn_steps=39794
[v1_1/spie_dqn] seed 2 | ep   200/200 | eps=0.164 beta=0.409 | train_succ=1.00 heldout_succ=0.25 | learn_steps=44418
seed 2 | train_greedy=1.00 heldout_greedy=0.25 gap=0.75

=== v1_1/spie_dqn seed 3 (demo_configs=16, deep=True) ===
[v1_1/spie_dqn] seed 3 | ep    20/200 | eps=0.196 beta=0.490 | train_succ=0.88 heldout_succ=0.17 | learn_steps=5621
[v1_1/spie_dqn] seed 3 | ep    40/200 | eps=0.192 beta=0.480 | train_succ=0.88 heldout_succ=0.42 | learn_steps=10277
[v1_1/spie_dqn] seed 3 | ep    60/200 | eps=0.188 beta=0.471 | train_succ=0.88 heldout_succ=0.33 | learn_steps=14201
[v1_1/spie_dqn] seed 3 | ep    80/200 | eps=0.185 beta=0.462 | train_succ=0.94 heldout_succ=0.50 | learn_steps=18237
[v1_1/spie_dqn] seed 3 | ep   100/200 | eps=0.181 beta=0.452 | train_succ=0.94 heldout_succ=0.42 | learn_steps=22676
[v1_1/spie_dqn] seed 3 | ep   120/200 | eps=0.177 beta=0.443 | train_succ=0.88 heldout_succ=0.42 | learn_steps=26867
[v1_1/spie_dqn] seed 3 | ep   140/200 | eps=0.174 beta=0.435 | train_succ=0.94 heldout_succ=0.42 | learn_steps=31388
[v1_1/spie_dqn] seed 3 | ep   160/200 | eps=0.170 beta=0.426 | train_succ=0.88 heldout_succ=0.42 | learn_steps=35711
[v1_1/spie_dqn] seed 3 | ep   180/200 | eps=0.167 beta=0.418 | train_succ=0.88 heldout_succ=0.42 | learn_steps=40675
[v1_1/spie_dqn] seed 3 | ep   200/200 | eps=0.164 beta=0.409 | train_succ=0.88 heldout_succ=0.42 | learn_steps=45108
seed 3 | train_greedy=0.88 heldout_greedy=0.42 gap=0.46

=== v1_1/spie_dqn seed 4 (demo_configs=16, deep=True) ===
[v1_1/spie_dqn] seed 4 | ep    20/200 | eps=0.196 beta=0.490 | train_succ=0.94 heldout_succ=0.25 | learn_steps=4633
[v1_1/spie_dqn] seed 4 | ep    40/200 | eps=0.192 beta=0.480 | train_succ=1.00 heldout_succ=0.42 | learn_steps=8975
[v1_1/spie_dqn] seed 4 | ep    60/200 | eps=0.188 beta=0.471 | train_succ=0.94 heldout_succ=0.33 | learn_steps=13412
[v1_1/spie_dqn] seed 4 | ep    80/200 | eps=0.185 beta=0.462 | train_succ=1.00 heldout_succ=0.25 | learn_steps=17763
[v1_1/spie_dqn] seed 4 | ep   100/200 | eps=0.181 beta=0.452 | train_succ=1.00 heldout_succ=0.17 | learn_steps=22160
[v1_1/spie_dqn] seed 4 | ep   120/200 | eps=0.177 beta=0.443 | train_succ=1.00 heldout_succ=0.17 | learn_steps=26012
[v1_1/spie_dqn] seed 4 | ep   140/200 | eps=0.174 beta=0.435 | train_succ=1.00 heldout_succ=0.33 | learn_steps=30469
[v1_1/spie_dqn] seed 4 | ep   160/200 | eps=0.170 beta=0.426 | train_succ=1.00 heldout_succ=0.33 | learn_steps=35077
[v1_1/spie_dqn] seed 4 | ep   180/200 | eps=0.167 beta=0.418 | train_succ=1.00 heldout_succ=0.33 | learn_steps=39538
[v1_1/spie_dqn] seed 4 | ep   200/200 | eps=0.164 beta=0.409 | train_succ=1.00 heldout_succ=0.33 | learn_steps=44013
seed 4 | train_greedy=1.00 heldout_greedy=0.33 gap=0.67

========== v1_1/spie_dqn SUMMARY ==========
 seed version     algo  train_greedy_success  heldout_greedy_success  generalization_gap  final_train_episode_success  q_table_size  learn_steps
    0    v1_1 spie_dqn                 1.000                0.333333            0.666667                         0.16             0        44440
    1    v1_1 spie_dqn                 1.000                0.416667            0.583333                         0.18             0        44109
    2    v1_1 spie_dqn                 1.000                0.250000            0.750000                         0.14             0        44418
    3    v1_1 spie_dqn                 0.875                0.416667            0.458333                         0.17             0        45108
    4    v1_1 spie_dqn                 1.000                0.333333            0.666667                         0.18             0        44013

Held-out success by protocol:
protocol
P0    0.407
P1    0.303

Held-out success by fault:
fault
NONE    0.35

artifacts -> ./results/full_benchmark/V1.1/spie_dqn
