
=== v1_1/sarsa seed 0 (demo_configs=16, deep=False) ===
[v1_1/sarsa] seed 0 | ep   300/3000 | eps=0.074 beta=0.370 | train_succ=1.00 heldout_succ=0.00 | q=6167
[v1_1/sarsa] seed 0 | ep   600/3000 | eps=0.055 beta=0.274 | train_succ=1.00 heldout_succ=0.00 | q=8934
[v1_1/sarsa] seed 0 | ep   900/3000 | eps=0.050 beta=0.203 | train_succ=1.00 heldout_succ=0.00 | q=10294
[v1_1/sarsa] seed 0 | ep  1200/3000 | eps=0.050 beta=0.151 | train_succ=1.00 heldout_succ=0.00 | q=11551
[v1_1/sarsa] seed 0 | ep  1500/3000 | eps=0.050 beta=0.111 | train_succ=1.00 heldout_succ=0.00 | q=13168
[v1_1/sarsa] seed 0 | ep  1800/3000 | eps=0.050 beta=0.083 | train_succ=1.00 heldout_succ=0.00 | q=14206
[v1_1/sarsa] seed 0 | ep  2100/3000 | eps=0.050 beta=0.061 | train_succ=1.00 heldout_succ=0.00 | q=15299
[v1_1/sarsa] seed 0 | ep  2400/3000 | eps=0.050 beta=0.045 | train_succ=0.88 heldout_succ=0.00 | q=17202
[v1_1/sarsa] seed 0 | ep  2700/3000 | eps=0.050 beta=0.034 | train_succ=0.75 heldout_succ=0.00 | q=18530
[v1_1/sarsa] seed 0 | ep  3000/3000 | eps=0.050 beta=0.025 | train_succ=0.75 heldout_succ=0.00 | q=19639
seed 0 | train_greedy=0.75 heldout_greedy=0.00 gap=0.75

=== v1_1/sarsa seed 1 (demo_configs=16, deep=False) ===
[v1_1/sarsa] seed 1 | ep   300/3000 | eps=0.074 beta=0.370 | train_succ=1.00 heldout_succ=0.00 | q=5597
[v1_1/sarsa] seed 1 | ep   600/3000 | eps=0.055 beta=0.274 | train_succ=1.00 heldout_succ=0.00 | q=8385
[v1_1/sarsa] seed 1 | ep   900/3000 | eps=0.050 beta=0.203 | train_succ=1.00 heldout_succ=0.00 | q=9829
[v1_1/sarsa] seed 1 | ep  1200/3000 | eps=0.050 beta=0.151 | train_succ=1.00 heldout_succ=0.00 | q=11479
[v1_1/sarsa] seed 1 | ep  1500/3000 | eps=0.050 beta=0.111 | train_succ=1.00 heldout_succ=0.00 | q=12833
[v1_1/sarsa] seed 1 | ep  1800/3000 | eps=0.050 beta=0.083 | train_succ=1.00 heldout_succ=0.00 | q=14233
[v1_1/sarsa] seed 1 | ep  2100/3000 | eps=0.050 beta=0.061 | train_succ=1.00 heldout_succ=0.00 | q=15563
[v1_1/sarsa] seed 1 | ep  2400/3000 | eps=0.050 beta=0.045 | train_succ=1.00 heldout_succ=0.00 | q=16580
[v1_1/sarsa] seed 1 | ep  2700/3000 | eps=0.050 beta=0.034 | train_succ=1.00 heldout_succ=0.00 | q=17544
[v1_1/sarsa] seed 1 | ep  3000/3000 | eps=0.050 beta=0.025 | train_succ=0.81 heldout_succ=0.00 | q=18961
seed 1 | train_greedy=0.81 heldout_greedy=0.00 gap=0.81

=== v1_1/sarsa seed 2 (demo_configs=16, deep=False) ===
[v1_1/sarsa] seed 2 | ep   300/3000 | eps=0.074 beta=0.370 | train_succ=1.00 heldout_succ=0.00 | q=6075
[v1_1/sarsa] seed 2 | ep   600/3000 | eps=0.055 beta=0.274 | train_succ=1.00 heldout_succ=0.00 | q=8487
[v1_1/sarsa] seed 2 | ep   900/3000 | eps=0.050 beta=0.203 | train_succ=1.00 heldout_succ=0.00 | q=10198
[v1_1/sarsa] seed 2 | ep  1200/3000 | eps=0.050 beta=0.151 | train_succ=1.00 heldout_succ=0.00 | q=11462
[v1_1/sarsa] seed 2 | ep  1500/3000 | eps=0.050 beta=0.111 | train_succ=1.00 heldout_succ=0.00 | q=12987
[v1_1/sarsa] seed 2 | ep  1800/3000 | eps=0.050 beta=0.083 | train_succ=1.00 heldout_succ=0.00 | q=14450
[v1_1/sarsa] seed 2 | ep  2100/3000 | eps=0.050 beta=0.061 | train_succ=1.00 heldout_succ=0.00 | q=16031
[v1_1/sarsa] seed 2 | ep  2400/3000 | eps=0.050 beta=0.045 | train_succ=1.00 heldout_succ=0.00 | q=16805
[v1_1/sarsa] seed 2 | ep  2700/3000 | eps=0.050 beta=0.034 | train_succ=1.00 heldout_succ=0.00 | q=17757
[v1_1/sarsa] seed 2 | ep  3000/3000 | eps=0.050 beta=0.025 | train_succ=0.88 heldout_succ=0.00 | q=19243
seed 2 | train_greedy=0.88 heldout_greedy=0.00 gap=0.88

=== v1_1/sarsa seed 3 (demo_configs=16, deep=False) ===
[v1_1/sarsa] seed 3 | ep   300/3000 | eps=0.074 beta=0.370 | train_succ=0.88 heldout_succ=0.00 | q=5491
[v1_1/sarsa] seed 3 | ep   600/3000 | eps=0.055 beta=0.274 | train_succ=0.88 heldout_succ=0.00 | q=8161
[v1_1/sarsa] seed 3 | ep   900/3000 | eps=0.050 beta=0.203 | train_succ=0.94 heldout_succ=0.00 | q=10445
[v1_1/sarsa] seed 3 | ep  1200/3000 | eps=0.050 beta=0.151 | train_succ=0.88 heldout_succ=0.00 | q=12322
[v1_1/sarsa] seed 3 | ep  1500/3000 | eps=0.050 beta=0.111 | train_succ=0.88 heldout_succ=0.00 | q=13671
[v1_1/sarsa] seed 3 | ep  1800/3000 | eps=0.050 beta=0.083 | train_succ=0.88 heldout_succ=0.00 | q=15168
[v1_1/sarsa] seed 3 | ep  2100/3000 | eps=0.050 beta=0.061 | train_succ=0.88 heldout_succ=0.00 | q=16537
[v1_1/sarsa] seed 3 | ep  2400/3000 | eps=0.050 beta=0.045 | train_succ=0.00 heldout_succ=0.00 | q=17783
[v1_1/sarsa] seed 3 | ep  2700/3000 | eps=0.050 beta=0.034 | train_succ=0.75 heldout_succ=0.00 | q=19334
[v1_1/sarsa] seed 3 | ep  3000/3000 | eps=0.050 beta=0.025 | train_succ=0.75 heldout_succ=0.00 | q=20419
seed 3 | train_greedy=0.75 heldout_greedy=0.00 gap=0.75

=== v1_1/sarsa seed 4 (demo_configs=16, deep=False) ===
[v1_1/sarsa] seed 4 | ep   300/3000 | eps=0.074 beta=0.370 | train_succ=1.00 heldout_succ=0.08 | q=5461
[v1_1/sarsa] seed 4 | ep   600/3000 | eps=0.055 beta=0.274 | train_succ=1.00 heldout_succ=0.08 | q=7710
[v1_1/sarsa] seed 4 | ep   900/3000 | eps=0.050 beta=0.203 | train_succ=1.00 heldout_succ=0.08 | q=9799
[v1_1/sarsa] seed 4 | ep  1200/3000 | eps=0.050 beta=0.151 | train_succ=1.00 heldout_succ=0.08 | q=11127
[v1_1/sarsa] seed 4 | ep  1500/3000 | eps=0.050 beta=0.111 | train_succ=1.00 heldout_succ=0.08 | q=12412
[v1_1/sarsa] seed 4 | ep  1800/3000 | eps=0.050 beta=0.083 | train_succ=1.00 heldout_succ=0.08 | q=13704
[v1_1/sarsa] seed 4 | ep  2100/3000 | eps=0.050 beta=0.061 | train_succ=1.00 heldout_succ=0.08 | q=15164
[v1_1/sarsa] seed 4 | ep  2400/3000 | eps=0.050 beta=0.045 | train_succ=1.00 heldout_succ=0.08 | q=16268
[v1_1/sarsa] seed 4 | ep  2700/3000 | eps=0.050 beta=0.034 | train_succ=1.00 heldout_succ=0.08 | q=17347
[v1_1/sarsa] seed 4 | ep  3000/3000 | eps=0.050 beta=0.025 | train_succ=1.00 heldout_succ=0.08 | q=18342
seed 4 | train_greedy=1.00 heldout_greedy=0.08 gap=0.92

========== v1_1/sarsa SUMMARY ==========
 seed version  algo  train_greedy_success  heldout_greedy_success  generalization_gap  final_train_episode_success  q_table_size  learn_steps
    0    v1_1 sarsa                0.7500                0.000000            0.750000                         0.91         19639            0
    1    v1_1 sarsa                0.8125                0.000000            0.812500                         0.81         18961            0
    2    v1_1 sarsa                0.8750                0.000000            0.875000                         0.90         19243            0
    3    v1_1 sarsa                0.7500                0.000000            0.750000                         0.90         20419            0
    4    v1_1 sarsa                1.0000                0.083333            0.916667                         0.92         18342            0

Held-out success by protocol:
protocol
P0    0.037
P1    0.000

Held-out success by fault:
fault
NONE    0.017

artifacts -> ./results/full_benchmark/V1.1/sarsa
