
=== v1_2/spie_dueling_ddqn_per seed 0 (demo_configs=16, deep=True) ===
[v1_2/spie_dueling_ddqn_per] seed 0 | ep    20/200 | eps=0.196 beta=0.490 | train_succ=1.00 heldout_succ=0.08 | learn_steps=4870
[v1_2/spie_dueling_ddqn_per] seed 0 | ep    40/200 | eps=0.192 beta=0.480 | train_succ=0.94 heldout_succ=0.17 | learn_steps=9094
[v1_2/spie_dueling_ddqn_per] seed 0 | ep    60/200 | eps=0.188 beta=0.471 | train_succ=1.00 heldout_succ=0.17 | learn_steps=13040
[v1_2/spie_dueling_ddqn_per] seed 0 | ep    80/200 | eps=0.185 beta=0.462 | train_succ=0.81 heldout_succ=0.08 | learn_steps=17852
[v1_2/spie_dueling_ddqn_per] seed 0 | ep   100/200 | eps=0.181 beta=0.452 | train_succ=1.00 heldout_succ=0.08 | learn_steps=21936
[v1_2/spie_dueling_ddqn_per] seed 0 | ep   120/200 | eps=0.177 beta=0.443 | train_succ=1.00 heldout_succ=0.17 | learn_steps=25771
[v1_2/spie_dueling_ddqn_per] seed 0 | ep   140/200 | eps=0.174 beta=0.435 | train_succ=1.00 heldout_succ=0.17 | learn_steps=29315
[v1_2/spie_dueling_ddqn_per] seed 0 | ep   160/200 | eps=0.170 beta=0.426 | train_succ=1.00 heldout_succ=0.08 | learn_steps=33178
[v1_2/spie_dueling_ddqn_per] seed 0 | ep   180/200 | eps=0.167 beta=0.418 | train_succ=0.94 heldout_succ=0.08 | learn_steps=37598
[v1_2/spie_dueling_ddqn_per] seed 0 | ep   200/200 | eps=0.164 beta=0.409 | train_succ=1.00 heldout_succ=0.08 | learn_steps=41094
seed 0 | train_greedy=1.00 heldout_greedy=0.08 gap=0.92

=== v1_2/spie_dueling_ddqn_per seed 1 (demo_configs=16, deep=True) ===
[v1_2/spie_dueling_ddqn_per] seed 1 | ep    20/200 | eps=0.196 beta=0.490 | train_succ=1.00 heldout_succ=0.08 | learn_steps=5275
[v1_2/spie_dueling_ddqn_per] seed 1 | ep    40/200 | eps=0.192 beta=0.480 | train_succ=1.00 heldout_succ=0.17 | learn_steps=9811
[v1_2/spie_dueling_ddqn_per] seed 1 | ep    60/200 | eps=0.188 beta=0.471 | train_succ=1.00 heldout_succ=0.33 | learn_steps=13967
[v1_2/spie_dueling_ddqn_per] seed 1 | ep    80/200 | eps=0.185 beta=0.462 | train_succ=1.00 heldout_succ=0.17 | learn_steps=17586
[v1_2/spie_dueling_ddqn_per] seed 1 | ep   100/200 | eps=0.181 beta=0.452 | train_succ=0.75 heldout_succ=0.08 | learn_steps=21811
[v1_2/spie_dueling_ddqn_per] seed 1 | ep   120/200 | eps=0.177 beta=0.443 | train_succ=1.00 heldout_succ=0.17 | learn_steps=26387
[v1_2/spie_dueling_ddqn_per] seed 1 | ep   140/200 | eps=0.174 beta=0.435 | train_succ=1.00 heldout_succ=0.08 | learn_steps=30111
[v1_2/spie_dueling_ddqn_per] seed 1 | ep   160/200 | eps=0.170 beta=0.426 | train_succ=1.00 heldout_succ=0.08 | learn_steps=33992
[v1_2/spie_dueling_ddqn_per] seed 1 | ep   180/200 | eps=0.167 beta=0.418 | train_succ=1.00 heldout_succ=0.08 | learn_steps=37635
[v1_2/spie_dueling_ddqn_per] seed 1 | ep   200/200 | eps=0.164 beta=0.409 | train_succ=0.88 heldout_succ=0.25 | learn_steps=41489
seed 1 | train_greedy=0.88 heldout_greedy=0.25 gap=0.62

=== v1_2/spie_dueling_ddqn_per seed 2 (demo_configs=16, deep=True) ===
[v1_2/spie_dueling_ddqn_per] seed 2 | ep    20/200 | eps=0.196 beta=0.490 | train_succ=1.00 heldout_succ=0.17 | learn_steps=5151
[v1_2/spie_dueling_ddqn_per] seed 2 | ep    40/200 | eps=0.192 beta=0.480 | train_succ=1.00 heldout_succ=0.08 | learn_steps=9409
[v1_2/spie_dueling_ddqn_per] seed 2 | ep    60/200 | eps=0.188 beta=0.471 | train_succ=0.88 heldout_succ=0.08 | learn_steps=13797
[v1_2/spie_dueling_ddqn_per] seed 2 | ep    80/200 | eps=0.185 beta=0.462 | train_succ=0.94 heldout_succ=0.17 | learn_steps=18014
[v1_2/spie_dueling_ddqn_per] seed 2 | ep   100/200 | eps=0.181 beta=0.452 | train_succ=1.00 heldout_succ=0.08 | learn_steps=21790
[v1_2/spie_dueling_ddqn_per] seed 2 | ep   120/200 | eps=0.177 beta=0.443 | train_succ=1.00 heldout_succ=0.00 | learn_steps=26067
[v1_2/spie_dueling_ddqn_per] seed 2 | ep   140/200 | eps=0.174 beta=0.435 | train_succ=1.00 heldout_succ=0.17 | learn_steps=30183
[v1_2/spie_dueling_ddqn_per] seed 2 | ep   160/200 | eps=0.170 beta=0.426 | train_succ=1.00 heldout_succ=0.08 | learn_steps=33670
[v1_2/spie_dueling_ddqn_per] seed 2 | ep   180/200 | eps=0.167 beta=0.418 | train_succ=1.00 heldout_succ=0.17 | learn_steps=37715
[v1_2/spie_dueling_ddqn_per] seed 2 | ep   200/200 | eps=0.164 beta=0.409 | train_succ=1.00 heldout_succ=0.00 | learn_steps=42090
seed 2 | train_greedy=1.00 heldout_greedy=0.00 gap=1.00

=== v1_2/spie_dueling_ddqn_per seed 3 (demo_configs=16, deep=True) ===
[v1_2/spie_dueling_ddqn_per] seed 3 | ep    20/200 | eps=0.196 beta=0.490 | train_succ=1.00 heldout_succ=0.00 | learn_steps=5013
[v1_2/spie_dueling_ddqn_per] seed 3 | ep    40/200 | eps=0.192 beta=0.480 | train_succ=1.00 heldout_succ=0.00 | learn_steps=9339
[v1_2/spie_dueling_ddqn_per] seed 3 | ep    60/200 | eps=0.188 beta=0.471 | train_succ=1.00 heldout_succ=0.08 | learn_steps=12650
[v1_2/spie_dueling_ddqn_per] seed 3 | ep    80/200 | eps=0.185 beta=0.462 | train_succ=0.94 heldout_succ=0.00 | learn_steps=16646
[v1_2/spie_dueling_ddqn_per] seed 3 | ep   100/200 | eps=0.181 beta=0.452 | train_succ=1.00 heldout_succ=0.17 | learn_steps=20404
[v1_2/spie_dueling_ddqn_per] seed 3 | ep   120/200 | eps=0.177 beta=0.443 | train_succ=0.94 heldout_succ=0.25 | learn_steps=24029
[v1_2/spie_dueling_ddqn_per] seed 3 | ep   140/200 | eps=0.174 beta=0.435 | train_succ=1.00 heldout_succ=0.33 | learn_steps=28606
[v1_2/spie_dueling_ddqn_per] seed 3 | ep   160/200 | eps=0.170 beta=0.426 | train_succ=1.00 heldout_succ=0.17 | learn_steps=32106
[v1_2/spie_dueling_ddqn_per] seed 3 | ep   180/200 | eps=0.167 beta=0.418 | train_succ=1.00 heldout_succ=0.17 | learn_steps=35421
[v1_2/spie_dueling_ddqn_per] seed 3 | ep   200/200 | eps=0.164 beta=0.409 | train_succ=0.94 heldout_succ=0.08 | learn_steps=39278
seed 3 | train_greedy=0.94 heldout_greedy=0.08 gap=0.85

=== v1_2/spie_dueling_ddqn_per seed 4 (demo_configs=16, deep=True) ===
[v1_2/spie_dueling_ddqn_per] seed 4 | ep    20/200 | eps=0.196 beta=0.490 | train_succ=1.00 heldout_succ=0.00 | learn_steps=4938
[v1_2/spie_dueling_ddqn_per] seed 4 | ep    40/200 | eps=0.192 beta=0.480 | train_succ=1.00 heldout_succ=0.00 | learn_steps=9133
[v1_2/spie_dueling_ddqn_per] seed 4 | ep    60/200 | eps=0.188 beta=0.471 | train_succ=1.00 heldout_succ=0.00 | learn_steps=13163
[v1_2/spie_dueling_ddqn_per] seed 4 | ep    80/200 | eps=0.185 beta=0.462 | train_succ=0.94 heldout_succ=0.00 | learn_steps=17248
[v1_2/spie_dueling_ddqn_per] seed 4 | ep   100/200 | eps=0.181 beta=0.452 | train_succ=0.88 heldout_succ=0.08 | learn_steps=21074
[v1_2/spie_dueling_ddqn_per] seed 4 | ep   120/200 | eps=0.177 beta=0.443 | train_succ=1.00 heldout_succ=0.00 | learn_steps=25323
[v1_2/spie_dueling_ddqn_per] seed 4 | ep   140/200 | eps=0.174 beta=0.435 | train_succ=0.88 heldout_succ=0.00 | learn_steps=29378
[v1_2/spie_dueling_ddqn_per] seed 4 | ep   160/200 | eps=0.170 beta=0.426 | train_succ=1.00 heldout_succ=0.08 | learn_steps=33428
[v1_2/spie_dueling_ddqn_per] seed 4 | ep   180/200 | eps=0.167 beta=0.418 | train_succ=1.00 heldout_succ=0.08 | learn_steps=37155
[v1_2/spie_dueling_ddqn_per] seed 4 | ep   200/200 | eps=0.164 beta=0.409 | train_succ=1.00 heldout_succ=0.08 | learn_steps=41064
seed 4 | train_greedy=1.00 heldout_greedy=0.08 gap=0.92

========== v1_2/spie_dueling_ddqn_per SUMMARY ==========
 seed version                  algo  train_greedy_success  heldout_greedy_success  generalization_gap  final_train_episode_success  q_table_size  learn_steps
    0    v1_2 spie_dueling_ddqn_per                1.0000                0.083333            0.916667                         0.34             0        41094
    1    v1_2 spie_dueling_ddqn_per                0.8750                0.250000            0.625000                         0.29             0        41489
    2    v1_2 spie_dueling_ddqn_per                1.0000                0.000000            1.000000                         0.30             0        42090
    3    v1_2 spie_dueling_ddqn_per                0.9375                0.083333            0.854167                         0.33             0        39278
    4    v1_2 spie_dueling_ddqn_per                1.0000                0.083333            0.916667                         0.28             0        41064

Held-out success by protocol:
protocol
P0    0.062
P1    0.174
P2    0.048

Held-out success by fault:
fault
NONE    0.1

artifacts -> ./results/full_benchmark/V1.2/spie_dueling_ddqn_per
