
=== v1_2/spie_q seed 0 (demo_configs=16, deep=False) ===
[v1_2/spie_q] seed 0 | ep   300/3000 | eps=0.074 beta=0.370 | train_succ=1.00 heldout_succ=0.00 | q=3274
[v1_2/spie_q] seed 0 | ep   600/3000 | eps=0.055 beta=0.274 | train_succ=1.00 heldout_succ=0.00 | q=4219
[v1_2/spie_q] seed 0 | ep   900/3000 | eps=0.050 beta=0.203 | train_succ=1.00 heldout_succ=0.00 | q=4851
[v1_2/spie_q] seed 0 | ep  1200/3000 | eps=0.050 beta=0.151 | train_succ=1.00 heldout_succ=0.00 | q=5510
[v1_2/spie_q] seed 0 | ep  1500/3000 | eps=0.050 beta=0.111 | train_succ=1.00 heldout_succ=0.00 | q=6044
[v1_2/spie_q] seed 0 | ep  1800/3000 | eps=0.050 beta=0.083 | train_succ=1.00 heldout_succ=0.00 | q=6627
[v1_2/spie_q] seed 0 | ep  2100/3000 | eps=0.050 beta=0.061 | train_succ=1.00 heldout_succ=0.00 | q=7091
[v1_2/spie_q] seed 0 | ep  2400/3000 | eps=0.050 beta=0.045 | train_succ=1.00 heldout_succ=0.00 | q=7883
[v1_2/spie_q] seed 0 | ep  2700/3000 | eps=0.050 beta=0.034 | train_succ=1.00 heldout_succ=0.00 | q=9255
[v1_2/spie_q] seed 0 | ep  3000/3000 | eps=0.050 beta=0.025 | train_succ=1.00 heldout_succ=0.00 | q=10630
seed 0 | train_greedy=1.00 heldout_greedy=0.00 gap=1.00

=== v1_2/spie_q seed 1 (demo_configs=16, deep=False) ===
[v1_2/spie_q] seed 1 | ep   300/3000 | eps=0.074 beta=0.370 | train_succ=1.00 heldout_succ=0.08 | q=3224
[v1_2/spie_q] seed 1 | ep   600/3000 | eps=0.055 beta=0.274 | train_succ=1.00 heldout_succ=0.08 | q=4180
[v1_2/spie_q] seed 1 | ep   900/3000 | eps=0.050 beta=0.203 | train_succ=1.00 heldout_succ=0.08 | q=4866
[v1_2/spie_q] seed 1 | ep  1200/3000 | eps=0.050 beta=0.151 | train_succ=1.00 heldout_succ=0.08 | q=5469
[v1_2/spie_q] seed 1 | ep  1500/3000 | eps=0.050 beta=0.111 | train_succ=1.00 heldout_succ=0.08 | q=6076
[v1_2/spie_q] seed 1 | ep  1800/3000 | eps=0.050 beta=0.083 | train_succ=1.00 heldout_succ=0.08 | q=6617
[v1_2/spie_q] seed 1 | ep  2100/3000 | eps=0.050 beta=0.061 | train_succ=1.00 heldout_succ=0.08 | q=7197
[v1_2/spie_q] seed 1 | ep  2400/3000 | eps=0.050 beta=0.045 | train_succ=1.00 heldout_succ=0.08 | q=8065
[v1_2/spie_q] seed 1 | ep  2700/3000 | eps=0.050 beta=0.034 | train_succ=1.00 heldout_succ=0.08 | q=9431
[v1_2/spie_q] seed 1 | ep  3000/3000 | eps=0.050 beta=0.025 | train_succ=1.00 heldout_succ=0.08 | q=10964
seed 1 | train_greedy=1.00 heldout_greedy=0.08 gap=0.92

=== v1_2/spie_q seed 2 (demo_configs=16, deep=False) ===
[v1_2/spie_q] seed 2 | ep   300/3000 | eps=0.074 beta=0.370 | train_succ=1.00 heldout_succ=0.00 | q=3435
[v1_2/spie_q] seed 2 | ep   600/3000 | eps=0.055 beta=0.274 | train_succ=1.00 heldout_succ=0.00 | q=4371
[v1_2/spie_q] seed 2 | ep   900/3000 | eps=0.050 beta=0.203 | train_succ=1.00 heldout_succ=0.00 | q=4998
[v1_2/spie_q] seed 2 | ep  1200/3000 | eps=0.050 beta=0.151 | train_succ=1.00 heldout_succ=0.00 | q=5617
[v1_2/spie_q] seed 2 | ep  1500/3000 | eps=0.050 beta=0.111 | train_succ=1.00 heldout_succ=0.00 | q=6176
[v1_2/spie_q] seed 2 | ep  1800/3000 | eps=0.050 beta=0.083 | train_succ=1.00 heldout_succ=0.00 | q=6590
[v1_2/spie_q] seed 2 | ep  2100/3000 | eps=0.050 beta=0.061 | train_succ=1.00 heldout_succ=0.00 | q=7206
[v1_2/spie_q] seed 2 | ep  2400/3000 | eps=0.050 beta=0.045 | train_succ=1.00 heldout_succ=0.00 | q=8163
[v1_2/spie_q] seed 2 | ep  2700/3000 | eps=0.050 beta=0.034 | train_succ=1.00 heldout_succ=0.00 | q=9262
[v1_2/spie_q] seed 2 | ep  3000/3000 | eps=0.050 beta=0.025 | train_succ=1.00 heldout_succ=0.00 | q=10320
seed 2 | train_greedy=1.00 heldout_greedy=0.00 gap=1.00

=== v1_2/spie_q seed 3 (demo_configs=16, deep=False) ===
[v1_2/spie_q] seed 3 | ep   300/3000 | eps=0.074 beta=0.370 | train_succ=1.00 heldout_succ=0.00 | q=3456
[v1_2/spie_q] seed 3 | ep   600/3000 | eps=0.055 beta=0.274 | train_succ=1.00 heldout_succ=0.00 | q=4352
[v1_2/spie_q] seed 3 | ep   900/3000 | eps=0.050 beta=0.203 | train_succ=1.00 heldout_succ=0.00 | q=5039
[v1_2/spie_q] seed 3 | ep  1200/3000 | eps=0.050 beta=0.151 | train_succ=1.00 heldout_succ=0.00 | q=5618
[v1_2/spie_q] seed 3 | ep  1500/3000 | eps=0.050 beta=0.111 | train_succ=1.00 heldout_succ=0.00 | q=6200
[v1_2/spie_q] seed 3 | ep  1800/3000 | eps=0.050 beta=0.083 | train_succ=1.00 heldout_succ=0.00 | q=6722
[v1_2/spie_q] seed 3 | ep  2100/3000 | eps=0.050 beta=0.061 | train_succ=1.00 heldout_succ=0.00 | q=7248
[v1_2/spie_q] seed 3 | ep  2400/3000 | eps=0.050 beta=0.045 | train_succ=1.00 heldout_succ=0.00 | q=8161
[v1_2/spie_q] seed 3 | ep  2700/3000 | eps=0.050 beta=0.034 | train_succ=1.00 heldout_succ=0.00 | q=9234
[v1_2/spie_q] seed 3 | ep  3000/3000 | eps=0.050 beta=0.025 | train_succ=1.00 heldout_succ=0.00 | q=10566
seed 3 | train_greedy=1.00 heldout_greedy=0.00 gap=1.00

=== v1_2/spie_q seed 4 (demo_configs=16, deep=False) ===
[v1_2/spie_q] seed 4 | ep   300/3000 | eps=0.074 beta=0.370 | train_succ=1.00 heldout_succ=0.00 | q=3139
[v1_2/spie_q] seed 4 | ep   600/3000 | eps=0.055 beta=0.274 | train_succ=1.00 heldout_succ=0.00 | q=4120
[v1_2/spie_q] seed 4 | ep   900/3000 | eps=0.050 beta=0.203 | train_succ=1.00 heldout_succ=0.00 | q=4702
[v1_2/spie_q] seed 4 | ep  1200/3000 | eps=0.050 beta=0.151 | train_succ=1.00 heldout_succ=0.00 | q=5278
[v1_2/spie_q] seed 4 | ep  1500/3000 | eps=0.050 beta=0.111 | train_succ=1.00 heldout_succ=0.00 | q=5764
[v1_2/spie_q] seed 4 | ep  1800/3000 | eps=0.050 beta=0.083 | train_succ=1.00 heldout_succ=0.00 | q=6261
[v1_2/spie_q] seed 4 | ep  2100/3000 | eps=0.050 beta=0.061 | train_succ=1.00 heldout_succ=0.00 | q=6730
[v1_2/spie_q] seed 4 | ep  2400/3000 | eps=0.050 beta=0.045 | train_succ=1.00 heldout_succ=0.00 | q=7323
[v1_2/spie_q] seed 4 | ep  2700/3000 | eps=0.050 beta=0.034 | train_succ=1.00 heldout_succ=0.00 | q=8342
[v1_2/spie_q] seed 4 | ep  3000/3000 | eps=0.050 beta=0.025 | train_succ=1.00 heldout_succ=0.00 | q=9400
seed 4 | train_greedy=1.00 heldout_greedy=0.00 gap=1.00

========== v1_2/spie_q SUMMARY ==========
 seed version   algo  train_greedy_success  heldout_greedy_success  generalization_gap  final_train_episode_success  q_table_size  learn_steps
    0    v1_2 spie_q                   1.0                0.000000            1.000000                         0.70         10630            0
    1    v1_2 spie_q                   1.0                0.083333            0.916667                         0.64         10964            0
    2    v1_2 spie_q                   1.0                0.000000            1.000000                         0.77         10320            0
    3    v1_2 spie_q                   1.0                0.000000            1.000000                         0.72         10566            0
    4    v1_2 spie_q                   1.0                0.000000            1.000000                         0.73          9400            0

Held-out success by protocol:
protocol
P0    0.000
P1    0.043
P2    0.000

Held-out success by fault:
fault
NONE    0.017

artifacts -> ./results/full_benchmark/V1.2/spie_q
