
=== v1_2/dueling_ddqn_per seed 0 (demo_configs=16, deep=True) ===
[v1_2/dueling_ddqn_per] seed 0 | ep    20/200 | eps=0.196 beta=0.490 | train_succ=1.00 heldout_succ=0.17 | learn_steps=4945
[v1_2/dueling_ddqn_per] seed 0 | ep    40/200 | eps=0.192 beta=0.480 | train_succ=1.00 heldout_succ=0.08 | learn_steps=8600
[v1_2/dueling_ddqn_per] seed 0 | ep    60/200 | eps=0.188 beta=0.471 | train_succ=1.00 heldout_succ=0.08 | learn_steps=12019
[v1_2/dueling_ddqn_per] seed 0 | ep    80/200 | eps=0.185 beta=0.462 | train_succ=1.00 heldout_succ=0.17 | learn_steps=16233
[v1_2/dueling_ddqn_per] seed 0 | ep   100/200 | eps=0.181 beta=0.452 | train_succ=1.00 heldout_succ=0.08 | learn_steps=20337
[v1_2/dueling_ddqn_per] seed 0 | ep   120/200 | eps=0.177 beta=0.443 | train_succ=1.00 heldout_succ=0.25 | learn_steps=24856
[v1_2/dueling_ddqn_per] seed 0 | ep   140/200 | eps=0.174 beta=0.435 | train_succ=1.00 heldout_succ=0.08 | learn_steps=28145
[v1_2/dueling_ddqn_per] seed 0 | ep   160/200 | eps=0.170 beta=0.426 | train_succ=0.94 heldout_succ=0.00 | learn_steps=31901
[v1_2/dueling_ddqn_per] seed 0 | ep   180/200 | eps=0.167 beta=0.418 | train_succ=1.00 heldout_succ=0.00 | learn_steps=35496
[v1_2/dueling_ddqn_per] seed 0 | ep   200/200 | eps=0.164 beta=0.409 | train_succ=1.00 heldout_succ=0.17 | learn_steps=38633
seed 0 | train_greedy=1.00 heldout_greedy=0.17 gap=0.83

=== v1_2/dueling_ddqn_per seed 1 (demo_configs=16, deep=True) ===
[v1_2/dueling_ddqn_per] seed 1 | ep    20/200 | eps=0.196 beta=0.490 | train_succ=1.00 heldout_succ=0.08 | learn_steps=4811
[v1_2/dueling_ddqn_per] seed 1 | ep    40/200 | eps=0.192 beta=0.480 | train_succ=1.00 heldout_succ=0.17 | learn_steps=8874
[v1_2/dueling_ddqn_per] seed 1 | ep    60/200 | eps=0.188 beta=0.471 | train_succ=1.00 heldout_succ=0.08 | learn_steps=12887
[v1_2/dueling_ddqn_per] seed 1 | ep    80/200 | eps=0.185 beta=0.462 | train_succ=0.94 heldout_succ=0.08 | learn_steps=16735
[v1_2/dueling_ddqn_per] seed 1 | ep   100/200 | eps=0.181 beta=0.452 | train_succ=1.00 heldout_succ=0.17 | learn_steps=20713
[v1_2/dueling_ddqn_per] seed 1 | ep   120/200 | eps=0.177 beta=0.443 | train_succ=1.00 heldout_succ=0.08 | learn_steps=25022
[v1_2/dueling_ddqn_per] seed 1 | ep   140/200 | eps=0.174 beta=0.435 | train_succ=1.00 heldout_succ=0.25 | learn_steps=29458
[v1_2/dueling_ddqn_per] seed 1 | ep   160/200 | eps=0.170 beta=0.426 | train_succ=1.00 heldout_succ=0.08 | learn_steps=32985
[v1_2/dueling_ddqn_per] seed 1 | ep   180/200 | eps=0.167 beta=0.418 | train_succ=1.00 heldout_succ=0.17 | learn_steps=36607
[v1_2/dueling_ddqn_per] seed 1 | ep   200/200 | eps=0.164 beta=0.409 | train_succ=1.00 heldout_succ=0.17 | learn_steps=40742
seed 1 | train_greedy=1.00 heldout_greedy=0.17 gap=0.83

=== v1_2/dueling_ddqn_per seed 2 (demo_configs=16, deep=True) ===
[v1_2/dueling_ddqn_per] seed 2 | ep    20/200 | eps=0.196 beta=0.490 | train_succ=1.00 heldout_succ=0.25 | learn_steps=4943
[v1_2/dueling_ddqn_per] seed 2 | ep    40/200 | eps=0.192 beta=0.480 | train_succ=1.00 heldout_succ=0.17 | learn_steps=9183
[v1_2/dueling_ddqn_per] seed 2 | ep    60/200 | eps=0.188 beta=0.471 | train_succ=1.00 heldout_succ=0.00 | learn_steps=13175
[v1_2/dueling_ddqn_per] seed 2 | ep    80/200 | eps=0.185 beta=0.462 | train_succ=1.00 heldout_succ=0.25 | learn_steps=17851
[v1_2/dueling_ddqn_per] seed 2 | ep   100/200 | eps=0.181 beta=0.452 | train_succ=1.00 heldout_succ=0.17 | learn_steps=21489
[v1_2/dueling_ddqn_per] seed 2 | ep   120/200 | eps=0.177 beta=0.443 | train_succ=1.00 heldout_succ=0.08 | learn_steps=25090
[v1_2/dueling_ddqn_per] seed 2 | ep   140/200 | eps=0.174 beta=0.435 | train_succ=1.00 heldout_succ=0.08 | learn_steps=28172
[v1_2/dueling_ddqn_per] seed 2 | ep   160/200 | eps=0.170 beta=0.426 | train_succ=1.00 heldout_succ=0.08 | learn_steps=32183
[v1_2/dueling_ddqn_per] seed 2 | ep   180/200 | eps=0.167 beta=0.418 | train_succ=1.00 heldout_succ=0.17 | learn_steps=35828
[v1_2/dueling_ddqn_per] seed 2 | ep   200/200 | eps=0.164 beta=0.409 | train_succ=1.00 heldout_succ=0.25 | learn_steps=39463
seed 2 | train_greedy=1.00 heldout_greedy=0.25 gap=0.75

=== v1_2/dueling_ddqn_per seed 3 (demo_configs=16, deep=True) ===
[v1_2/dueling_ddqn_per] seed 3 | ep    20/200 | eps=0.196 beta=0.490 | train_succ=1.00 heldout_succ=0.17 | learn_steps=4643
[v1_2/dueling_ddqn_per] seed 3 | ep    40/200 | eps=0.192 beta=0.480 | train_succ=1.00 heldout_succ=0.00 | learn_steps=8712
[v1_2/dueling_ddqn_per] seed 3 | ep    60/200 | eps=0.188 beta=0.471 | train_succ=1.00 heldout_succ=0.08 | learn_steps=12871
[v1_2/dueling_ddqn_per] seed 3 | ep    80/200 | eps=0.185 beta=0.462 | train_succ=1.00 heldout_succ=0.17 | learn_steps=16907
[v1_2/dueling_ddqn_per] seed 3 | ep   100/200 | eps=0.181 beta=0.452 | train_succ=1.00 heldout_succ=0.08 | learn_steps=21025
[v1_2/dueling_ddqn_per] seed 3 | ep   120/200 | eps=0.177 beta=0.443 | train_succ=1.00 heldout_succ=0.08 | learn_steps=25048
[v1_2/dueling_ddqn_per] seed 3 | ep   140/200 | eps=0.174 beta=0.435 | train_succ=1.00 heldout_succ=0.17 | learn_steps=28664
[v1_2/dueling_ddqn_per] seed 3 | ep   160/200 | eps=0.170 beta=0.426 | train_succ=0.94 heldout_succ=0.25 | learn_steps=32217
[v1_2/dueling_ddqn_per] seed 3 | ep   180/200 | eps=0.167 beta=0.418 | train_succ=0.94 heldout_succ=0.17 | learn_steps=35603
[v1_2/dueling_ddqn_per] seed 3 | ep   200/200 | eps=0.164 beta=0.409 | train_succ=1.00 heldout_succ=0.08 | learn_steps=39482
seed 3 | train_greedy=1.00 heldout_greedy=0.08 gap=0.92

=== v1_2/dueling_ddqn_per seed 4 (demo_configs=16, deep=True) ===
[v1_2/dueling_ddqn_per] seed 4 | ep    20/200 | eps=0.196 beta=0.490 | train_succ=1.00 heldout_succ=0.17 | learn_steps=5222
[v1_2/dueling_ddqn_per] seed 4 | ep    40/200 | eps=0.192 beta=0.480 | train_succ=1.00 heldout_succ=0.00 | learn_steps=8552
[v1_2/dueling_ddqn_per] seed 4 | ep    60/200 | eps=0.188 beta=0.471 | train_succ=1.00 heldout_succ=0.08 | learn_steps=12389
[v1_2/dueling_ddqn_per] seed 4 | ep    80/200 | eps=0.185 beta=0.462 | train_succ=1.00 heldout_succ=0.00 | learn_steps=15897
[v1_2/dueling_ddqn_per] seed 4 | ep   100/200 | eps=0.181 beta=0.452 | train_succ=0.94 heldout_succ=0.00 | learn_steps=19977
[v1_2/dueling_ddqn_per] seed 4 | ep   120/200 | eps=0.177 beta=0.443 | train_succ=1.00 heldout_succ=0.00 | learn_steps=23824
[v1_2/dueling_ddqn_per] seed 4 | ep   140/200 | eps=0.174 beta=0.435 | train_succ=1.00 heldout_succ=0.00 | learn_steps=27069
[v1_2/dueling_ddqn_per] seed 4 | ep   160/200 | eps=0.170 beta=0.426 | train_succ=1.00 heldout_succ=0.00 | learn_steps=31128
[v1_2/dueling_ddqn_per] seed 4 | ep   180/200 | eps=0.167 beta=0.418 | train_succ=0.88 heldout_succ=0.00 | learn_steps=34479
[v1_2/dueling_ddqn_per] seed 4 | ep   200/200 | eps=0.164 beta=0.409 | train_succ=0.88 heldout_succ=0.08 | learn_steps=38196
seed 4 | train_greedy=0.88 heldout_greedy=0.08 gap=0.79

========== v1_2/dueling_ddqn_per SUMMARY ==========
 seed version             algo  train_greedy_success  heldout_greedy_success  generalization_gap  final_train_episode_success  q_table_size  learn_steps
    0    v1_2 dueling_ddqn_per                 1.000                0.166667            0.833333                         0.37             0        38633
    1    v1_2 dueling_ddqn_per                 1.000                0.166667            0.833333                         0.28             0        40742
    2    v1_2 dueling_ddqn_per                 1.000                0.250000            0.750000                         0.44             0        39463
    3    v1_2 dueling_ddqn_per                 1.000                0.083333            0.916667                         0.41             0        39482
    4    v1_2 dueling_ddqn_per                 0.875                0.083333            0.791667                         0.43             0        38196

Held-out success by protocol:
protocol
P0    0.125
P1    0.261
P2    0.048

Held-out success by fault:
fault
NONE    0.15

artifacts -> ./results/full_benchmark/V1.2/dueling_ddqn_per
