
=== v1_2/expected_sarsa seed 0 (demo_configs=16, deep=False) ===
[v1_2/expected_sarsa] seed 0 | ep   300/3000 | eps=0.074 beta=0.370 | train_succ=1.00 heldout_succ=0.00 | q=7493
[v1_2/expected_sarsa] seed 0 | ep   600/3000 | eps=0.055 beta=0.274 | train_succ=1.00 heldout_succ=0.00 | q=11668
[v1_2/expected_sarsa] seed 0 | ep   900/3000 | eps=0.050 beta=0.203 | train_succ=1.00 heldout_succ=0.00 | q=14673
[v1_2/expected_sarsa] seed 0 | ep  1200/3000 | eps=0.050 beta=0.151 | train_succ=1.00 heldout_succ=0.00 | q=17621
[v1_2/expected_sarsa] seed 0 | ep  1500/3000 | eps=0.050 beta=0.111 | train_succ=1.00 heldout_succ=0.00 | q=19559
[v1_2/expected_sarsa] seed 0 | ep  1800/3000 | eps=0.050 beta=0.083 | train_succ=1.00 heldout_succ=0.00 | q=21821
[v1_2/expected_sarsa] seed 0 | ep  2100/3000 | eps=0.050 beta=0.061 | train_succ=1.00 heldout_succ=0.00 | q=23122
[v1_2/expected_sarsa] seed 0 | ep  2400/3000 | eps=0.050 beta=0.045 | train_succ=1.00 heldout_succ=0.00 | q=25414
[v1_2/expected_sarsa] seed 0 | ep  2700/3000 | eps=0.050 beta=0.034 | train_succ=0.88 heldout_succ=0.00 | q=27267
[v1_2/expected_sarsa] seed 0 | ep  3000/3000 | eps=0.050 beta=0.025 | train_succ=1.00 heldout_succ=0.00 | q=28324
seed 0 | train_greedy=1.00 heldout_greedy=0.00 gap=1.00

=== v1_2/expected_sarsa seed 1 (demo_configs=16, deep=False) ===
[v1_2/expected_sarsa] seed 1 | ep   300/3000 | eps=0.074 beta=0.370 | train_succ=1.00 heldout_succ=0.08 | q=7681
[v1_2/expected_sarsa] seed 1 | ep   600/3000 | eps=0.055 beta=0.274 | train_succ=1.00 heldout_succ=0.08 | q=11787
[v1_2/expected_sarsa] seed 1 | ep   900/3000 | eps=0.050 beta=0.203 | train_succ=1.00 heldout_succ=0.08 | q=14215
[v1_2/expected_sarsa] seed 1 | ep  1200/3000 | eps=0.050 beta=0.151 | train_succ=1.00 heldout_succ=0.08 | q=16923
[v1_2/expected_sarsa] seed 1 | ep  1500/3000 | eps=0.050 beta=0.111 | train_succ=1.00 heldout_succ=0.08 | q=19464
[v1_2/expected_sarsa] seed 1 | ep  1800/3000 | eps=0.050 beta=0.083 | train_succ=1.00 heldout_succ=0.08 | q=21625
[v1_2/expected_sarsa] seed 1 | ep  2100/3000 | eps=0.050 beta=0.061 | train_succ=1.00 heldout_succ=0.08 | q=23382
[v1_2/expected_sarsa] seed 1 | ep  2400/3000 | eps=0.050 beta=0.045 | train_succ=1.00 heldout_succ=0.08 | q=25235
[v1_2/expected_sarsa] seed 1 | ep  2700/3000 | eps=0.050 beta=0.034 | train_succ=1.00 heldout_succ=0.08 | q=26678
[v1_2/expected_sarsa] seed 1 | ep  3000/3000 | eps=0.050 beta=0.025 | train_succ=1.00 heldout_succ=0.08 | q=28166
seed 1 | train_greedy=1.00 heldout_greedy=0.08 gap=0.92

=== v1_2/expected_sarsa seed 2 (demo_configs=16, deep=False) ===
[v1_2/expected_sarsa] seed 2 | ep   300/3000 | eps=0.074 beta=0.370 | train_succ=1.00 heldout_succ=0.00 | q=8074
[v1_2/expected_sarsa] seed 2 | ep   600/3000 | eps=0.055 beta=0.274 | train_succ=1.00 heldout_succ=0.00 | q=11336
[v1_2/expected_sarsa] seed 2 | ep   900/3000 | eps=0.050 beta=0.203 | train_succ=1.00 heldout_succ=0.00 | q=14350
[v1_2/expected_sarsa] seed 2 | ep  1200/3000 | eps=0.050 beta=0.151 | train_succ=1.00 heldout_succ=0.00 | q=16292
[v1_2/expected_sarsa] seed 2 | ep  1500/3000 | eps=0.050 beta=0.111 | train_succ=1.00 heldout_succ=0.00 | q=18599
[v1_2/expected_sarsa] seed 2 | ep  1800/3000 | eps=0.050 beta=0.083 | train_succ=1.00 heldout_succ=0.00 | q=20563
[v1_2/expected_sarsa] seed 2 | ep  2100/3000 | eps=0.050 beta=0.061 | train_succ=0.00 heldout_succ=0.00 | q=22779
[v1_2/expected_sarsa] seed 2 | ep  2400/3000 | eps=0.050 beta=0.045 | train_succ=1.00 heldout_succ=0.00 | q=24745
[v1_2/expected_sarsa] seed 2 | ep  2700/3000 | eps=0.050 beta=0.034 | train_succ=0.00 heldout_succ=0.00 | q=26763
[v1_2/expected_sarsa] seed 2 | ep  3000/3000 | eps=0.050 beta=0.025 | train_succ=0.00 heldout_succ=0.00 | q=28322
seed 2 | train_greedy=0.00 heldout_greedy=0.00 gap=0.00

=== v1_2/expected_sarsa seed 3 (demo_configs=16, deep=False) ===
[v1_2/expected_sarsa] seed 3 | ep   300/3000 | eps=0.074 beta=0.370 | train_succ=1.00 heldout_succ=0.00 | q=8320
[v1_2/expected_sarsa] seed 3 | ep   600/3000 | eps=0.055 beta=0.274 | train_succ=1.00 heldout_succ=0.00 | q=12709
[v1_2/expected_sarsa] seed 3 | ep   900/3000 | eps=0.050 beta=0.203 | train_succ=1.00 heldout_succ=0.00 | q=15210
[v1_2/expected_sarsa] seed 3 | ep  1200/3000 | eps=0.050 beta=0.151 | train_succ=1.00 heldout_succ=0.00 | q=17122
[v1_2/expected_sarsa] seed 3 | ep  1500/3000 | eps=0.050 beta=0.111 | train_succ=1.00 heldout_succ=0.00 | q=19267
[v1_2/expected_sarsa] seed 3 | ep  1800/3000 | eps=0.050 beta=0.083 | train_succ=1.00 heldout_succ=0.00 | q=20871
[v1_2/expected_sarsa] seed 3 | ep  2100/3000 | eps=0.050 beta=0.061 | train_succ=1.00 heldout_succ=0.00 | q=22489
[v1_2/expected_sarsa] seed 3 | ep  2400/3000 | eps=0.050 beta=0.045 | train_succ=1.00 heldout_succ=0.00 | q=24308
[v1_2/expected_sarsa] seed 3 | ep  2700/3000 | eps=0.050 beta=0.034 | train_succ=1.00 heldout_succ=0.00 | q=26008
[v1_2/expected_sarsa] seed 3 | ep  3000/3000 | eps=0.050 beta=0.025 | train_succ=1.00 heldout_succ=0.00 | q=27972
seed 3 | train_greedy=1.00 heldout_greedy=0.00 gap=1.00

=== v1_2/expected_sarsa seed 4 (demo_configs=16, deep=False) ===
[v1_2/expected_sarsa] seed 4 | ep   300/3000 | eps=0.074 beta=0.370 | train_succ=1.00 heldout_succ=0.00 | q=7601
[v1_2/expected_sarsa] seed 4 | ep   600/3000 | eps=0.055 beta=0.274 | train_succ=1.00 heldout_succ=0.00 | q=11285
[v1_2/expected_sarsa] seed 4 | ep   900/3000 | eps=0.050 beta=0.203 | train_succ=1.00 heldout_succ=0.00 | q=14434
[v1_2/expected_sarsa] seed 4 | ep  1200/3000 | eps=0.050 beta=0.151 | train_succ=1.00 heldout_succ=0.00 | q=16682
[v1_2/expected_sarsa] seed 4 | ep  1500/3000 | eps=0.050 beta=0.111 | train_succ=1.00 heldout_succ=0.00 | q=18595
[v1_2/expected_sarsa] seed 4 | ep  1800/3000 | eps=0.050 beta=0.083 | train_succ=1.00 heldout_succ=0.00 | q=20435
[v1_2/expected_sarsa] seed 4 | ep  2100/3000 | eps=0.050 beta=0.061 | train_succ=1.00 heldout_succ=0.00 | q=22247
[v1_2/expected_sarsa] seed 4 | ep  2400/3000 | eps=0.050 beta=0.045 | train_succ=0.88 heldout_succ=0.00 | q=24287
[v1_2/expected_sarsa] seed 4 | ep  2700/3000 | eps=0.050 beta=0.034 | train_succ=1.00 heldout_succ=0.00 | q=25767
[v1_2/expected_sarsa] seed 4 | ep  3000/3000 | eps=0.050 beta=0.025 | train_succ=1.00 heldout_succ=0.00 | q=26954
seed 4 | train_greedy=1.00 heldout_greedy=0.00 gap=1.00

========== v1_2/expected_sarsa SUMMARY ==========
 seed version           algo  train_greedy_success  heldout_greedy_success  generalization_gap  final_train_episode_success  q_table_size  learn_steps
    0    v1_2 expected_sarsa                   1.0                0.000000            1.000000                         0.93         28324            0
    1    v1_2 expected_sarsa                   1.0                0.083333            0.916667                         0.85         28166            0
    2    v1_2 expected_sarsa                   0.0                0.000000            0.000000                         0.89         28322            0
    3    v1_2 expected_sarsa                   1.0                0.000000            1.000000                         0.93         27972            0
    4    v1_2 expected_sarsa                   1.0                0.000000            1.000000                         0.88         26954            0

Held-out success by protocol:
protocol
P0    0.000
P1    0.043
P2    0.000

Held-out success by fault:
fault
NONE    0.017

artifacts -> ./results/full_benchmark/V1.2/expected_sarsa
