
=== v1_2/sarsa seed 0 (demo_configs=16, deep=False) ===
[v1_2/sarsa] seed 0 | ep   300/3000 | eps=0.074 beta=0.370 | train_succ=1.00 heldout_succ=0.00 | q=7428
[v1_2/sarsa] seed 0 | ep   600/3000 | eps=0.055 beta=0.274 | train_succ=1.00 heldout_succ=0.00 | q=11843
[v1_2/sarsa] seed 0 | ep   900/3000 | eps=0.050 beta=0.203 | train_succ=1.00 heldout_succ=0.00 | q=14896
[v1_2/sarsa] seed 0 | ep  1200/3000 | eps=0.050 beta=0.151 | train_succ=1.00 heldout_succ=0.00 | q=16623
[v1_2/sarsa] seed 0 | ep  1500/3000 | eps=0.050 beta=0.111 | train_succ=1.00 heldout_succ=0.00 | q=19150
[v1_2/sarsa] seed 0 | ep  1800/3000 | eps=0.050 beta=0.083 | train_succ=1.00 heldout_succ=0.00 | q=20970
[v1_2/sarsa] seed 0 | ep  2100/3000 | eps=0.050 beta=0.061 | train_succ=1.00 heldout_succ=0.00 | q=22611
[v1_2/sarsa] seed 0 | ep  2400/3000 | eps=0.050 beta=0.045 | train_succ=0.88 heldout_succ=0.00 | q=24442
[v1_2/sarsa] seed 0 | ep  2700/3000 | eps=0.050 beta=0.034 | train_succ=1.00 heldout_succ=0.00 | q=26124
[v1_2/sarsa] seed 0 | ep  3000/3000 | eps=0.050 beta=0.025 | train_succ=1.00 heldout_succ=0.00 | q=27273
seed 0 | train_greedy=1.00 heldout_greedy=0.00 gap=1.00

=== v1_2/sarsa seed 1 (demo_configs=16, deep=False) ===
[v1_2/sarsa] seed 1 | ep   300/3000 | eps=0.074 beta=0.370 | train_succ=1.00 heldout_succ=0.08 | q=7005
[v1_2/sarsa] seed 1 | ep   600/3000 | eps=0.055 beta=0.274 | train_succ=1.00 heldout_succ=0.08 | q=10493
[v1_2/sarsa] seed 1 | ep   900/3000 | eps=0.050 beta=0.203 | train_succ=1.00 heldout_succ=0.08 | q=13512
[v1_2/sarsa] seed 1 | ep  1200/3000 | eps=0.050 beta=0.151 | train_succ=1.00 heldout_succ=0.08 | q=16240
[v1_2/sarsa] seed 1 | ep  1500/3000 | eps=0.050 beta=0.111 | train_succ=1.00 heldout_succ=0.08 | q=18715
[v1_2/sarsa] seed 1 | ep  1800/3000 | eps=0.050 beta=0.083 | train_succ=0.00 heldout_succ=0.00 | q=20597
[v1_2/sarsa] seed 1 | ep  2100/3000 | eps=0.050 beta=0.061 | train_succ=1.00 heldout_succ=0.08 | q=22639
[v1_2/sarsa] seed 1 | ep  2400/3000 | eps=0.050 beta=0.045 | train_succ=1.00 heldout_succ=0.08 | q=24511
[v1_2/sarsa] seed 1 | ep  2700/3000 | eps=0.050 beta=0.034 | train_succ=1.00 heldout_succ=0.08 | q=26142
[v1_2/sarsa] seed 1 | ep  3000/3000 | eps=0.050 beta=0.025 | train_succ=1.00 heldout_succ=0.08 | q=28282
seed 1 | train_greedy=1.00 heldout_greedy=0.08 gap=0.92

=== v1_2/sarsa seed 2 (demo_configs=16, deep=False) ===
[v1_2/sarsa] seed 2 | ep   300/3000 | eps=0.074 beta=0.370 | train_succ=1.00 heldout_succ=0.00 | q=7575
[v1_2/sarsa] seed 2 | ep   600/3000 | eps=0.055 beta=0.274 | train_succ=1.00 heldout_succ=0.00 | q=11249
[v1_2/sarsa] seed 2 | ep   900/3000 | eps=0.050 beta=0.203 | train_succ=1.00 heldout_succ=0.00 | q=13740
[v1_2/sarsa] seed 2 | ep  1200/3000 | eps=0.050 beta=0.151 | train_succ=1.00 heldout_succ=0.00 | q=16291
[v1_2/sarsa] seed 2 | ep  1500/3000 | eps=0.050 beta=0.111 | train_succ=1.00 heldout_succ=0.00 | q=18327
[v1_2/sarsa] seed 2 | ep  1800/3000 | eps=0.050 beta=0.083 | train_succ=1.00 heldout_succ=0.00 | q=20192
[v1_2/sarsa] seed 2 | ep  2100/3000 | eps=0.050 beta=0.061 | train_succ=1.00 heldout_succ=0.00 | q=21952
[v1_2/sarsa] seed 2 | ep  2400/3000 | eps=0.050 beta=0.045 | train_succ=1.00 heldout_succ=0.00 | q=23234
[v1_2/sarsa] seed 2 | ep  2700/3000 | eps=0.050 beta=0.034 | train_succ=1.00 heldout_succ=0.00 | q=24992
[v1_2/sarsa] seed 2 | ep  3000/3000 | eps=0.050 beta=0.025 | train_succ=0.94 heldout_succ=0.00 | q=27053
seed 2 | train_greedy=0.94 heldout_greedy=0.00 gap=0.94

=== v1_2/sarsa seed 3 (demo_configs=16, deep=False) ===
[v1_2/sarsa] seed 3 | ep   300/3000 | eps=0.074 beta=0.370 | train_succ=1.00 heldout_succ=0.00 | q=7200
[v1_2/sarsa] seed 3 | ep   600/3000 | eps=0.055 beta=0.274 | train_succ=1.00 heldout_succ=0.00 | q=10413
[v1_2/sarsa] seed 3 | ep   900/3000 | eps=0.050 beta=0.203 | train_succ=1.00 heldout_succ=0.00 | q=12814
[v1_2/sarsa] seed 3 | ep  1200/3000 | eps=0.050 beta=0.151 | train_succ=1.00 heldout_succ=0.00 | q=15386
[v1_2/sarsa] seed 3 | ep  1500/3000 | eps=0.050 beta=0.111 | train_succ=1.00 heldout_succ=0.00 | q=18052
[v1_2/sarsa] seed 3 | ep  1800/3000 | eps=0.050 beta=0.083 | train_succ=1.00 heldout_succ=0.00 | q=20018
[v1_2/sarsa] seed 3 | ep  2100/3000 | eps=0.050 beta=0.061 | train_succ=1.00 heldout_succ=0.00 | q=21982
[v1_2/sarsa] seed 3 | ep  2400/3000 | eps=0.050 beta=0.045 | train_succ=1.00 heldout_succ=0.00 | q=23805
[v1_2/sarsa] seed 3 | ep  2700/3000 | eps=0.050 beta=0.034 | train_succ=1.00 heldout_succ=0.00 | q=25038
[v1_2/sarsa] seed 3 | ep  3000/3000 | eps=0.050 beta=0.025 | train_succ=1.00 heldout_succ=0.00 | q=26820
seed 3 | train_greedy=1.00 heldout_greedy=0.00 gap=1.00

=== v1_2/sarsa seed 4 (demo_configs=16, deep=False) ===
[v1_2/sarsa] seed 4 | ep   300/3000 | eps=0.074 beta=0.370 | train_succ=1.00 heldout_succ=0.00 | q=7808
[v1_2/sarsa] seed 4 | ep   600/3000 | eps=0.055 beta=0.274 | train_succ=1.00 heldout_succ=0.00 | q=11427
[v1_2/sarsa] seed 4 | ep   900/3000 | eps=0.050 beta=0.203 | train_succ=1.00 heldout_succ=0.00 | q=13937
[v1_2/sarsa] seed 4 | ep  1200/3000 | eps=0.050 beta=0.151 | train_succ=1.00 heldout_succ=0.00 | q=15820
[v1_2/sarsa] seed 4 | ep  1500/3000 | eps=0.050 beta=0.111 | train_succ=1.00 heldout_succ=0.00 | q=18062
[v1_2/sarsa] seed 4 | ep  1800/3000 | eps=0.050 beta=0.083 | train_succ=1.00 heldout_succ=0.00 | q=20349
[v1_2/sarsa] seed 4 | ep  2100/3000 | eps=0.050 beta=0.061 | train_succ=1.00 heldout_succ=0.00 | q=21593
[v1_2/sarsa] seed 4 | ep  2400/3000 | eps=0.050 beta=0.045 | train_succ=1.00 heldout_succ=0.00 | q=23470
[v1_2/sarsa] seed 4 | ep  2700/3000 | eps=0.050 beta=0.034 | train_succ=0.88 heldout_succ=0.00 | q=25193
[v1_2/sarsa] seed 4 | ep  3000/3000 | eps=0.050 beta=0.025 | train_succ=1.00 heldout_succ=0.00 | q=26288
seed 4 | train_greedy=1.00 heldout_greedy=0.00 gap=1.00

========== v1_2/sarsa SUMMARY ==========
 seed version  algo  train_greedy_success  heldout_greedy_success  generalization_gap  final_train_episode_success  q_table_size  learn_steps
    0    v1_2 sarsa                1.0000                0.000000            1.000000                         0.90         27273            0
    1    v1_2 sarsa                1.0000                0.083333            0.916667                         0.87         28282            0
    2    v1_2 sarsa                0.9375                0.000000            0.937500                         0.90         27053            0
    3    v1_2 sarsa                1.0000                0.000000            1.000000                         0.86         26820            0
    4    v1_2 sarsa                1.0000                0.000000            1.000000                         0.88         26288            0

Held-out success by protocol:
protocol
P0    0.000
P1    0.043
P2    0.000

Held-out success by fault:
fault
NONE    0.017

artifacts -> ./results/full_benchmark/V1.2/sarsa
