
=== v1_3/spie_ddqn seed 0 (demo_configs=16, deep=True) ===
[v1_3/spie_ddqn] seed 0 | ep    20/200 | eps=0.196 beta=0.490 | train_succ=0.75 heldout_succ=0.00 | learn_steps=5153
[v1_3/spie_ddqn] seed 0 | ep    40/200 | eps=0.192 beta=0.480 | train_succ=1.00 heldout_succ=0.08 | learn_steps=9546
[v1_3/spie_ddqn] seed 0 | ep    60/200 | eps=0.188 beta=0.471 | train_succ=1.00 heldout_succ=0.00 | learn_steps=13548
[v1_3/spie_ddqn] seed 0 | ep    80/200 | eps=0.185 beta=0.462 | train_succ=1.00 heldout_succ=0.00 | learn_steps=17853
[v1_3/spie_ddqn] seed 0 | ep   100/200 | eps=0.181 beta=0.452 | train_succ=1.00 heldout_succ=0.00 | learn_steps=22175
[v1_3/spie_ddqn] seed 0 | ep   120/200 | eps=0.177 beta=0.443 | train_succ=1.00 heldout_succ=0.00 | learn_steps=26351
[v1_3/spie_ddqn] seed 0 | ep   140/200 | eps=0.174 beta=0.435 | train_succ=1.00 heldout_succ=0.00 | learn_steps=30792
[v1_3/spie_ddqn] seed 0 | ep   160/200 | eps=0.170 beta=0.426 | train_succ=1.00 heldout_succ=0.00 | learn_steps=35040
[v1_3/spie_ddqn] seed 0 | ep   180/200 | eps=0.167 beta=0.418 | train_succ=1.00 heldout_succ=0.00 | learn_steps=39019
[v1_3/spie_ddqn] seed 0 | ep   200/200 | eps=0.164 beta=0.409 | train_succ=1.00 heldout_succ=0.00 | learn_steps=43948
seed 0 | train_greedy=1.00 heldout_greedy=0.00 gap=1.00

=== v1_3/spie_ddqn seed 1 (demo_configs=16, deep=True) ===
[v1_3/spie_ddqn] seed 1 | ep    20/200 | eps=0.196 beta=0.490 | train_succ=1.00 heldout_succ=0.08 | learn_steps=5415
[v1_3/spie_ddqn] seed 1 | ep    40/200 | eps=0.192 beta=0.480 | train_succ=0.88 heldout_succ=0.08 | learn_steps=10012
[v1_3/spie_ddqn] seed 1 | ep    60/200 | eps=0.188 beta=0.471 | train_succ=0.94 heldout_succ=0.08 | learn_steps=14708
[v1_3/spie_ddqn] seed 1 | ep    80/200 | eps=0.185 beta=0.462 | train_succ=1.00 heldout_succ=0.08 | learn_steps=19489
[v1_3/spie_ddqn] seed 1 | ep   100/200 | eps=0.181 beta=0.452 | train_succ=1.00 heldout_succ=0.08 | learn_steps=24337
[v1_3/spie_ddqn] seed 1 | ep   120/200 | eps=0.177 beta=0.443 | train_succ=1.00 heldout_succ=0.08 | learn_steps=28811
[v1_3/spie_ddqn] seed 1 | ep   140/200 | eps=0.174 beta=0.435 | train_succ=1.00 heldout_succ=0.08 | learn_steps=33689
[v1_3/spie_ddqn] seed 1 | ep   160/200 | eps=0.170 beta=0.426 | train_succ=1.00 heldout_succ=0.08 | learn_steps=38434
[v1_3/spie_ddqn] seed 1 | ep   180/200 | eps=0.167 beta=0.418 | train_succ=1.00 heldout_succ=0.08 | learn_steps=43049
[v1_3/spie_ddqn] seed 1 | ep   200/200 | eps=0.164 beta=0.409 | train_succ=1.00 heldout_succ=0.08 | learn_steps=47594
seed 1 | train_greedy=1.00 heldout_greedy=0.08 gap=0.92

=== v1_3/spie_ddqn seed 2 (demo_configs=16, deep=True) ===
[v1_3/spie_ddqn] seed 2 | ep    20/200 | eps=0.196 beta=0.490 | train_succ=1.00 heldout_succ=0.08 | learn_steps=5574
[v1_3/spie_ddqn] seed 2 | ep    40/200 | eps=0.192 beta=0.480 | train_succ=1.00 heldout_succ=0.08 | learn_steps=9691
[v1_3/spie_ddqn] seed 2 | ep    60/200 | eps=0.188 beta=0.471 | train_succ=1.00 heldout_succ=0.17 | learn_steps=13995
[v1_3/spie_ddqn] seed 2 | ep    80/200 | eps=0.185 beta=0.462 | train_succ=1.00 heldout_succ=0.08 | learn_steps=18769
[v1_3/spie_ddqn] seed 2 | ep   100/200 | eps=0.181 beta=0.452 | train_succ=1.00 heldout_succ=0.17 | learn_steps=23270
[v1_3/spie_ddqn] seed 2 | ep   120/200 | eps=0.177 beta=0.443 | train_succ=1.00 heldout_succ=0.08 | learn_steps=27710
[v1_3/spie_ddqn] seed 2 | ep   140/200 | eps=0.174 beta=0.435 | train_succ=1.00 heldout_succ=0.08 | learn_steps=32289
[v1_3/spie_ddqn] seed 2 | ep   160/200 | eps=0.170 beta=0.426 | train_succ=1.00 heldout_succ=0.17 | learn_steps=36783
[v1_3/spie_ddqn] seed 2 | ep   180/200 | eps=0.167 beta=0.418 | train_succ=1.00 heldout_succ=0.08 | learn_steps=41627
[v1_3/spie_ddqn] seed 2 | ep   200/200 | eps=0.164 beta=0.409 | train_succ=1.00 heldout_succ=0.00 | learn_steps=46270
seed 2 | train_greedy=1.00 heldout_greedy=0.00 gap=1.00

=== v1_3/spie_ddqn seed 3 (demo_configs=16, deep=True) ===
[v1_3/spie_ddqn] seed 3 | ep    20/200 | eps=0.196 beta=0.490 | train_succ=0.88 heldout_succ=0.00 | learn_steps=5568
[v1_3/spie_ddqn] seed 3 | ep    40/200 | eps=0.192 beta=0.480 | train_succ=0.94 heldout_succ=0.00 | learn_steps=9577
[v1_3/spie_ddqn] seed 3 | ep    60/200 | eps=0.188 beta=0.471 | train_succ=0.94 heldout_succ=0.00 | learn_steps=13964
[v1_3/spie_ddqn] seed 3 | ep    80/200 | eps=0.185 beta=0.462 | train_succ=1.00 heldout_succ=0.00 | learn_steps=18410
[v1_3/spie_ddqn] seed 3 | ep   100/200 | eps=0.181 beta=0.452 | train_succ=1.00 heldout_succ=0.00 | learn_steps=22905
[v1_3/spie_ddqn] seed 3 | ep   120/200 | eps=0.177 beta=0.443 | train_succ=1.00 heldout_succ=0.00 | learn_steps=27549
[v1_3/spie_ddqn] seed 3 | ep   140/200 | eps=0.174 beta=0.435 | train_succ=1.00 heldout_succ=0.00 | learn_steps=32320
[v1_3/spie_ddqn] seed 3 | ep   160/200 | eps=0.170 beta=0.426 | train_succ=1.00 heldout_succ=0.00 | learn_steps=36947
[v1_3/spie_ddqn] seed 3 | ep   180/200 | eps=0.167 beta=0.418 | train_succ=1.00 heldout_succ=0.00 | learn_steps=41493
[v1_3/spie_ddqn] seed 3 | ep   200/200 | eps=0.164 beta=0.409 | train_succ=1.00 heldout_succ=0.00 | learn_steps=45856
seed 3 | train_greedy=1.00 heldout_greedy=0.00 gap=1.00

=== v1_3/spie_ddqn seed 4 (demo_configs=16, deep=True) ===
[v1_3/spie_ddqn] seed 4 | ep    20/200 | eps=0.196 beta=0.490 | train_succ=1.00 heldout_succ=0.00 | learn_steps=4883
[v1_3/spie_ddqn] seed 4 | ep    40/200 | eps=0.192 beta=0.480 | train_succ=1.00 heldout_succ=0.00 | learn_steps=9690
[v1_3/spie_ddqn] seed 4 | ep    60/200 | eps=0.188 beta=0.471 | train_succ=1.00 heldout_succ=0.00 | learn_steps=13803
[v1_3/spie_ddqn] seed 4 | ep    80/200 | eps=0.185 beta=0.462 | train_succ=1.00 heldout_succ=0.00 | learn_steps=18398
[v1_3/spie_ddqn] seed 4 | ep   100/200 | eps=0.181 beta=0.452 | train_succ=1.00 heldout_succ=0.00 | learn_steps=22393
[v1_3/spie_ddqn] seed 4 | ep   120/200 | eps=0.177 beta=0.443 | train_succ=1.00 heldout_succ=0.00 | learn_steps=26625
[v1_3/spie_ddqn] seed 4 | ep   140/200 | eps=0.174 beta=0.435 | train_succ=1.00 heldout_succ=0.00 | learn_steps=30865
[v1_3/spie_ddqn] seed 4 | ep   160/200 | eps=0.170 beta=0.426 | train_succ=1.00 heldout_succ=0.00 | learn_steps=35419
[v1_3/spie_ddqn] seed 4 | ep   180/200 | eps=0.167 beta=0.418 | train_succ=1.00 heldout_succ=0.00 | learn_steps=39746
[v1_3/spie_ddqn] seed 4 | ep   200/200 | eps=0.164 beta=0.409 | train_succ=1.00 heldout_succ=0.00 | learn_steps=44307
seed 4 | train_greedy=1.00 heldout_greedy=0.00 gap=1.00

========== v1_3/spie_ddqn SUMMARY ==========
 seed version      algo  train_greedy_success  heldout_greedy_success  generalization_gap  final_train_episode_success  q_table_size  learn_steps
    0    v1_3 spie_ddqn                   1.0                0.000000            1.000000                         0.06             0        43948
    1    v1_3 spie_ddqn                   1.0                0.083333            0.916667                         0.06             0        47594
    2    v1_3 spie_ddqn                   1.0                0.000000            1.000000                         0.06             0        46270
    3    v1_3 spie_ddqn                   1.0                0.000000            1.000000                         0.04             0        45856
    4    v1_3 spie_ddqn                   1.0                0.000000            1.000000                         0.10             0        44307

Held-out success by protocol:
protocol
P0    0.000
P1    0.043
P2    0.000

Held-out success by fault:
fault
ANALYZER_BIAS    0.071
HEATER_SWAP      0.000
NONE             0.000
PURIFIER_LEAK    0.000

artifacts -> ./results/full_benchmark/V1.3/spie_ddqn
