
=== v1_3/expected_sarsa seed 0 (demo_configs=16, deep=False) ===
[v1_3/expected_sarsa] seed 0 | ep   300/3000 | eps=0.074 beta=0.370 | train_succ=1.00 heldout_succ=0.00 | q=8480
[v1_3/expected_sarsa] seed 0 | ep   600/3000 | eps=0.055 beta=0.274 | train_succ=1.00 heldout_succ=0.00 | q=13289
[v1_3/expected_sarsa] seed 0 | ep   900/3000 | eps=0.050 beta=0.203 | train_succ=1.00 heldout_succ=0.00 | q=16218
[v1_3/expected_sarsa] seed 0 | ep  1200/3000 | eps=0.050 beta=0.151 | train_succ=1.00 heldout_succ=0.00 | q=19061
[v1_3/expected_sarsa] seed 0 | ep  1500/3000 | eps=0.050 beta=0.111 | train_succ=1.00 heldout_succ=0.00 | q=22237
[v1_3/expected_sarsa] seed 0 | ep  1800/3000 | eps=0.050 beta=0.083 | train_succ=1.00 heldout_succ=0.00 | q=25004
[v1_3/expected_sarsa] seed 0 | ep  2100/3000 | eps=0.050 beta=0.061 | train_succ=1.00 heldout_succ=0.00 | q=27048
[v1_3/expected_sarsa] seed 0 | ep  2400/3000 | eps=0.050 beta=0.045 | train_succ=1.00 heldout_succ=0.00 | q=28746
[v1_3/expected_sarsa] seed 0 | ep  2700/3000 | eps=0.050 beta=0.034 | train_succ=1.00 heldout_succ=0.00 | q=30437
[v1_3/expected_sarsa] seed 0 | ep  3000/3000 | eps=0.050 beta=0.025 | train_succ=1.00 heldout_succ=0.00 | q=32116
seed 0 | train_greedy=1.00 heldout_greedy=0.00 gap=1.00

=== v1_3/expected_sarsa seed 1 (demo_configs=16, deep=False) ===
[v1_3/expected_sarsa] seed 1 | ep   300/3000 | eps=0.074 beta=0.370 | train_succ=1.00 heldout_succ=0.08 | q=8753
[v1_3/expected_sarsa] seed 1 | ep   600/3000 | eps=0.055 beta=0.274 | train_succ=1.00 heldout_succ=0.08 | q=13486
[v1_3/expected_sarsa] seed 1 | ep   900/3000 | eps=0.050 beta=0.203 | train_succ=1.00 heldout_succ=0.08 | q=17107
[v1_3/expected_sarsa] seed 1 | ep  1200/3000 | eps=0.050 beta=0.151 | train_succ=1.00 heldout_succ=0.08 | q=20250
[v1_3/expected_sarsa] seed 1 | ep  1500/3000 | eps=0.050 beta=0.111 | train_succ=1.00 heldout_succ=0.08 | q=23333
[v1_3/expected_sarsa] seed 1 | ep  1800/3000 | eps=0.050 beta=0.083 | train_succ=1.00 heldout_succ=0.08 | q=25250
[v1_3/expected_sarsa] seed 1 | ep  2100/3000 | eps=0.050 beta=0.061 | train_succ=1.00 heldout_succ=0.08 | q=26822
[v1_3/expected_sarsa] seed 1 | ep  2400/3000 | eps=0.050 beta=0.045 | train_succ=1.00 heldout_succ=0.08 | q=28570
[v1_3/expected_sarsa] seed 1 | ep  2700/3000 | eps=0.050 beta=0.034 | train_succ=1.00 heldout_succ=0.08 | q=30602
[v1_3/expected_sarsa] seed 1 | ep  3000/3000 | eps=0.050 beta=0.025 | train_succ=1.00 heldout_succ=0.08 | q=31924
seed 1 | train_greedy=1.00 heldout_greedy=0.08 gap=0.92

=== v1_3/expected_sarsa seed 2 (demo_configs=16, deep=False) ===
[v1_3/expected_sarsa] seed 2 | ep   300/3000 | eps=0.074 beta=0.370 | train_succ=1.00 heldout_succ=0.00 | q=9448
[v1_3/expected_sarsa] seed 2 | ep   600/3000 | eps=0.055 beta=0.274 | train_succ=1.00 heldout_succ=0.00 | q=14261
[v1_3/expected_sarsa] seed 2 | ep   900/3000 | eps=0.050 beta=0.203 | train_succ=1.00 heldout_succ=0.00 | q=17864
[v1_3/expected_sarsa] seed 2 | ep  1200/3000 | eps=0.050 beta=0.151 | train_succ=1.00 heldout_succ=0.00 | q=21618
[v1_3/expected_sarsa] seed 2 | ep  1500/3000 | eps=0.050 beta=0.111 | train_succ=1.00 heldout_succ=0.00 | q=24319
[v1_3/expected_sarsa] seed 2 | ep  1800/3000 | eps=0.050 beta=0.083 | train_succ=1.00 heldout_succ=0.00 | q=26670
[v1_3/expected_sarsa] seed 2 | ep  2100/3000 | eps=0.050 beta=0.061 | train_succ=1.00 heldout_succ=0.00 | q=28767
[v1_3/expected_sarsa] seed 2 | ep  2400/3000 | eps=0.050 beta=0.045 | train_succ=1.00 heldout_succ=0.00 | q=30918
[v1_3/expected_sarsa] seed 2 | ep  2700/3000 | eps=0.050 beta=0.034 | train_succ=1.00 heldout_succ=0.00 | q=33347
[v1_3/expected_sarsa] seed 2 | ep  3000/3000 | eps=0.050 beta=0.025 | train_succ=1.00 heldout_succ=0.00 | q=35256
seed 2 | train_greedy=1.00 heldout_greedy=0.00 gap=1.00

=== v1_3/expected_sarsa seed 3 (demo_configs=16, deep=False) ===
[v1_3/expected_sarsa] seed 3 | ep   300/3000 | eps=0.074 beta=0.370 | train_succ=1.00 heldout_succ=0.00 | q=9220
[v1_3/expected_sarsa] seed 3 | ep   600/3000 | eps=0.055 beta=0.274 | train_succ=1.00 heldout_succ=0.00 | q=13682
[v1_3/expected_sarsa] seed 3 | ep   900/3000 | eps=0.050 beta=0.203 | train_succ=1.00 heldout_succ=0.00 | q=17152
[v1_3/expected_sarsa] seed 3 | ep  1200/3000 | eps=0.050 beta=0.151 | train_succ=1.00 heldout_succ=0.00 | q=19915
[v1_3/expected_sarsa] seed 3 | ep  1500/3000 | eps=0.050 beta=0.111 | train_succ=1.00 heldout_succ=0.00 | q=22030
[v1_3/expected_sarsa] seed 3 | ep  1800/3000 | eps=0.050 beta=0.083 | train_succ=1.00 heldout_succ=0.00 | q=24195
[v1_3/expected_sarsa] seed 3 | ep  2100/3000 | eps=0.050 beta=0.061 | train_succ=1.00 heldout_succ=0.00 | q=26469
[v1_3/expected_sarsa] seed 3 | ep  2400/3000 | eps=0.050 beta=0.045 | train_succ=0.00 heldout_succ=0.00 | q=28311
[v1_3/expected_sarsa] seed 3 | ep  2700/3000 | eps=0.050 beta=0.034 | train_succ=1.00 heldout_succ=0.00 | q=30250
[v1_3/expected_sarsa] seed 3 | ep  3000/3000 | eps=0.050 beta=0.025 | train_succ=1.00 heldout_succ=0.00 | q=32077
seed 3 | train_greedy=1.00 heldout_greedy=0.00 gap=1.00

=== v1_3/expected_sarsa seed 4 (demo_configs=16, deep=False) ===
[v1_3/expected_sarsa] seed 4 | ep   300/3000 | eps=0.074 beta=0.370 | train_succ=1.00 heldout_succ=0.00 | q=9015
[v1_3/expected_sarsa] seed 4 | ep   600/3000 | eps=0.055 beta=0.274 | train_succ=1.00 heldout_succ=0.00 | q=13175
[v1_3/expected_sarsa] seed 4 | ep   900/3000 | eps=0.050 beta=0.203 | train_succ=1.00 heldout_succ=0.00 | q=16679
[v1_3/expected_sarsa] seed 4 | ep  1200/3000 | eps=0.050 beta=0.151 | train_succ=1.00 heldout_succ=0.00 | q=19336
[v1_3/expected_sarsa] seed 4 | ep  1500/3000 | eps=0.050 beta=0.111 | train_succ=1.00 heldout_succ=0.00 | q=21939
[v1_3/expected_sarsa] seed 4 | ep  1800/3000 | eps=0.050 beta=0.083 | train_succ=1.00 heldout_succ=0.00 | q=24413
[v1_3/expected_sarsa] seed 4 | ep  2100/3000 | eps=0.050 beta=0.061 | train_succ=0.00 heldout_succ=0.00 | q=26904
[v1_3/expected_sarsa] seed 4 | ep  2400/3000 | eps=0.050 beta=0.045 | train_succ=1.00 heldout_succ=0.00 | q=28693
[v1_3/expected_sarsa] seed 4 | ep  2700/3000 | eps=0.050 beta=0.034 | train_succ=1.00 heldout_succ=0.00 | q=30423
[v1_3/expected_sarsa] seed 4 | ep  3000/3000 | eps=0.050 beta=0.025 | train_succ=0.00 heldout_succ=0.00 | q=32256
seed 4 | train_greedy=0.00 heldout_greedy=0.00 gap=0.00

========== v1_3/expected_sarsa SUMMARY ==========
 seed version           algo  train_greedy_success  heldout_greedy_success  generalization_gap  final_train_episode_success  q_table_size  learn_steps
    0    v1_3 expected_sarsa                   1.0                0.000000            1.000000                         0.76         32116            0
    1    v1_3 expected_sarsa                   1.0                0.083333            0.916667                         0.75         31924            0
    2    v1_3 expected_sarsa                   1.0                0.000000            1.000000                         0.72         35256            0
    3    v1_3 expected_sarsa                   1.0                0.000000            1.000000                         0.73         32077            0
    4    v1_3 expected_sarsa                   0.0                0.000000            0.000000                         0.68         32256            0

Held-out success by protocol:
protocol
P0    0.000
P1    0.043
P2    0.000

Held-out success by fault:
fault
ANALYZER_BIAS    0.071
HEATER_SWAP      0.000
NONE             0.000
PURIFIER_LEAK    0.000

artifacts -> ./results/full_benchmark/V1.3/expected_sarsa
