
=== v1_3/sarsa seed 0 (demo_configs=16, deep=False) ===
[v1_3/sarsa] seed 0 | ep   300/3000 | eps=0.074 beta=0.370 | train_succ=1.00 heldout_succ=0.00 | q=8703
[v1_3/sarsa] seed 0 | ep   600/3000 | eps=0.055 beta=0.274 | train_succ=1.00 heldout_succ=0.00 | q=13202
[v1_3/sarsa] seed 0 | ep   900/3000 | eps=0.050 beta=0.203 | train_succ=1.00 heldout_succ=0.00 | q=16680
[v1_3/sarsa] seed 0 | ep  1200/3000 | eps=0.050 beta=0.151 | train_succ=1.00 heldout_succ=0.00 | q=19295
[v1_3/sarsa] seed 0 | ep  1500/3000 | eps=0.050 beta=0.111 | train_succ=1.00 heldout_succ=0.00 | q=21719
[v1_3/sarsa] seed 0 | ep  1800/3000 | eps=0.050 beta=0.083 | train_succ=1.00 heldout_succ=0.00 | q=24012
[v1_3/sarsa] seed 0 | ep  2100/3000 | eps=0.050 beta=0.061 | train_succ=1.00 heldout_succ=0.00 | q=25972
[v1_3/sarsa] seed 0 | ep  2400/3000 | eps=0.050 beta=0.045 | train_succ=1.00 heldout_succ=0.00 | q=27701
[v1_3/sarsa] seed 0 | ep  2700/3000 | eps=0.050 beta=0.034 | train_succ=1.00 heldout_succ=0.00 | q=29370
[v1_3/sarsa] seed 0 | ep  3000/3000 | eps=0.050 beta=0.025 | train_succ=1.00 heldout_succ=0.00 | q=30651
seed 0 | train_greedy=1.00 heldout_greedy=0.00 gap=1.00

=== v1_3/sarsa seed 1 (demo_configs=16, deep=False) ===
[v1_3/sarsa] seed 1 | ep   300/3000 | eps=0.074 beta=0.370 | train_succ=1.00 heldout_succ=0.08 | q=9224
[v1_3/sarsa] seed 1 | ep   600/3000 | eps=0.055 beta=0.274 | train_succ=1.00 heldout_succ=0.08 | q=13464
[v1_3/sarsa] seed 1 | ep   900/3000 | eps=0.050 beta=0.203 | train_succ=1.00 heldout_succ=0.08 | q=15961
[v1_3/sarsa] seed 1 | ep  1200/3000 | eps=0.050 beta=0.151 | train_succ=1.00 heldout_succ=0.08 | q=19378
[v1_3/sarsa] seed 1 | ep  1500/3000 | eps=0.050 beta=0.111 | train_succ=1.00 heldout_succ=0.08 | q=21912
[v1_3/sarsa] seed 1 | ep  1800/3000 | eps=0.050 beta=0.083 | train_succ=1.00 heldout_succ=0.08 | q=24607
[v1_3/sarsa] seed 1 | ep  2100/3000 | eps=0.050 beta=0.061 | train_succ=1.00 heldout_succ=0.08 | q=27051
[v1_3/sarsa] seed 1 | ep  2400/3000 | eps=0.050 beta=0.045 | train_succ=1.00 heldout_succ=0.08 | q=28676
[v1_3/sarsa] seed 1 | ep  2700/3000 | eps=0.050 beta=0.034 | train_succ=1.00 heldout_succ=0.08 | q=30181
[v1_3/sarsa] seed 1 | ep  3000/3000 | eps=0.050 beta=0.025 | train_succ=1.00 heldout_succ=0.08 | q=31568
seed 1 | train_greedy=1.00 heldout_greedy=0.08 gap=0.92

=== v1_3/sarsa seed 2 (demo_configs=16, deep=False) ===
[v1_3/sarsa] seed 2 | ep   300/3000 | eps=0.074 beta=0.370 | train_succ=1.00 heldout_succ=0.00 | q=9606
[v1_3/sarsa] seed 2 | ep   600/3000 | eps=0.055 beta=0.274 | train_succ=1.00 heldout_succ=0.00 | q=14134
[v1_3/sarsa] seed 2 | ep   900/3000 | eps=0.050 beta=0.203 | train_succ=1.00 heldout_succ=0.00 | q=17482
[v1_3/sarsa] seed 2 | ep  1200/3000 | eps=0.050 beta=0.151 | train_succ=1.00 heldout_succ=0.00 | q=20058
[v1_3/sarsa] seed 2 | ep  1500/3000 | eps=0.050 beta=0.111 | train_succ=1.00 heldout_succ=0.00 | q=22093
[v1_3/sarsa] seed 2 | ep  1800/3000 | eps=0.050 beta=0.083 | train_succ=1.00 heldout_succ=0.00 | q=24515
[v1_3/sarsa] seed 2 | ep  2100/3000 | eps=0.050 beta=0.061 | train_succ=1.00 heldout_succ=0.00 | q=26329
[v1_3/sarsa] seed 2 | ep  2400/3000 | eps=0.050 beta=0.045 | train_succ=1.00 heldout_succ=0.00 | q=28279
[v1_3/sarsa] seed 2 | ep  2700/3000 | eps=0.050 beta=0.034 | train_succ=1.00 heldout_succ=0.00 | q=30509
[v1_3/sarsa] seed 2 | ep  3000/3000 | eps=0.050 beta=0.025 | train_succ=1.00 heldout_succ=0.00 | q=32493
seed 2 | train_greedy=1.00 heldout_greedy=0.00 gap=1.00

=== v1_3/sarsa seed 3 (demo_configs=16, deep=False) ===
[v1_3/sarsa] seed 3 | ep   300/3000 | eps=0.074 beta=0.370 | train_succ=1.00 heldout_succ=0.00 | q=8866
[v1_3/sarsa] seed 3 | ep   600/3000 | eps=0.055 beta=0.274 | train_succ=1.00 heldout_succ=0.00 | q=13346
[v1_3/sarsa] seed 3 | ep   900/3000 | eps=0.050 beta=0.203 | train_succ=1.00 heldout_succ=0.00 | q=16037
[v1_3/sarsa] seed 3 | ep  1200/3000 | eps=0.050 beta=0.151 | train_succ=1.00 heldout_succ=0.00 | q=18863
[v1_3/sarsa] seed 3 | ep  1500/3000 | eps=0.050 beta=0.111 | train_succ=1.00 heldout_succ=0.00 | q=21725
[v1_3/sarsa] seed 3 | ep  1800/3000 | eps=0.050 beta=0.083 | train_succ=0.00 heldout_succ=0.00 | q=24012
[v1_3/sarsa] seed 3 | ep  2100/3000 | eps=0.050 beta=0.061 | train_succ=1.00 heldout_succ=0.00 | q=25917
[v1_3/sarsa] seed 3 | ep  2400/3000 | eps=0.050 beta=0.045 | train_succ=1.00 heldout_succ=0.00 | q=28060
[v1_3/sarsa] seed 3 | ep  2700/3000 | eps=0.050 beta=0.034 | train_succ=1.00 heldout_succ=0.00 | q=29928
[v1_3/sarsa] seed 3 | ep  3000/3000 | eps=0.050 beta=0.025 | train_succ=1.00 heldout_succ=0.00 | q=32008
seed 3 | train_greedy=1.00 heldout_greedy=0.00 gap=1.00

=== v1_3/sarsa seed 4 (demo_configs=16, deep=False) ===
[v1_3/sarsa] seed 4 | ep   300/3000 | eps=0.074 beta=0.370 | train_succ=1.00 heldout_succ=0.00 | q=8818
[v1_3/sarsa] seed 4 | ep   600/3000 | eps=0.055 beta=0.274 | train_succ=1.00 heldout_succ=0.00 | q=13389
[v1_3/sarsa] seed 4 | ep   900/3000 | eps=0.050 beta=0.203 | train_succ=1.00 heldout_succ=0.00 | q=16992
[v1_3/sarsa] seed 4 | ep  1200/3000 | eps=0.050 beta=0.151 | train_succ=1.00 heldout_succ=0.00 | q=19782
[v1_3/sarsa] seed 4 | ep  1500/3000 | eps=0.050 beta=0.111 | train_succ=1.00 heldout_succ=0.00 | q=22315
[v1_3/sarsa] seed 4 | ep  1800/3000 | eps=0.050 beta=0.083 | train_succ=1.00 heldout_succ=0.00 | q=24717
[v1_3/sarsa] seed 4 | ep  2100/3000 | eps=0.050 beta=0.061 | train_succ=1.00 heldout_succ=0.00 | q=26426
[v1_3/sarsa] seed 4 | ep  2400/3000 | eps=0.050 beta=0.045 | train_succ=1.00 heldout_succ=0.00 | q=28306
[v1_3/sarsa] seed 4 | ep  2700/3000 | eps=0.050 beta=0.034 | train_succ=1.00 heldout_succ=0.00 | q=30632
[v1_3/sarsa] seed 4 | ep  3000/3000 | eps=0.050 beta=0.025 | train_succ=1.00 heldout_succ=0.00 | q=32250
seed 4 | train_greedy=1.00 heldout_greedy=0.00 gap=1.00

========== v1_3/sarsa SUMMARY ==========
 seed version  algo  train_greedy_success  heldout_greedy_success  generalization_gap  final_train_episode_success  q_table_size  learn_steps
    0    v1_3 sarsa                   1.0                0.000000            1.000000                         0.77         30651            0
    1    v1_3 sarsa                   1.0                0.083333            0.916667                         0.84         31568            0
    2    v1_3 sarsa                   1.0                0.000000            1.000000                         0.68         32493            0
    3    v1_3 sarsa                   1.0                0.000000            1.000000                         0.72         32008            0
    4    v1_3 sarsa                   1.0                0.000000            1.000000                         0.74         32250            0

Held-out success by protocol:
protocol
P0    0.000
P1    0.043
P2    0.000

Held-out success by fault:
fault
ANALYZER_BIAS    0.071
HEATER_SWAP      0.000
NONE             0.000
PURIFIER_LEAK    0.000

artifacts -> ./results/full_benchmark/V1.3/sarsa
