
=== v1_3/dueling_dqn seed 0 (demo_configs=16, deep=True) ===
[v1_3/dueling_dqn] seed 0 | ep    20/200 | eps=0.196 beta=0.490 | train_succ=1.00 heldout_succ=0.00 | learn_steps=5115
[v1_3/dueling_dqn] seed 0 | ep    40/200 | eps=0.192 beta=0.480 | train_succ=1.00 heldout_succ=0.00 | learn_steps=9789
[v1_3/dueling_dqn] seed 0 | ep    60/200 | eps=0.188 beta=0.471 | train_succ=1.00 heldout_succ=0.08 | learn_steps=14046
[v1_3/dueling_dqn] seed 0 | ep    80/200 | eps=0.185 beta=0.462 | train_succ=0.94 heldout_succ=0.08 | learn_steps=17895
[v1_3/dueling_dqn] seed 0 | ep   100/200 | eps=0.181 beta=0.452 | train_succ=1.00 heldout_succ=0.00 | learn_steps=21774
[v1_3/dueling_dqn] seed 0 | ep   120/200 | eps=0.177 beta=0.443 | train_succ=1.00 heldout_succ=0.08 | learn_steps=25170
[v1_3/dueling_dqn] seed 0 | ep   140/200 | eps=0.174 beta=0.435 | train_succ=0.94 heldout_succ=0.08 | learn_steps=28687
[v1_3/dueling_dqn] seed 0 | ep   160/200 | eps=0.170 beta=0.426 | train_succ=1.00 heldout_succ=0.00 | learn_steps=32973
[v1_3/dueling_dqn] seed 0 | ep   180/200 | eps=0.167 beta=0.418 | train_succ=1.00 heldout_succ=0.00 | learn_steps=36728
[v1_3/dueling_dqn] seed 0 | ep   200/200 | eps=0.164 beta=0.409 | train_succ=1.00 heldout_succ=0.00 | learn_steps=40072
seed 0 | train_greedy=1.00 heldout_greedy=0.00 gap=1.00

=== v1_3/dueling_dqn seed 1 (demo_configs=16, deep=True) ===
[v1_3/dueling_dqn] seed 1 | ep    20/200 | eps=0.196 beta=0.490 | train_succ=1.00 heldout_succ=0.08 | learn_steps=5043
[v1_3/dueling_dqn] seed 1 | ep    40/200 | eps=0.192 beta=0.480 | train_succ=1.00 heldout_succ=0.08 | learn_steps=9058
[v1_3/dueling_dqn] seed 1 | ep    60/200 | eps=0.188 beta=0.471 | train_succ=1.00 heldout_succ=0.08 | learn_steps=13552
[v1_3/dueling_dqn] seed 1 | ep    80/200 | eps=0.185 beta=0.462 | train_succ=1.00 heldout_succ=0.08 | learn_steps=16935
[v1_3/dueling_dqn] seed 1 | ep   100/200 | eps=0.181 beta=0.452 | train_succ=1.00 heldout_succ=0.08 | learn_steps=20930
[v1_3/dueling_dqn] seed 1 | ep   120/200 | eps=0.177 beta=0.443 | train_succ=1.00 heldout_succ=0.08 | learn_steps=24309
[v1_3/dueling_dqn] seed 1 | ep   140/200 | eps=0.174 beta=0.435 | train_succ=1.00 heldout_succ=0.08 | learn_steps=28350
[v1_3/dueling_dqn] seed 1 | ep   160/200 | eps=0.170 beta=0.426 | train_succ=1.00 heldout_succ=0.08 | learn_steps=32448
[v1_3/dueling_dqn] seed 1 | ep   180/200 | eps=0.167 beta=0.418 | train_succ=1.00 heldout_succ=0.08 | learn_steps=36477
[v1_3/dueling_dqn] seed 1 | ep   200/200 | eps=0.164 beta=0.409 | train_succ=1.00 heldout_succ=0.08 | learn_steps=40195
seed 1 | train_greedy=1.00 heldout_greedy=0.08 gap=0.92

=== v1_3/dueling_dqn seed 2 (demo_configs=16, deep=True) ===
[v1_3/dueling_dqn] seed 2 | ep    20/200 | eps=0.196 beta=0.490 | train_succ=0.88 heldout_succ=0.08 | learn_steps=5320
[v1_3/dueling_dqn] seed 2 | ep    40/200 | eps=0.192 beta=0.480 | train_succ=1.00 heldout_succ=0.08 | learn_steps=9783
[v1_3/dueling_dqn] seed 2 | ep    60/200 | eps=0.188 beta=0.471 | train_succ=1.00 heldout_succ=0.08 | learn_steps=13757
[v1_3/dueling_dqn] seed 2 | ep    80/200 | eps=0.185 beta=0.462 | train_succ=1.00 heldout_succ=0.08 | learn_steps=17653
[v1_3/dueling_dqn] seed 2 | ep   100/200 | eps=0.181 beta=0.452 | train_succ=1.00 heldout_succ=0.08 | learn_steps=21540
[v1_3/dueling_dqn] seed 2 | ep   120/200 | eps=0.177 beta=0.443 | train_succ=0.56 heldout_succ=0.08 | learn_steps=25374
[v1_3/dueling_dqn] seed 2 | ep   140/200 | eps=0.174 beta=0.435 | train_succ=1.00 heldout_succ=0.08 | learn_steps=29605
[v1_3/dueling_dqn] seed 2 | ep   160/200 | eps=0.170 beta=0.426 | train_succ=1.00 heldout_succ=0.08 | learn_steps=33631
[v1_3/dueling_dqn] seed 2 | ep   180/200 | eps=0.167 beta=0.418 | train_succ=0.94 heldout_succ=0.08 | learn_steps=37382
[v1_3/dueling_dqn] seed 2 | ep   200/200 | eps=0.164 beta=0.409 | train_succ=1.00 heldout_succ=0.08 | learn_steps=41066
seed 2 | train_greedy=1.00 heldout_greedy=0.08 gap=0.92

=== v1_3/dueling_dqn seed 3 (demo_configs=16, deep=True) ===
[v1_3/dueling_dqn] seed 3 | ep    20/200 | eps=0.196 beta=0.490 | train_succ=1.00 heldout_succ=0.00 | learn_steps=5162
[v1_3/dueling_dqn] seed 3 | ep    40/200 | eps=0.192 beta=0.480 | train_succ=0.94 heldout_succ=0.00 | learn_steps=9332
[v1_3/dueling_dqn] seed 3 | ep    60/200 | eps=0.188 beta=0.471 | train_succ=0.94 heldout_succ=0.00 | learn_steps=13447
[v1_3/dueling_dqn] seed 3 | ep    80/200 | eps=0.185 beta=0.462 | train_succ=1.00 heldout_succ=0.00 | learn_steps=16968
[v1_3/dueling_dqn] seed 3 | ep   100/200 | eps=0.181 beta=0.452 | train_succ=1.00 heldout_succ=0.00 | learn_steps=21058
[v1_3/dueling_dqn] seed 3 | ep   120/200 | eps=0.177 beta=0.443 | train_succ=1.00 heldout_succ=0.00 | learn_steps=24743
[v1_3/dueling_dqn] seed 3 | ep   140/200 | eps=0.174 beta=0.435 | train_succ=1.00 heldout_succ=0.00 | learn_steps=28310
[v1_3/dueling_dqn] seed 3 | ep   160/200 | eps=0.170 beta=0.426 | train_succ=1.00 heldout_succ=0.00 | learn_steps=32306
[v1_3/dueling_dqn] seed 3 | ep   180/200 | eps=0.167 beta=0.418 | train_succ=1.00 heldout_succ=0.00 | learn_steps=36284
[v1_3/dueling_dqn] seed 3 | ep   200/200 | eps=0.164 beta=0.409 | train_succ=1.00 heldout_succ=0.00 | learn_steps=40469
seed 3 | train_greedy=1.00 heldout_greedy=0.00 gap=1.00

=== v1_3/dueling_dqn seed 4 (demo_configs=16, deep=True) ===
[v1_3/dueling_dqn] seed 4 | ep    20/200 | eps=0.196 beta=0.490 | train_succ=1.00 heldout_succ=0.00 | learn_steps=5111
[v1_3/dueling_dqn] seed 4 | ep    40/200 | eps=0.192 beta=0.480 | train_succ=1.00 heldout_succ=0.00 | learn_steps=8798
[v1_3/dueling_dqn] seed 4 | ep    60/200 | eps=0.188 beta=0.471 | train_succ=1.00 heldout_succ=0.00 | learn_steps=12535
[v1_3/dueling_dqn] seed 4 | ep    80/200 | eps=0.185 beta=0.462 | train_succ=1.00 heldout_succ=0.00 | learn_steps=16292
[v1_3/dueling_dqn] seed 4 | ep   100/200 | eps=0.181 beta=0.452 | train_succ=1.00 heldout_succ=0.00 | learn_steps=20418
[v1_3/dueling_dqn] seed 4 | ep   120/200 | eps=0.177 beta=0.443 | train_succ=1.00 heldout_succ=0.00 | learn_steps=24234
[v1_3/dueling_dqn] seed 4 | ep   140/200 | eps=0.174 beta=0.435 | train_succ=1.00 heldout_succ=0.00 | learn_steps=27303
[v1_3/dueling_dqn] seed 4 | ep   160/200 | eps=0.170 beta=0.426 | train_succ=0.94 heldout_succ=0.00 | learn_steps=31112
[v1_3/dueling_dqn] seed 4 | ep   180/200 | eps=0.167 beta=0.418 | train_succ=1.00 heldout_succ=0.00 | learn_steps=35398
[v1_3/dueling_dqn] seed 4 | ep   200/200 | eps=0.164 beta=0.409 | train_succ=1.00 heldout_succ=0.00 | learn_steps=39396
seed 4 | train_greedy=1.00 heldout_greedy=0.00 gap=1.00

========== v1_3/dueling_dqn SUMMARY ==========
 seed version        algo  train_greedy_success  heldout_greedy_success  generalization_gap  final_train_episode_success  q_table_size  learn_steps
    0    v1_3 dueling_dqn                   1.0                0.000000            1.000000                         0.20             0        40072
    1    v1_3 dueling_dqn                   1.0                0.083333            0.916667                         0.17             0        40195
    2    v1_3 dueling_dqn                   1.0                0.083333            0.916667                         0.11             0        41066
    3    v1_3 dueling_dqn                   1.0                0.000000            1.000000                         0.18             0        40469
    4    v1_3 dueling_dqn                   1.0                0.000000            1.000000                         0.22             0        39396

Held-out success by protocol:
protocol
P0    0.000
P1    0.087
P2    0.000

Held-out success by fault:
fault
ANALYZER_BIAS    0.143
HEATER_SWAP      0.000
NONE             0.000
PURIFIER_LEAK    0.000

artifacts -> ./results/full_benchmark/V1.3/dueling_dqn
