
=== v1_3/dqn seed 0 (demo_configs=16, deep=True) ===
[v1_3/dqn] seed 0 | ep    20/200 | eps=0.196 beta=0.490 | train_succ=0.88 heldout_succ=0.00 | learn_steps=5328
[v1_3/dqn] seed 0 | ep    40/200 | eps=0.192 beta=0.480 | train_succ=0.88 heldout_succ=0.08 | learn_steps=9796
[v1_3/dqn] seed 0 | ep    60/200 | eps=0.188 beta=0.471 | train_succ=1.00 heldout_succ=0.08 | learn_steps=14137
[v1_3/dqn] seed 0 | ep    80/200 | eps=0.185 beta=0.462 | train_succ=1.00 heldout_succ=0.00 | learn_steps=18529
[v1_3/dqn] seed 0 | ep   100/200 | eps=0.181 beta=0.452 | train_succ=0.94 heldout_succ=0.00 | learn_steps=22345
[v1_3/dqn] seed 0 | ep   120/200 | eps=0.177 beta=0.443 | train_succ=0.94 heldout_succ=0.00 | learn_steps=25879
[v1_3/dqn] seed 0 | ep   140/200 | eps=0.174 beta=0.435 | train_succ=1.00 heldout_succ=0.00 | learn_steps=30293
[v1_3/dqn] seed 0 | ep   160/200 | eps=0.170 beta=0.426 | train_succ=1.00 heldout_succ=0.00 | learn_steps=34400
[v1_3/dqn] seed 0 | ep   180/200 | eps=0.167 beta=0.418 | train_succ=1.00 heldout_succ=0.00 | learn_steps=38711
[v1_3/dqn] seed 0 | ep   200/200 | eps=0.164 beta=0.409 | train_succ=1.00 heldout_succ=0.00 | learn_steps=43019
seed 0 | train_greedy=1.00 heldout_greedy=0.00 gap=1.00

=== v1_3/dqn seed 1 (demo_configs=16, deep=True) ===
[v1_3/dqn] seed 1 | ep    20/200 | eps=0.196 beta=0.490 | train_succ=0.88 heldout_succ=0.00 | learn_steps=4584
[v1_3/dqn] seed 1 | ep    40/200 | eps=0.192 beta=0.480 | train_succ=1.00 heldout_succ=0.08 | learn_steps=8647
[v1_3/dqn] seed 1 | ep    60/200 | eps=0.188 beta=0.471 | train_succ=1.00 heldout_succ=0.08 | learn_steps=13166
[v1_3/dqn] seed 1 | ep    80/200 | eps=0.185 beta=0.462 | train_succ=1.00 heldout_succ=0.08 | learn_steps=17210
[v1_3/dqn] seed 1 | ep   100/200 | eps=0.181 beta=0.452 | train_succ=1.00 heldout_succ=0.08 | learn_steps=21235
[v1_3/dqn] seed 1 | ep   120/200 | eps=0.177 beta=0.443 | train_succ=1.00 heldout_succ=0.08 | learn_steps=25368
[v1_3/dqn] seed 1 | ep   140/200 | eps=0.174 beta=0.435 | train_succ=0.94 heldout_succ=0.08 | learn_steps=29571
[v1_3/dqn] seed 1 | ep   160/200 | eps=0.170 beta=0.426 | train_succ=1.00 heldout_succ=0.08 | learn_steps=33995
[v1_3/dqn] seed 1 | ep   180/200 | eps=0.167 beta=0.418 | train_succ=1.00 heldout_succ=0.08 | learn_steps=37636
[v1_3/dqn] seed 1 | ep   200/200 | eps=0.164 beta=0.409 | train_succ=0.88 heldout_succ=0.00 | learn_steps=41588
seed 1 | train_greedy=0.88 heldout_greedy=0.00 gap=0.88

=== v1_3/dqn seed 2 (demo_configs=16, deep=True) ===
[v1_3/dqn] seed 2 | ep    20/200 | eps=0.196 beta=0.490 | train_succ=0.81 heldout_succ=0.08 | learn_steps=5035
[v1_3/dqn] seed 2 | ep    40/200 | eps=0.192 beta=0.480 | train_succ=1.00 heldout_succ=0.08 | learn_steps=9370
[v1_3/dqn] seed 2 | ep    60/200 | eps=0.188 beta=0.471 | train_succ=1.00 heldout_succ=0.17 | learn_steps=13563
[v1_3/dqn] seed 2 | ep    80/200 | eps=0.185 beta=0.462 | train_succ=1.00 heldout_succ=0.08 | learn_steps=17677
[v1_3/dqn] seed 2 | ep   100/200 | eps=0.181 beta=0.452 | train_succ=1.00 heldout_succ=0.08 | learn_steps=21955
[v1_3/dqn] seed 2 | ep   120/200 | eps=0.177 beta=0.443 | train_succ=1.00 heldout_succ=0.00 | learn_steps=26034
[v1_3/dqn] seed 2 | ep   140/200 | eps=0.174 beta=0.435 | train_succ=1.00 heldout_succ=0.00 | learn_steps=29329
[v1_3/dqn] seed 2 | ep   160/200 | eps=0.170 beta=0.426 | train_succ=1.00 heldout_succ=0.00 | learn_steps=33407
[v1_3/dqn] seed 2 | ep   180/200 | eps=0.167 beta=0.418 | train_succ=1.00 heldout_succ=0.00 | learn_steps=37911
[v1_3/dqn] seed 2 | ep   200/200 | eps=0.164 beta=0.409 | train_succ=1.00 heldout_succ=0.00 | learn_steps=41554
seed 2 | train_greedy=1.00 heldout_greedy=0.00 gap=1.00

=== v1_3/dqn seed 3 (demo_configs=16, deep=True) ===
[v1_3/dqn] seed 3 | ep    20/200 | eps=0.196 beta=0.490 | train_succ=0.94 heldout_succ=0.00 | learn_steps=5343
[v1_3/dqn] seed 3 | ep    40/200 | eps=0.192 beta=0.480 | train_succ=0.94 heldout_succ=0.00 | learn_steps=9663
[v1_3/dqn] seed 3 | ep    60/200 | eps=0.188 beta=0.471 | train_succ=1.00 heldout_succ=0.00 | learn_steps=13848
[v1_3/dqn] seed 3 | ep    80/200 | eps=0.185 beta=0.462 | train_succ=0.88 heldout_succ=0.00 | learn_steps=17603
[v1_3/dqn] seed 3 | ep   100/200 | eps=0.181 beta=0.452 | train_succ=1.00 heldout_succ=0.00 | learn_steps=21797
[v1_3/dqn] seed 3 | ep   120/200 | eps=0.177 beta=0.443 | train_succ=1.00 heldout_succ=0.00 | learn_steps=25379
[v1_3/dqn] seed 3 | ep   140/200 | eps=0.174 beta=0.435 | train_succ=0.94 heldout_succ=0.00 | learn_steps=28957
[v1_3/dqn] seed 3 | ep   160/200 | eps=0.170 beta=0.426 | train_succ=1.00 heldout_succ=0.00 | learn_steps=32900
[v1_3/dqn] seed 3 | ep   180/200 | eps=0.167 beta=0.418 | train_succ=1.00 heldout_succ=0.00 | learn_steps=36863
[v1_3/dqn] seed 3 | ep   200/200 | eps=0.164 beta=0.409 | train_succ=1.00 heldout_succ=0.00 | learn_steps=40475
seed 3 | train_greedy=1.00 heldout_greedy=0.00 gap=1.00

=== v1_3/dqn seed 4 (demo_configs=16, deep=True) ===
[v1_3/dqn] seed 4 | ep    20/200 | eps=0.196 beta=0.490 | train_succ=1.00 heldout_succ=0.00 | learn_steps=5292
[v1_3/dqn] seed 4 | ep    40/200 | eps=0.192 beta=0.480 | train_succ=1.00 heldout_succ=0.00 | learn_steps=9747
[v1_3/dqn] seed 4 | ep    60/200 | eps=0.188 beta=0.471 | train_succ=1.00 heldout_succ=0.00 | learn_steps=13997
[v1_3/dqn] seed 4 | ep    80/200 | eps=0.185 beta=0.462 | train_succ=1.00 heldout_succ=0.00 | learn_steps=18187
[v1_3/dqn] seed 4 | ep   100/200 | eps=0.181 beta=0.452 | train_succ=1.00 heldout_succ=0.00 | learn_steps=22359
[v1_3/dqn] seed 4 | ep   120/200 | eps=0.177 beta=0.443 | train_succ=1.00 heldout_succ=0.00 | learn_steps=26016
[v1_3/dqn] seed 4 | ep   140/200 | eps=0.174 beta=0.435 | train_succ=1.00 heldout_succ=0.00 | learn_steps=30257
[v1_3/dqn] seed 4 | ep   160/200 | eps=0.170 beta=0.426 | train_succ=1.00 heldout_succ=0.00 | learn_steps=34432
[v1_3/dqn] seed 4 | ep   180/200 | eps=0.167 beta=0.418 | train_succ=1.00 heldout_succ=0.00 | learn_steps=38733
[v1_3/dqn] seed 4 | ep   200/200 | eps=0.164 beta=0.409 | train_succ=1.00 heldout_succ=0.00 | learn_steps=42803
seed 4 | train_greedy=1.00 heldout_greedy=0.00 gap=1.00

========== v1_3/dqn SUMMARY ==========
 seed version algo  train_greedy_success  heldout_greedy_success  generalization_gap  final_train_episode_success  q_table_size  learn_steps
    0    v1_3  dqn                 1.000                     0.0               1.000                         0.07             0        43019
    1    v1_3  dqn                 0.875                     0.0               0.875                         0.17             0        41588
    2    v1_3  dqn                 1.000                     0.0               1.000                         0.15             0        41554
    3    v1_3  dqn                 1.000                     0.0               1.000                         0.22             0        40475
    4    v1_3  dqn                 1.000                     0.0               1.000                         0.14             0        42803

Held-out success by protocol:
protocol
P0    0.0
P1    0.0
P2    0.0

Held-out success by fault:
fault
ANALYZER_BIAS    0.0
HEATER_SWAP      0.0
NONE             0.0
PURIFIER_LEAK    0.0

artifacts -> ./results/full_benchmark/V1.3/dqn
