
=== v1_3/spie_dueling_ddqn_per seed 0 (demo_configs=16, deep=True) ===
[v1_3/spie_dueling_ddqn_per] seed 0 | ep    20/200 | eps=0.196 beta=0.490 | train_succ=1.00 heldout_succ=0.00 | learn_steps=5574
[v1_3/spie_dueling_ddqn_per] seed 0 | ep    40/200 | eps=0.192 beta=0.480 | train_succ=1.00 heldout_succ=0.00 | learn_steps=10023
[v1_3/spie_dueling_ddqn_per] seed 0 | ep    60/200 | eps=0.188 beta=0.471 | train_succ=1.00 heldout_succ=0.00 | learn_steps=14165
[v1_3/spie_dueling_ddqn_per] seed 0 | ep    80/200 | eps=0.185 beta=0.462 | train_succ=0.81 heldout_succ=0.00 | learn_steps=18268
[v1_3/spie_dueling_ddqn_per] seed 0 | ep   100/200 | eps=0.181 beta=0.452 | train_succ=1.00 heldout_succ=0.00 | learn_steps=22684
[v1_3/spie_dueling_ddqn_per] seed 0 | ep   120/200 | eps=0.177 beta=0.443 | train_succ=0.94 heldout_succ=0.00 | learn_steps=26884
[v1_3/spie_dueling_ddqn_per] seed 0 | ep   140/200 | eps=0.174 beta=0.435 | train_succ=0.31 heldout_succ=0.00 | learn_steps=31341
[v1_3/spie_dueling_ddqn_per] seed 0 | ep   160/200 | eps=0.170 beta=0.426 | train_succ=0.94 heldout_succ=0.00 | learn_steps=35412
[v1_3/spie_dueling_ddqn_per] seed 0 | ep   180/200 | eps=0.167 beta=0.418 | train_succ=0.81 heldout_succ=0.00 | learn_steps=39776
[v1_3/spie_dueling_ddqn_per] seed 0 | ep   200/200 | eps=0.164 beta=0.409 | train_succ=1.00 heldout_succ=0.00 | learn_steps=44233
seed 0 | train_greedy=1.00 heldout_greedy=0.00 gap=1.00

=== v1_3/spie_dueling_ddqn_per seed 1 (demo_configs=16, deep=True) ===
[v1_3/spie_dueling_ddqn_per] seed 1 | ep    20/200 | eps=0.196 beta=0.490 | train_succ=1.00 heldout_succ=0.08 | learn_steps=5434
[v1_3/spie_dueling_ddqn_per] seed 1 | ep    40/200 | eps=0.192 beta=0.480 | train_succ=1.00 heldout_succ=0.08 | learn_steps=9518
[v1_3/spie_dueling_ddqn_per] seed 1 | ep    60/200 | eps=0.188 beta=0.471 | train_succ=0.94 heldout_succ=0.17 | learn_steps=13757
[v1_3/spie_dueling_ddqn_per] seed 1 | ep    80/200 | eps=0.185 beta=0.462 | train_succ=0.88 heldout_succ=0.08 | learn_steps=18165
[v1_3/spie_dueling_ddqn_per] seed 1 | ep   100/200 | eps=0.181 beta=0.452 | train_succ=1.00 heldout_succ=0.08 | learn_steps=22416
[v1_3/spie_dueling_ddqn_per] seed 1 | ep   120/200 | eps=0.177 beta=0.443 | train_succ=1.00 heldout_succ=0.08 | learn_steps=26499
[v1_3/spie_dueling_ddqn_per] seed 1 | ep   140/200 | eps=0.174 beta=0.435 | train_succ=1.00 heldout_succ=0.08 | learn_steps=30804
[v1_3/spie_dueling_ddqn_per] seed 1 | ep   160/200 | eps=0.170 beta=0.426 | train_succ=1.00 heldout_succ=0.08 | learn_steps=34684
[v1_3/spie_dueling_ddqn_per] seed 1 | ep   180/200 | eps=0.167 beta=0.418 | train_succ=0.94 heldout_succ=0.08 | learn_steps=39200
[v1_3/spie_dueling_ddqn_per] seed 1 | ep   200/200 | eps=0.164 beta=0.409 | train_succ=0.94 heldout_succ=0.08 | learn_steps=43362
seed 1 | train_greedy=0.94 heldout_greedy=0.08 gap=0.85

=== v1_3/spie_dueling_ddqn_per seed 2 (demo_configs=16, deep=True) ===
[v1_3/spie_dueling_ddqn_per] seed 2 | ep    20/200 | eps=0.196 beta=0.490 | train_succ=1.00 heldout_succ=0.17 | learn_steps=5783
[v1_3/spie_dueling_ddqn_per] seed 2 | ep    40/200 | eps=0.192 beta=0.480 | train_succ=1.00 heldout_succ=0.08 | learn_steps=9992
[v1_3/spie_dueling_ddqn_per] seed 2 | ep    60/200 | eps=0.188 beta=0.471 | train_succ=1.00 heldout_succ=0.00 | learn_steps=13671
[v1_3/spie_dueling_ddqn_per] seed 2 | ep    80/200 | eps=0.185 beta=0.462 | train_succ=0.88 heldout_succ=0.00 | learn_steps=18024
[v1_3/spie_dueling_ddqn_per] seed 2 | ep   100/200 | eps=0.181 beta=0.452 | train_succ=1.00 heldout_succ=0.08 | learn_steps=22380
[v1_3/spie_dueling_ddqn_per] seed 2 | ep   120/200 | eps=0.177 beta=0.443 | train_succ=0.88 heldout_succ=0.00 | learn_steps=26822
[v1_3/spie_dueling_ddqn_per] seed 2 | ep   140/200 | eps=0.174 beta=0.435 | train_succ=0.94 heldout_succ=0.00 | learn_steps=30910
[v1_3/spie_dueling_ddqn_per] seed 2 | ep   160/200 | eps=0.170 beta=0.426 | train_succ=1.00 heldout_succ=0.08 | learn_steps=35248
[v1_3/spie_dueling_ddqn_per] seed 2 | ep   180/200 | eps=0.167 beta=0.418 | train_succ=0.88 heldout_succ=0.08 | learn_steps=39509
[v1_3/spie_dueling_ddqn_per] seed 2 | ep   200/200 | eps=0.164 beta=0.409 | train_succ=1.00 heldout_succ=0.08 | learn_steps=43230
seed 2 | train_greedy=1.00 heldout_greedy=0.08 gap=0.92

=== v1_3/spie_dueling_ddqn_per seed 3 (demo_configs=16, deep=True) ===
[v1_3/spie_dueling_ddqn_per] seed 3 | ep    20/200 | eps=0.196 beta=0.490 | train_succ=1.00 heldout_succ=0.00 | learn_steps=5583
[v1_3/spie_dueling_ddqn_per] seed 3 | ep    40/200 | eps=0.192 beta=0.480 | train_succ=0.88 heldout_succ=0.00 | learn_steps=9306
[v1_3/spie_dueling_ddqn_per] seed 3 | ep    60/200 | eps=0.188 beta=0.471 | train_succ=1.00 heldout_succ=0.00 | learn_steps=13603
[v1_3/spie_dueling_ddqn_per] seed 3 | ep    80/200 | eps=0.185 beta=0.462 | train_succ=1.00 heldout_succ=0.00 | learn_steps=18314
[v1_3/spie_dueling_ddqn_per] seed 3 | ep   100/200 | eps=0.181 beta=0.452 | train_succ=1.00 heldout_succ=0.00 | learn_steps=22690
[v1_3/spie_dueling_ddqn_per] seed 3 | ep   120/200 | eps=0.177 beta=0.443 | train_succ=0.94 heldout_succ=0.00 | learn_steps=26582
[v1_3/spie_dueling_ddqn_per] seed 3 | ep   140/200 | eps=0.174 beta=0.435 | train_succ=1.00 heldout_succ=0.00 | learn_steps=30728
[v1_3/spie_dueling_ddqn_per] seed 3 | ep   160/200 | eps=0.170 beta=0.426 | train_succ=1.00 heldout_succ=0.00 | learn_steps=34861
[v1_3/spie_dueling_ddqn_per] seed 3 | ep   180/200 | eps=0.167 beta=0.418 | train_succ=0.94 heldout_succ=0.00 | learn_steps=38752
[v1_3/spie_dueling_ddqn_per] seed 3 | ep   200/200 | eps=0.164 beta=0.409 | train_succ=1.00 heldout_succ=0.00 | learn_steps=42939
seed 3 | train_greedy=1.00 heldout_greedy=0.00 gap=1.00

=== v1_3/spie_dueling_ddqn_per seed 4 (demo_configs=16, deep=True) ===
[v1_3/spie_dueling_ddqn_per] seed 4 | ep    20/200 | eps=0.196 beta=0.490 | train_succ=1.00 heldout_succ=0.00 | learn_steps=5293
[v1_3/spie_dueling_ddqn_per] seed 4 | ep    40/200 | eps=0.192 beta=0.480 | train_succ=1.00 heldout_succ=0.00 | learn_steps=9996
[v1_3/spie_dueling_ddqn_per] seed 4 | ep    60/200 | eps=0.188 beta=0.471 | train_succ=1.00 heldout_succ=0.00 | learn_steps=14456
[v1_3/spie_dueling_ddqn_per] seed 4 | ep    80/200 | eps=0.185 beta=0.462 | train_succ=0.62 heldout_succ=0.00 | learn_steps=19195
[v1_3/spie_dueling_ddqn_per] seed 4 | ep   100/200 | eps=0.181 beta=0.452 | train_succ=0.81 heldout_succ=0.00 | learn_steps=23429
[v1_3/spie_dueling_ddqn_per] seed 4 | ep   120/200 | eps=0.177 beta=0.443 | train_succ=0.94 heldout_succ=0.00 | learn_steps=28054
[v1_3/spie_dueling_ddqn_per] seed 4 | ep   140/200 | eps=0.174 beta=0.435 | train_succ=1.00 heldout_succ=0.00 | learn_steps=32560
[v1_3/spie_dueling_ddqn_per] seed 4 | ep   160/200 | eps=0.170 beta=0.426 | train_succ=1.00 heldout_succ=0.00 | learn_steps=37379
[v1_3/spie_dueling_ddqn_per] seed 4 | ep   180/200 | eps=0.167 beta=0.418 | train_succ=0.88 heldout_succ=0.00 | learn_steps=41347
[v1_3/spie_dueling_ddqn_per] seed 4 | ep   200/200 | eps=0.164 beta=0.409 | train_succ=0.88 heldout_succ=0.00 | learn_steps=45619
seed 4 | train_greedy=0.88 heldout_greedy=0.00 gap=0.88

========== v1_3/spie_dueling_ddqn_per SUMMARY ==========
 seed version                  algo  train_greedy_success  heldout_greedy_success  generalization_gap  final_train_episode_success  q_table_size  learn_steps
    0    v1_3 spie_dueling_ddqn_per                1.0000                0.000000            1.000000                         0.07             0        44233
    1    v1_3 spie_dueling_ddqn_per                0.9375                0.083333            0.854167                         0.19             0        43362
    2    v1_3 spie_dueling_ddqn_per                1.0000                0.083333            0.916667                         0.08             0        43230
    3    v1_3 spie_dueling_ddqn_per                1.0000                0.000000            1.000000                         0.13             0        42939
    4    v1_3 spie_dueling_ddqn_per                0.8750                0.000000            0.875000                         0.08             0        45619

Held-out success by protocol:
protocol
P0    0.000
P1    0.087
P2    0.000

Held-out success by fault:
fault
ANALYZER_BIAS    0.143
HEATER_SWAP      0.000
NONE             0.000
PURIFIER_LEAK    0.000

artifacts -> ./results/full_benchmark/V1.3/spie_dueling_ddqn_per
