
=== v1_3/ddqn seed 0 (demo_configs=16, deep=True) ===
[v1_3/ddqn] seed 0 | ep    20/200 | eps=0.196 beta=0.490 | train_succ=0.94 heldout_succ=0.00 | learn_steps=5118
[v1_3/ddqn] seed 0 | ep    40/200 | eps=0.192 beta=0.480 | train_succ=1.00 heldout_succ=0.00 | learn_steps=8765
[v1_3/ddqn] seed 0 | ep    60/200 | eps=0.188 beta=0.471 | train_succ=1.00 heldout_succ=0.00 | learn_steps=12818
[v1_3/ddqn] seed 0 | ep    80/200 | eps=0.185 beta=0.462 | train_succ=1.00 heldout_succ=0.08 | learn_steps=16671
[v1_3/ddqn] seed 0 | ep   100/200 | eps=0.181 beta=0.452 | train_succ=1.00 heldout_succ=0.00 | learn_steps=20372
[v1_3/ddqn] seed 0 | ep   120/200 | eps=0.177 beta=0.443 | train_succ=1.00 heldout_succ=0.00 | learn_steps=23919
[v1_3/ddqn] seed 0 | ep   140/200 | eps=0.174 beta=0.435 | train_succ=1.00 heldout_succ=0.00 | learn_steps=27708
[v1_3/ddqn] seed 0 | ep   160/200 | eps=0.170 beta=0.426 | train_succ=1.00 heldout_succ=0.08 | learn_steps=30964
[v1_3/ddqn] seed 0 | ep   180/200 | eps=0.167 beta=0.418 | train_succ=1.00 heldout_succ=0.00 | learn_steps=34690
[v1_3/ddqn] seed 0 | ep   200/200 | eps=0.164 beta=0.409 | train_succ=1.00 heldout_succ=0.00 | learn_steps=38706
seed 0 | train_greedy=1.00 heldout_greedy=0.00 gap=1.00

=== v1_3/ddqn seed 1 (demo_configs=16, deep=True) ===
[v1_3/ddqn] seed 1 | ep    20/200 | eps=0.196 beta=0.490 | train_succ=1.00 heldout_succ=0.08 | learn_steps=5095
[v1_3/ddqn] seed 1 | ep    40/200 | eps=0.192 beta=0.480 | train_succ=1.00 heldout_succ=0.08 | learn_steps=9275
[v1_3/ddqn] seed 1 | ep    60/200 | eps=0.188 beta=0.471 | train_succ=1.00 heldout_succ=0.08 | learn_steps=13255
[v1_3/ddqn] seed 1 | ep    80/200 | eps=0.185 beta=0.462 | train_succ=1.00 heldout_succ=0.08 | learn_steps=17547
[v1_3/ddqn] seed 1 | ep   100/200 | eps=0.181 beta=0.452 | train_succ=1.00 heldout_succ=0.08 | learn_steps=21440
[v1_3/ddqn] seed 1 | ep   120/200 | eps=0.177 beta=0.443 | train_succ=0.94 heldout_succ=0.00 | learn_steps=25530
[v1_3/ddqn] seed 1 | ep   140/200 | eps=0.174 beta=0.435 | train_succ=1.00 heldout_succ=0.08 | learn_steps=29651
[v1_3/ddqn] seed 1 | ep   160/200 | eps=0.170 beta=0.426 | train_succ=1.00 heldout_succ=0.08 | learn_steps=33417
[v1_3/ddqn] seed 1 | ep   180/200 | eps=0.167 beta=0.418 | train_succ=1.00 heldout_succ=0.08 | learn_steps=37575
[v1_3/ddqn] seed 1 | ep   200/200 | eps=0.164 beta=0.409 | train_succ=1.00 heldout_succ=0.08 | learn_steps=41549
seed 1 | train_greedy=1.00 heldout_greedy=0.08 gap=0.92

=== v1_3/ddqn seed 2 (demo_configs=16, deep=True) ===
[v1_3/ddqn] seed 2 | ep    20/200 | eps=0.196 beta=0.490 | train_succ=0.94 heldout_succ=0.08 | learn_steps=5188
[v1_3/ddqn] seed 2 | ep    40/200 | eps=0.192 beta=0.480 | train_succ=1.00 heldout_succ=0.08 | learn_steps=9441
[v1_3/ddqn] seed 2 | ep    60/200 | eps=0.188 beta=0.471 | train_succ=1.00 heldout_succ=0.08 | learn_steps=13622
[v1_3/ddqn] seed 2 | ep    80/200 | eps=0.185 beta=0.462 | train_succ=1.00 heldout_succ=0.08 | learn_steps=17411
[v1_3/ddqn] seed 2 | ep   100/200 | eps=0.181 beta=0.452 | train_succ=1.00 heldout_succ=0.00 | learn_steps=21316
[v1_3/ddqn] seed 2 | ep   120/200 | eps=0.177 beta=0.443 | train_succ=0.62 heldout_succ=0.08 | learn_steps=24498
[v1_3/ddqn] seed 2 | ep   140/200 | eps=0.174 beta=0.435 | train_succ=1.00 heldout_succ=0.00 | learn_steps=28017
[v1_3/ddqn] seed 2 | ep   160/200 | eps=0.170 beta=0.426 | train_succ=1.00 heldout_succ=0.08 | learn_steps=31942
[v1_3/ddqn] seed 2 | ep   180/200 | eps=0.167 beta=0.418 | train_succ=1.00 heldout_succ=0.08 | learn_steps=35730
[v1_3/ddqn] seed 2 | ep   200/200 | eps=0.164 beta=0.409 | train_succ=1.00 heldout_succ=0.08 | learn_steps=39367
seed 2 | train_greedy=1.00 heldout_greedy=0.08 gap=0.92

=== v1_3/ddqn seed 3 (demo_configs=16, deep=True) ===
[v1_3/ddqn] seed 3 | ep    20/200 | eps=0.196 beta=0.490 | train_succ=0.94 heldout_succ=0.00 | learn_steps=5768
[v1_3/ddqn] seed 3 | ep    40/200 | eps=0.192 beta=0.480 | train_succ=0.81 heldout_succ=0.00 | learn_steps=9577
[v1_3/ddqn] seed 3 | ep    60/200 | eps=0.188 beta=0.471 | train_succ=1.00 heldout_succ=0.00 | learn_steps=12887
[v1_3/ddqn] seed 3 | ep    80/200 | eps=0.185 beta=0.462 | train_succ=1.00 heldout_succ=0.00 | learn_steps=16660
[v1_3/ddqn] seed 3 | ep   100/200 | eps=0.181 beta=0.452 | train_succ=1.00 heldout_succ=0.00 | learn_steps=20516
[v1_3/ddqn] seed 3 | ep   120/200 | eps=0.177 beta=0.443 | train_succ=1.00 heldout_succ=0.00 | learn_steps=24427
[v1_3/ddqn] seed 3 | ep   140/200 | eps=0.174 beta=0.435 | train_succ=1.00 heldout_succ=0.00 | learn_steps=27990
[v1_3/ddqn] seed 3 | ep   160/200 | eps=0.170 beta=0.426 | train_succ=1.00 heldout_succ=0.00 | learn_steps=32124
[v1_3/ddqn] seed 3 | ep   180/200 | eps=0.167 beta=0.418 | train_succ=1.00 heldout_succ=0.00 | learn_steps=36119
[v1_3/ddqn] seed 3 | ep   200/200 | eps=0.164 beta=0.409 | train_succ=1.00 heldout_succ=0.00 | learn_steps=40171
seed 3 | train_greedy=1.00 heldout_greedy=0.00 gap=1.00

=== v1_3/ddqn seed 4 (demo_configs=16, deep=True) ===
[v1_3/ddqn] seed 4 | ep    20/200 | eps=0.196 beta=0.490 | train_succ=1.00 heldout_succ=0.00 | learn_steps=4958
[v1_3/ddqn] seed 4 | ep    40/200 | eps=0.192 beta=0.480 | train_succ=1.00 heldout_succ=0.00 | learn_steps=8468
[v1_3/ddqn] seed 4 | ep    60/200 | eps=0.188 beta=0.471 | train_succ=1.00 heldout_succ=0.00 | learn_steps=12047
[v1_3/ddqn] seed 4 | ep    80/200 | eps=0.185 beta=0.462 | train_succ=1.00 heldout_succ=0.00 | learn_steps=15546
[v1_3/ddqn] seed 4 | ep   100/200 | eps=0.181 beta=0.452 | train_succ=0.94 heldout_succ=0.00 | learn_steps=19440
[v1_3/ddqn] seed 4 | ep   120/200 | eps=0.177 beta=0.443 | train_succ=1.00 heldout_succ=0.00 | learn_steps=23242
[v1_3/ddqn] seed 4 | ep   140/200 | eps=0.174 beta=0.435 | train_succ=1.00 heldout_succ=0.00 | learn_steps=26868
[v1_3/ddqn] seed 4 | ep   160/200 | eps=0.170 beta=0.426 | train_succ=1.00 heldout_succ=0.00 | learn_steps=30685
[v1_3/ddqn] seed 4 | ep   180/200 | eps=0.167 beta=0.418 | train_succ=1.00 heldout_succ=0.00 | learn_steps=34862
[v1_3/ddqn] seed 4 | ep   200/200 | eps=0.164 beta=0.409 | train_succ=1.00 heldout_succ=0.00 | learn_steps=38885
seed 4 | train_greedy=1.00 heldout_greedy=0.00 gap=1.00

========== v1_3/ddqn SUMMARY ==========
 seed version algo  train_greedy_success  heldout_greedy_success  generalization_gap  final_train_episode_success  q_table_size  learn_steps
    0    v1_3 ddqn                   1.0                0.000000            1.000000                         0.28             0        38706
    1    v1_3 ddqn                   1.0                0.083333            0.916667                         0.19             0        41549
    2    v1_3 ddqn                   1.0                0.083333            0.916667                         0.23             0        39367
    3    v1_3 ddqn                   1.0                0.000000            1.000000                         0.23             0        40171
    4    v1_3 ddqn                   1.0                0.000000            1.000000                         0.18             0        38885

Held-out success by protocol:
protocol
P0    0.000
P1    0.087
P2    0.000

Held-out success by fault:
fault
ANALYZER_BIAS    0.143
HEATER_SWAP      0.000
NONE             0.000
PURIFIER_LEAK    0.000

artifacts -> ./results/full_benchmark/V1.3/ddqn
