
=== v1_3/spie_q seed 0 (demo_configs=16, deep=False) ===
[v1_3/spie_q] seed 0 | ep   300/3000 | eps=0.074 beta=0.370 | train_succ=1.00 heldout_succ=0.00 | q=3849
[v1_3/spie_q] seed 0 | ep   600/3000 | eps=0.055 beta=0.274 | train_succ=1.00 heldout_succ=0.00 | q=5085
[v1_3/spie_q] seed 0 | ep   900/3000 | eps=0.050 beta=0.203 | train_succ=1.00 heldout_succ=0.00 | q=5909
[v1_3/spie_q] seed 0 | ep  1200/3000 | eps=0.050 beta=0.151 | train_succ=1.00 heldout_succ=0.00 | q=6715
[v1_3/spie_q] seed 0 | ep  1500/3000 | eps=0.050 beta=0.111 | train_succ=1.00 heldout_succ=0.00 | q=7452
[v1_3/spie_q] seed 0 | ep  1800/3000 | eps=0.050 beta=0.083 | train_succ=1.00 heldout_succ=0.00 | q=8143
[v1_3/spie_q] seed 0 | ep  2100/3000 | eps=0.050 beta=0.061 | train_succ=1.00 heldout_succ=0.00 | q=8881
[v1_3/spie_q] seed 0 | ep  2400/3000 | eps=0.050 beta=0.045 | train_succ=1.00 heldout_succ=0.00 | q=9752
[v1_3/spie_q] seed 0 | ep  2700/3000 | eps=0.050 beta=0.034 | train_succ=1.00 heldout_succ=0.00 | q=11597
[v1_3/spie_q] seed 0 | ep  3000/3000 | eps=0.050 beta=0.025 | train_succ=1.00 heldout_succ=0.00 | q=12947
seed 0 | train_greedy=1.00 heldout_greedy=0.00 gap=1.00

=== v1_3/spie_q seed 1 (demo_configs=16, deep=False) ===
[v1_3/spie_q] seed 1 | ep   300/3000 | eps=0.074 beta=0.370 | train_succ=1.00 heldout_succ=0.08 | q=3783
[v1_3/spie_q] seed 1 | ep   600/3000 | eps=0.055 beta=0.274 | train_succ=1.00 heldout_succ=0.08 | q=5116
[v1_3/spie_q] seed 1 | ep   900/3000 | eps=0.050 beta=0.203 | train_succ=1.00 heldout_succ=0.08 | q=6025
[v1_3/spie_q] seed 1 | ep  1200/3000 | eps=0.050 beta=0.151 | train_succ=1.00 heldout_succ=0.08 | q=6895
[v1_3/spie_q] seed 1 | ep  1500/3000 | eps=0.050 beta=0.111 | train_succ=1.00 heldout_succ=0.08 | q=7786
[v1_3/spie_q] seed 1 | ep  1800/3000 | eps=0.050 beta=0.083 | train_succ=1.00 heldout_succ=0.08 | q=8576
[v1_3/spie_q] seed 1 | ep  2100/3000 | eps=0.050 beta=0.061 | train_succ=1.00 heldout_succ=0.08 | q=9504
[v1_3/spie_q] seed 1 | ep  2400/3000 | eps=0.050 beta=0.045 | train_succ=1.00 heldout_succ=0.08 | q=10803
[v1_3/spie_q] seed 1 | ep  2700/3000 | eps=0.050 beta=0.034 | train_succ=1.00 heldout_succ=0.08 | q=12299
[v1_3/spie_q] seed 1 | ep  3000/3000 | eps=0.050 beta=0.025 | train_succ=1.00 heldout_succ=0.08 | q=13702
seed 1 | train_greedy=1.00 heldout_greedy=0.08 gap=0.92

=== v1_3/spie_q seed 2 (demo_configs=16, deep=False) ===
[v1_3/spie_q] seed 2 | ep   300/3000 | eps=0.074 beta=0.370 | train_succ=1.00 heldout_succ=0.00 | q=4042
[v1_3/spie_q] seed 2 | ep   600/3000 | eps=0.055 beta=0.274 | train_succ=1.00 heldout_succ=0.00 | q=5245
[v1_3/spie_q] seed 2 | ep   900/3000 | eps=0.050 beta=0.203 | train_succ=1.00 heldout_succ=0.00 | q=6077
[v1_3/spie_q] seed 2 | ep  1200/3000 | eps=0.050 beta=0.151 | train_succ=1.00 heldout_succ=0.00 | q=6871
[v1_3/spie_q] seed 2 | ep  1500/3000 | eps=0.050 beta=0.111 | train_succ=1.00 heldout_succ=0.00 | q=7692
[v1_3/spie_q] seed 2 | ep  1800/3000 | eps=0.050 beta=0.083 | train_succ=1.00 heldout_succ=0.00 | q=8471
[v1_3/spie_q] seed 2 | ep  2100/3000 | eps=0.050 beta=0.061 | train_succ=1.00 heldout_succ=0.00 | q=9232
[v1_3/spie_q] seed 2 | ep  2400/3000 | eps=0.050 beta=0.045 | train_succ=1.00 heldout_succ=0.00 | q=10249
[v1_3/spie_q] seed 2 | ep  2700/3000 | eps=0.050 beta=0.034 | train_succ=1.00 heldout_succ=0.00 | q=11763
[v1_3/spie_q] seed 2 | ep  3000/3000 | eps=0.050 beta=0.025 | train_succ=1.00 heldout_succ=0.00 | q=13267
seed 2 | train_greedy=1.00 heldout_greedy=0.00 gap=1.00

=== v1_3/spie_q seed 3 (demo_configs=16, deep=False) ===
[v1_3/spie_q] seed 3 | ep   300/3000 | eps=0.074 beta=0.370 | train_succ=1.00 heldout_succ=0.00 | q=4072
[v1_3/spie_q] seed 3 | ep   600/3000 | eps=0.055 beta=0.274 | train_succ=1.00 heldout_succ=0.00 | q=5280
[v1_3/spie_q] seed 3 | ep   900/3000 | eps=0.050 beta=0.203 | train_succ=1.00 heldout_succ=0.00 | q=6227
[v1_3/spie_q] seed 3 | ep  1200/3000 | eps=0.050 beta=0.151 | train_succ=1.00 heldout_succ=0.00 | q=7039
[v1_3/spie_q] seed 3 | ep  1500/3000 | eps=0.050 beta=0.111 | train_succ=1.00 heldout_succ=0.00 | q=7684
[v1_3/spie_q] seed 3 | ep  1800/3000 | eps=0.050 beta=0.083 | train_succ=1.00 heldout_succ=0.00 | q=8477
[v1_3/spie_q] seed 3 | ep  2100/3000 | eps=0.050 beta=0.061 | train_succ=1.00 heldout_succ=0.00 | q=9160
[v1_3/spie_q] seed 3 | ep  2400/3000 | eps=0.050 beta=0.045 | train_succ=1.00 heldout_succ=0.00 | q=10181
[v1_3/spie_q] seed 3 | ep  2700/3000 | eps=0.050 beta=0.034 | train_succ=1.00 heldout_succ=0.00 | q=11668
[v1_3/spie_q] seed 3 | ep  3000/3000 | eps=0.050 beta=0.025 | train_succ=1.00 heldout_succ=0.00 | q=13103
seed 3 | train_greedy=1.00 heldout_greedy=0.00 gap=1.00

=== v1_3/spie_q seed 4 (demo_configs=16, deep=False) ===
[v1_3/spie_q] seed 4 | ep   300/3000 | eps=0.074 beta=0.370 | train_succ=1.00 heldout_succ=0.00 | q=3927
[v1_3/spie_q] seed 4 | ep   600/3000 | eps=0.055 beta=0.274 | train_succ=1.00 heldout_succ=0.00 | q=5297
[v1_3/spie_q] seed 4 | ep   900/3000 | eps=0.050 beta=0.203 | train_succ=1.00 heldout_succ=0.00 | q=6118
[v1_3/spie_q] seed 4 | ep  1200/3000 | eps=0.050 beta=0.151 | train_succ=1.00 heldout_succ=0.00 | q=6953
[v1_3/spie_q] seed 4 | ep  1500/3000 | eps=0.050 beta=0.111 | train_succ=1.00 heldout_succ=0.00 | q=7748
[v1_3/spie_q] seed 4 | ep  1800/3000 | eps=0.050 beta=0.083 | train_succ=1.00 heldout_succ=0.00 | q=8552
[v1_3/spie_q] seed 4 | ep  2100/3000 | eps=0.050 beta=0.061 | train_succ=1.00 heldout_succ=0.00 | q=9374
[v1_3/spie_q] seed 4 | ep  2400/3000 | eps=0.050 beta=0.045 | train_succ=1.00 heldout_succ=0.00 | q=10322
[v1_3/spie_q] seed 4 | ep  2700/3000 | eps=0.050 beta=0.034 | train_succ=1.00 heldout_succ=0.00 | q=11773
[v1_3/spie_q] seed 4 | ep  3000/3000 | eps=0.050 beta=0.025 | train_succ=1.00 heldout_succ=0.00 | q=13320
seed 4 | train_greedy=1.00 heldout_greedy=0.00 gap=1.00

========== v1_3/spie_q SUMMARY ==========
 seed version   algo  train_greedy_success  heldout_greedy_success  generalization_gap  final_train_episode_success  q_table_size  learn_steps
    0    v1_3 spie_q                   1.0                0.000000            1.000000                         0.51         12947            0
    1    v1_3 spie_q                   1.0                0.083333            0.916667                         0.56         13702            0
    2    v1_3 spie_q                   1.0                0.000000            1.000000                         0.69         13267            0
    3    v1_3 spie_q                   1.0                0.000000            1.000000                         0.68         13103            0
    4    v1_3 spie_q                   1.0                0.000000            1.000000                         0.53         13320            0

Held-out success by protocol:
protocol
P0    0.000
P1    0.043
P2    0.000

Held-out success by fault:
fault
ANALYZER_BIAS    0.071
HEATER_SWAP      0.000
NONE             0.000
PURIFIER_LEAK    0.000

artifacts -> ./results/full_benchmark/V1.3/spie_q
