
=== v1_4/dueling_dqn seed 0 (demo_configs=16, deep=True) ===
[v1_4/dueling_dqn] seed 0 | ep    20/200 | eps=0.196 beta=0.490 | train_succ=1.00 heldout_succ=0.00 | learn_steps=5277
[v1_4/dueling_dqn] seed 0 | ep    40/200 | eps=0.192 beta=0.480 | train_succ=1.00 heldout_succ=0.00 | learn_steps=9585
[v1_4/dueling_dqn] seed 0 | ep    60/200 | eps=0.188 beta=0.471 | train_succ=1.00 heldout_succ=0.00 | learn_steps=14494
[v1_4/dueling_dqn] seed 0 | ep    80/200 | eps=0.185 beta=0.462 | train_succ=1.00 heldout_succ=0.00 | learn_steps=19265
[v1_4/dueling_dqn] seed 0 | ep   100/200 | eps=0.181 beta=0.452 | train_succ=1.00 heldout_succ=0.00 | learn_steps=23424
[v1_4/dueling_dqn] seed 0 | ep   120/200 | eps=0.177 beta=0.443 | train_succ=1.00 heldout_succ=0.00 | learn_steps=27542
[v1_4/dueling_dqn] seed 0 | ep   140/200 | eps=0.174 beta=0.435 | train_succ=0.94 heldout_succ=0.00 | learn_steps=31686
[v1_4/dueling_dqn] seed 0 | ep   160/200 | eps=0.170 beta=0.426 | train_succ=1.00 heldout_succ=0.00 | learn_steps=36288
[v1_4/dueling_dqn] seed 0 | ep   180/200 | eps=0.167 beta=0.418 | train_succ=1.00 heldout_succ=0.00 | learn_steps=40470
[v1_4/dueling_dqn] seed 0 | ep   200/200 | eps=0.164 beta=0.409 | train_succ=1.00 heldout_succ=0.00 | learn_steps=45274
seed 0 | train_greedy=1.00 heldout_greedy=0.00 gap=1.00

=== v1_4/dueling_dqn seed 1 (demo_configs=16, deep=True) ===
[v1_4/dueling_dqn] seed 1 | ep    20/200 | eps=0.196 beta=0.490 | train_succ=1.00 heldout_succ=0.00 | learn_steps=5171
[v1_4/dueling_dqn] seed 1 | ep    40/200 | eps=0.192 beta=0.480 | train_succ=1.00 heldout_succ=0.00 | learn_steps=9753
[v1_4/dueling_dqn] seed 1 | ep    60/200 | eps=0.188 beta=0.471 | train_succ=1.00 heldout_succ=0.00 | learn_steps=14251
[v1_4/dueling_dqn] seed 1 | ep    80/200 | eps=0.185 beta=0.462 | train_succ=1.00 heldout_succ=0.00 | learn_steps=18803
[v1_4/dueling_dqn] seed 1 | ep   100/200 | eps=0.181 beta=0.452 | train_succ=1.00 heldout_succ=0.00 | learn_steps=23878
[v1_4/dueling_dqn] seed 1 | ep   120/200 | eps=0.177 beta=0.443 | train_succ=1.00 heldout_succ=0.00 | learn_steps=28616
[v1_4/dueling_dqn] seed 1 | ep   140/200 | eps=0.174 beta=0.435 | train_succ=1.00 heldout_succ=0.00 | learn_steps=33076
[v1_4/dueling_dqn] seed 1 | ep   160/200 | eps=0.170 beta=0.426 | train_succ=1.00 heldout_succ=0.00 | learn_steps=36660
[v1_4/dueling_dqn] seed 1 | ep   180/200 | eps=0.167 beta=0.418 | train_succ=1.00 heldout_succ=0.00 | learn_steps=40785
[v1_4/dueling_dqn] seed 1 | ep   200/200 | eps=0.164 beta=0.409 | train_succ=1.00 heldout_succ=0.00 | learn_steps=45510
seed 1 | train_greedy=1.00 heldout_greedy=0.00 gap=1.00

=== v1_4/dueling_dqn seed 2 (demo_configs=16, deep=True) ===
[v1_4/dueling_dqn] seed 2 | ep    20/200 | eps=0.196 beta=0.490 | train_succ=1.00 heldout_succ=0.00 | learn_steps=5631
[v1_4/dueling_dqn] seed 2 | ep    40/200 | eps=0.192 beta=0.480 | train_succ=1.00 heldout_succ=0.00 | learn_steps=10509
[v1_4/dueling_dqn] seed 2 | ep    60/200 | eps=0.188 beta=0.471 | train_succ=1.00 heldout_succ=0.08 | learn_steps=15057
[v1_4/dueling_dqn] seed 2 | ep    80/200 | eps=0.185 beta=0.462 | train_succ=1.00 heldout_succ=0.08 | learn_steps=19778
[v1_4/dueling_dqn] seed 2 | ep   100/200 | eps=0.181 beta=0.452 | train_succ=0.94 heldout_succ=0.00 | learn_steps=23646
[v1_4/dueling_dqn] seed 2 | ep   120/200 | eps=0.177 beta=0.443 | train_succ=1.00 heldout_succ=0.08 | learn_steps=27830
[v1_4/dueling_dqn] seed 2 | ep   140/200 | eps=0.174 beta=0.435 | train_succ=1.00 heldout_succ=0.08 | learn_steps=31685
[v1_4/dueling_dqn] seed 2 | ep   160/200 | eps=0.170 beta=0.426 | train_succ=1.00 heldout_succ=0.08 | learn_steps=36141
[v1_4/dueling_dqn] seed 2 | ep   180/200 | eps=0.167 beta=0.418 | train_succ=1.00 heldout_succ=0.08 | learn_steps=40199
[v1_4/dueling_dqn] seed 2 | ep   200/200 | eps=0.164 beta=0.409 | train_succ=1.00 heldout_succ=0.08 | learn_steps=44141
seed 2 | train_greedy=1.00 heldout_greedy=0.08 gap=0.92

=== v1_4/dueling_dqn seed 3 (demo_configs=16, deep=True) ===
[v1_4/dueling_dqn] seed 3 | ep    20/200 | eps=0.196 beta=0.490 | train_succ=1.00 heldout_succ=0.00 | learn_steps=5875
[v1_4/dueling_dqn] seed 3 | ep    40/200 | eps=0.192 beta=0.480 | train_succ=0.94 heldout_succ=0.00 | learn_steps=10664
[v1_4/dueling_dqn] seed 3 | ep    60/200 | eps=0.188 beta=0.471 | train_succ=1.00 heldout_succ=0.00 | learn_steps=15164
[v1_4/dueling_dqn] seed 3 | ep    80/200 | eps=0.185 beta=0.462 | train_succ=1.00 heldout_succ=0.00 | learn_steps=18650
[v1_4/dueling_dqn] seed 3 | ep   100/200 | eps=0.181 beta=0.452 | train_succ=1.00 heldout_succ=0.00 | learn_steps=22829
[v1_4/dueling_dqn] seed 3 | ep   120/200 | eps=0.177 beta=0.443 | train_succ=0.94 heldout_succ=0.00 | learn_steps=27143
[v1_4/dueling_dqn] seed 3 | ep   140/200 | eps=0.174 beta=0.435 | train_succ=1.00 heldout_succ=0.00 | learn_steps=31015
[v1_4/dueling_dqn] seed 3 | ep   160/200 | eps=0.170 beta=0.426 | train_succ=1.00 heldout_succ=0.00 | learn_steps=34907
[v1_4/dueling_dqn] seed 3 | ep   180/200 | eps=0.167 beta=0.418 | train_succ=1.00 heldout_succ=0.00 | learn_steps=38968
[v1_4/dueling_dqn] seed 3 | ep   200/200 | eps=0.164 beta=0.409 | train_succ=1.00 heldout_succ=0.00 | learn_steps=42957
seed 3 | train_greedy=1.00 heldout_greedy=0.00 gap=1.00

=== v1_4/dueling_dqn seed 4 (demo_configs=16, deep=True) ===
[v1_4/dueling_dqn] seed 4 | ep    20/200 | eps=0.196 beta=0.490 | train_succ=1.00 heldout_succ=0.00 | learn_steps=5397
[v1_4/dueling_dqn] seed 4 | ep    40/200 | eps=0.192 beta=0.480 | train_succ=1.00 heldout_succ=0.00 | learn_steps=9664
[v1_4/dueling_dqn] seed 4 | ep    60/200 | eps=0.188 beta=0.471 | train_succ=1.00 heldout_succ=0.00 | learn_steps=14013
[v1_4/dueling_dqn] seed 4 | ep    80/200 | eps=0.185 beta=0.462 | train_succ=1.00 heldout_succ=0.00 | learn_steps=18828
[v1_4/dueling_dqn] seed 4 | ep   100/200 | eps=0.181 beta=0.452 | train_succ=1.00 heldout_succ=0.00 | learn_steps=22973
[v1_4/dueling_dqn] seed 4 | ep   120/200 | eps=0.177 beta=0.443 | train_succ=0.94 heldout_succ=0.00 | learn_steps=26922
[v1_4/dueling_dqn] seed 4 | ep   140/200 | eps=0.174 beta=0.435 | train_succ=1.00 heldout_succ=0.00 | learn_steps=31655
[v1_4/dueling_dqn] seed 4 | ep   160/200 | eps=0.170 beta=0.426 | train_succ=1.00 heldout_succ=0.00 | learn_steps=36001
[v1_4/dueling_dqn] seed 4 | ep   180/200 | eps=0.167 beta=0.418 | train_succ=1.00 heldout_succ=0.00 | learn_steps=40844
[v1_4/dueling_dqn] seed 4 | ep   200/200 | eps=0.164 beta=0.409 | train_succ=1.00 heldout_succ=0.00 | learn_steps=45734
seed 4 | train_greedy=1.00 heldout_greedy=0.00 gap=1.00

========== v1_4/dueling_dqn SUMMARY ==========
 seed version        algo  train_greedy_success  heldout_greedy_success  generalization_gap  final_train_episode_success  q_table_size  learn_steps
    0    v1_4 dueling_dqn                   1.0                0.000000            1.000000                         0.13             0        45274
    1    v1_4 dueling_dqn                   1.0                0.000000            1.000000                         0.11             0        45510
    2    v1_4 dueling_dqn                   1.0                0.083333            0.916667                         0.14             0        44141
    3    v1_4 dueling_dqn                   1.0                0.000000            1.000000                         0.21             0        42957
    4    v1_4 dueling_dqn                   1.0                0.000000            1.000000                         0.11             0        45734

Held-out success by protocol:
protocol
P0    0.000
P1    0.000
P2    0.062
P3    0.000

Held-out success by fault:
fault
ANALYZER_BIAS    0.071
HEATER_SWAP      0.000
NONE             0.000
PURIFIER_LEAK    0.000

artifacts -> ./results/full_benchmark/V1.4/dueling_dqn
