
=== v1_4/sarsa seed 0 (demo_configs=16, deep=False) ===
[v1_4/sarsa] seed 0 | ep   300/3000 | eps=0.074 beta=0.370 | train_succ=1.00 heldout_succ=0.00 | q=9290
[v1_4/sarsa] seed 0 | ep   600/3000 | eps=0.055 beta=0.274 | train_succ=1.00 heldout_succ=0.00 | q=14156
[v1_4/sarsa] seed 0 | ep   900/3000 | eps=0.050 beta=0.203 | train_succ=1.00 heldout_succ=0.00 | q=17164
[v1_4/sarsa] seed 0 | ep  1200/3000 | eps=0.050 beta=0.151 | train_succ=1.00 heldout_succ=0.00 | q=20280
[v1_4/sarsa] seed 0 | ep  1500/3000 | eps=0.050 beta=0.111 | train_succ=1.00 heldout_succ=0.00 | q=22541
[v1_4/sarsa] seed 0 | ep  1800/3000 | eps=0.050 beta=0.083 | train_succ=1.00 heldout_succ=0.00 | q=24988
[v1_4/sarsa] seed 0 | ep  2100/3000 | eps=0.050 beta=0.061 | train_succ=1.00 heldout_succ=0.00 | q=27256
[v1_4/sarsa] seed 0 | ep  2400/3000 | eps=0.050 beta=0.045 | train_succ=1.00 heldout_succ=0.00 | q=29593
[v1_4/sarsa] seed 0 | ep  2700/3000 | eps=0.050 beta=0.034 | train_succ=1.00 heldout_succ=0.00 | q=30975
[v1_4/sarsa] seed 0 | ep  3000/3000 | eps=0.050 beta=0.025 | train_succ=1.00 heldout_succ=0.00 | q=32986
seed 0 | train_greedy=1.00 heldout_greedy=0.00 gap=1.00

=== v1_4/sarsa seed 1 (demo_configs=16, deep=False) ===
[v1_4/sarsa] seed 1 | ep   300/3000 | eps=0.074 beta=0.370 | train_succ=1.00 heldout_succ=0.00 | q=9236
[v1_4/sarsa] seed 1 | ep   600/3000 | eps=0.055 beta=0.274 | train_succ=1.00 heldout_succ=0.00 | q=14066
[v1_4/sarsa] seed 1 | ep   900/3000 | eps=0.050 beta=0.203 | train_succ=1.00 heldout_succ=0.00 | q=17287
[v1_4/sarsa] seed 1 | ep  1200/3000 | eps=0.050 beta=0.151 | train_succ=1.00 heldout_succ=0.00 | q=20150
[v1_4/sarsa] seed 1 | ep  1500/3000 | eps=0.050 beta=0.111 | train_succ=1.00 heldout_succ=0.00 | q=22910
[v1_4/sarsa] seed 1 | ep  1800/3000 | eps=0.050 beta=0.083 | train_succ=1.00 heldout_succ=0.00 | q=25475
[v1_4/sarsa] seed 1 | ep  2100/3000 | eps=0.050 beta=0.061 | train_succ=1.00 heldout_succ=0.00 | q=27552
[v1_4/sarsa] seed 1 | ep  2400/3000 | eps=0.050 beta=0.045 | train_succ=1.00 heldout_succ=0.00 | q=29750
[v1_4/sarsa] seed 1 | ep  2700/3000 | eps=0.050 beta=0.034 | train_succ=1.00 heldout_succ=0.00 | q=31674
[v1_4/sarsa] seed 1 | ep  3000/3000 | eps=0.050 beta=0.025 | train_succ=1.00 heldout_succ=0.00 | q=33380
seed 1 | train_greedy=1.00 heldout_greedy=0.00 gap=1.00

=== v1_4/sarsa seed 2 (demo_configs=16, deep=False) ===
[v1_4/sarsa] seed 2 | ep   300/3000 | eps=0.074 beta=0.370 | train_succ=1.00 heldout_succ=0.00 | q=9627
[v1_4/sarsa] seed 2 | ep   600/3000 | eps=0.055 beta=0.274 | train_succ=1.00 heldout_succ=0.00 | q=14226
[v1_4/sarsa] seed 2 | ep   900/3000 | eps=0.050 beta=0.203 | train_succ=1.00 heldout_succ=0.00 | q=17399
[v1_4/sarsa] seed 2 | ep  1200/3000 | eps=0.050 beta=0.151 | train_succ=1.00 heldout_succ=0.00 | q=20270
[v1_4/sarsa] seed 2 | ep  1500/3000 | eps=0.050 beta=0.111 | train_succ=1.00 heldout_succ=0.00 | q=22489
[v1_4/sarsa] seed 2 | ep  1800/3000 | eps=0.050 beta=0.083 | train_succ=1.00 heldout_succ=0.00 | q=24045
[v1_4/sarsa] seed 2 | ep  2100/3000 | eps=0.050 beta=0.061 | train_succ=1.00 heldout_succ=0.00 | q=26531
[v1_4/sarsa] seed 2 | ep  2400/3000 | eps=0.050 beta=0.045 | train_succ=0.00 heldout_succ=0.00 | q=28539
[v1_4/sarsa] seed 2 | ep  2700/3000 | eps=0.050 beta=0.034 | train_succ=1.00 heldout_succ=0.00 | q=30821
[v1_4/sarsa] seed 2 | ep  3000/3000 | eps=0.050 beta=0.025 | train_succ=1.00 heldout_succ=0.00 | q=32461
seed 2 | train_greedy=1.00 heldout_greedy=0.00 gap=1.00

=== v1_4/sarsa seed 3 (demo_configs=16, deep=False) ===
[v1_4/sarsa] seed 3 | ep   300/3000 | eps=0.074 beta=0.370 | train_succ=1.00 heldout_succ=0.00 | q=9626
[v1_4/sarsa] seed 3 | ep   600/3000 | eps=0.055 beta=0.274 | train_succ=1.00 heldout_succ=0.00 | q=14633
[v1_4/sarsa] seed 3 | ep   900/3000 | eps=0.050 beta=0.203 | train_succ=1.00 heldout_succ=0.00 | q=18160
[v1_4/sarsa] seed 3 | ep  1200/3000 | eps=0.050 beta=0.151 | train_succ=1.00 heldout_succ=0.00 | q=20938
[v1_4/sarsa] seed 3 | ep  1500/3000 | eps=0.050 beta=0.111 | train_succ=1.00 heldout_succ=0.00 | q=23256
[v1_4/sarsa] seed 3 | ep  1800/3000 | eps=0.050 beta=0.083 | train_succ=1.00 heldout_succ=0.00 | q=25501
[v1_4/sarsa] seed 3 | ep  2100/3000 | eps=0.050 beta=0.061 | train_succ=1.00 heldout_succ=0.00 | q=27599
[v1_4/sarsa] seed 3 | ep  2400/3000 | eps=0.050 beta=0.045 | train_succ=1.00 heldout_succ=0.00 | q=29735
[v1_4/sarsa] seed 3 | ep  2700/3000 | eps=0.050 beta=0.034 | train_succ=1.00 heldout_succ=0.00 | q=31606
[v1_4/sarsa] seed 3 | ep  3000/3000 | eps=0.050 beta=0.025 | train_succ=1.00 heldout_succ=0.00 | q=33087
seed 3 | train_greedy=1.00 heldout_greedy=0.00 gap=1.00

=== v1_4/sarsa seed 4 (demo_configs=16, deep=False) ===
[v1_4/sarsa] seed 4 | ep   300/3000 | eps=0.074 beta=0.370 | train_succ=1.00 heldout_succ=0.00 | q=8727
[v1_4/sarsa] seed 4 | ep   600/3000 | eps=0.055 beta=0.274 | train_succ=1.00 heldout_succ=0.00 | q=13261
[v1_4/sarsa] seed 4 | ep   900/3000 | eps=0.050 beta=0.203 | train_succ=1.00 heldout_succ=0.00 | q=15978
[v1_4/sarsa] seed 4 | ep  1200/3000 | eps=0.050 beta=0.151 | train_succ=1.00 heldout_succ=0.00 | q=19046
[v1_4/sarsa] seed 4 | ep  1500/3000 | eps=0.050 beta=0.111 | train_succ=1.00 heldout_succ=0.00 | q=21600
[v1_4/sarsa] seed 4 | ep  1800/3000 | eps=0.050 beta=0.083 | train_succ=1.00 heldout_succ=0.00 | q=24039
[v1_4/sarsa] seed 4 | ep  2100/3000 | eps=0.050 beta=0.061 | train_succ=1.00 heldout_succ=0.00 | q=26271
[v1_4/sarsa] seed 4 | ep  2400/3000 | eps=0.050 beta=0.045 | train_succ=1.00 heldout_succ=0.00 | q=28254
[v1_4/sarsa] seed 4 | ep  2700/3000 | eps=0.050 beta=0.034 | train_succ=1.00 heldout_succ=0.00 | q=30061
[v1_4/sarsa] seed 4 | ep  3000/3000 | eps=0.050 beta=0.025 | train_succ=1.00 heldout_succ=0.00 | q=31639
seed 4 | train_greedy=1.00 heldout_greedy=0.00 gap=1.00

========== v1_4/sarsa SUMMARY ==========
 seed version  algo  train_greedy_success  heldout_greedy_success  generalization_gap  final_train_episode_success  q_table_size  learn_steps
    0    v1_4 sarsa                   1.0                     0.0                 1.0                         0.76         32986            0
    1    v1_4 sarsa                   1.0                     0.0                 1.0                         0.68         33380            0
    2    v1_4 sarsa                   1.0                     0.0                 1.0                         0.68         32461            0
    3    v1_4 sarsa                   1.0                     0.0                 1.0                         0.78         33087            0
    4    v1_4 sarsa                   1.0                     0.0                 1.0                         0.81         31639            0

Held-out success by protocol:
protocol
P0    0.0
P1    0.0
P2    0.0
P3    0.0

Held-out success by fault:
fault
ANALYZER_BIAS    0.0
HEATER_SWAP      0.0
NONE             0.0
PURIFIER_LEAK    0.0

artifacts -> ./results/full_benchmark/V1.4/sarsa
