
=== v1_4/spie_dueling_dqn seed 0 (demo_configs=16, deep=True) ===
[v1_4/spie_dueling_dqn] seed 0 | ep    20/200 | eps=0.196 beta=0.490 | train_succ=0.88 heldout_succ=0.00 | learn_steps=5671
[v1_4/spie_dueling_dqn] seed 0 | ep    40/200 | eps=0.192 beta=0.480 | train_succ=1.00 heldout_succ=0.00 | learn_steps=9948
[v1_4/spie_dueling_dqn] seed 0 | ep    60/200 | eps=0.188 beta=0.471 | train_succ=1.00 heldout_succ=0.00 | learn_steps=15282
[v1_4/spie_dueling_dqn] seed 0 | ep    80/200 | eps=0.185 beta=0.462 | train_succ=1.00 heldout_succ=0.00 | learn_steps=20579
[v1_4/spie_dueling_dqn] seed 0 | ep   100/200 | eps=0.181 beta=0.452 | train_succ=1.00 heldout_succ=0.00 | learn_steps=25506
[v1_4/spie_dueling_dqn] seed 0 | ep   120/200 | eps=0.177 beta=0.443 | train_succ=1.00 heldout_succ=0.00 | learn_steps=30275
[v1_4/spie_dueling_dqn] seed 0 | ep   140/200 | eps=0.174 beta=0.435 | train_succ=1.00 heldout_succ=0.00 | learn_steps=35616
[v1_4/spie_dueling_dqn] seed 0 | ep   160/200 | eps=0.170 beta=0.426 | train_succ=1.00 heldout_succ=0.00 | learn_steps=40597
[v1_4/spie_dueling_dqn] seed 0 | ep   180/200 | eps=0.167 beta=0.418 | train_succ=1.00 heldout_succ=0.00 | learn_steps=45475
[v1_4/spie_dueling_dqn] seed 0 | ep   200/200 | eps=0.164 beta=0.409 | train_succ=1.00 heldout_succ=0.00 | learn_steps=50964
seed 0 | train_greedy=1.00 heldout_greedy=0.00 gap=1.00

=== v1_4/spie_dueling_dqn seed 1 (demo_configs=16, deep=True) ===
[v1_4/spie_dueling_dqn] seed 1 | ep    20/200 | eps=0.196 beta=0.490 | train_succ=0.81 heldout_succ=0.00 | learn_steps=5326
[v1_4/spie_dueling_dqn] seed 1 | ep    40/200 | eps=0.192 beta=0.480 | train_succ=1.00 heldout_succ=0.00 | learn_steps=9886
[v1_4/spie_dueling_dqn] seed 1 | ep    60/200 | eps=0.188 beta=0.471 | train_succ=1.00 heldout_succ=0.00 | learn_steps=14486
[v1_4/spie_dueling_dqn] seed 1 | ep    80/200 | eps=0.185 beta=0.462 | train_succ=1.00 heldout_succ=0.00 | learn_steps=19442
[v1_4/spie_dueling_dqn] seed 1 | ep   100/200 | eps=0.181 beta=0.452 | train_succ=1.00 heldout_succ=0.00 | learn_steps=24039
[v1_4/spie_dueling_dqn] seed 1 | ep   120/200 | eps=0.177 beta=0.443 | train_succ=1.00 heldout_succ=0.00 | learn_steps=29341
[v1_4/spie_dueling_dqn] seed 1 | ep   140/200 | eps=0.174 beta=0.435 | train_succ=1.00 heldout_succ=0.00 | learn_steps=34479
[v1_4/spie_dueling_dqn] seed 1 | ep   160/200 | eps=0.170 beta=0.426 | train_succ=1.00 heldout_succ=0.00 | learn_steps=39567
[v1_4/spie_dueling_dqn] seed 1 | ep   180/200 | eps=0.167 beta=0.418 | train_succ=1.00 heldout_succ=0.00 | learn_steps=44960
[v1_4/spie_dueling_dqn] seed 1 | ep   200/200 | eps=0.164 beta=0.409 | train_succ=1.00 heldout_succ=0.00 | learn_steps=50290
seed 1 | train_greedy=1.00 heldout_greedy=0.00 gap=1.00

=== v1_4/spie_dueling_dqn seed 2 (demo_configs=16, deep=True) ===
[v1_4/spie_dueling_dqn] seed 2 | ep    20/200 | eps=0.196 beta=0.490 | train_succ=1.00 heldout_succ=0.00 | learn_steps=5932
[v1_4/spie_dueling_dqn] seed 2 | ep    40/200 | eps=0.192 beta=0.480 | train_succ=1.00 heldout_succ=0.00 | learn_steps=10536
[v1_4/spie_dueling_dqn] seed 2 | ep    60/200 | eps=0.188 beta=0.471 | train_succ=1.00 heldout_succ=0.00 | learn_steps=15464
[v1_4/spie_dueling_dqn] seed 2 | ep    80/200 | eps=0.185 beta=0.462 | train_succ=1.00 heldout_succ=0.00 | learn_steps=20761
[v1_4/spie_dueling_dqn] seed 2 | ep   100/200 | eps=0.181 beta=0.452 | train_succ=1.00 heldout_succ=0.08 | learn_steps=25452
[v1_4/spie_dueling_dqn] seed 2 | ep   120/200 | eps=0.177 beta=0.443 | train_succ=1.00 heldout_succ=0.00 | learn_steps=30276
[v1_4/spie_dueling_dqn] seed 2 | ep   140/200 | eps=0.174 beta=0.435 | train_succ=1.00 heldout_succ=0.08 | learn_steps=35134
[v1_4/spie_dueling_dqn] seed 2 | ep   160/200 | eps=0.170 beta=0.426 | train_succ=1.00 heldout_succ=0.08 | learn_steps=40429
[v1_4/spie_dueling_dqn] seed 2 | ep   180/200 | eps=0.167 beta=0.418 | train_succ=1.00 heldout_succ=0.00 | learn_steps=45447
[v1_4/spie_dueling_dqn] seed 2 | ep   200/200 | eps=0.164 beta=0.409 | train_succ=1.00 heldout_succ=0.00 | learn_steps=50905
seed 2 | train_greedy=1.00 heldout_greedy=0.00 gap=1.00

=== v1_4/spie_dueling_dqn seed 3 (demo_configs=16, deep=True) ===
[v1_4/spie_dueling_dqn] seed 3 | ep    20/200 | eps=0.196 beta=0.490 | train_succ=0.94 heldout_succ=0.00 | learn_steps=5844
[v1_4/spie_dueling_dqn] seed 3 | ep    40/200 | eps=0.192 beta=0.480 | train_succ=1.00 heldout_succ=0.00 | learn_steps=10123
[v1_4/spie_dueling_dqn] seed 3 | ep    60/200 | eps=0.188 beta=0.471 | train_succ=1.00 heldout_succ=0.00 | learn_steps=14773
[v1_4/spie_dueling_dqn] seed 3 | ep    80/200 | eps=0.185 beta=0.462 | train_succ=1.00 heldout_succ=0.00 | learn_steps=19880
[v1_4/spie_dueling_dqn] seed 3 | ep   100/200 | eps=0.181 beta=0.452 | train_succ=1.00 heldout_succ=0.00 | learn_steps=24932
[v1_4/spie_dueling_dqn] seed 3 | ep   120/200 | eps=0.177 beta=0.443 | train_succ=1.00 heldout_succ=0.00 | learn_steps=30304
[v1_4/spie_dueling_dqn] seed 3 | ep   140/200 | eps=0.174 beta=0.435 | train_succ=1.00 heldout_succ=0.00 | learn_steps=35234
[v1_4/spie_dueling_dqn] seed 3 | ep   160/200 | eps=0.170 beta=0.426 | train_succ=1.00 heldout_succ=0.00 | learn_steps=39876
[v1_4/spie_dueling_dqn] seed 3 | ep   180/200 | eps=0.167 beta=0.418 | train_succ=1.00 heldout_succ=0.00 | learn_steps=45263
[v1_4/spie_dueling_dqn] seed 3 | ep   200/200 | eps=0.164 beta=0.409 | train_succ=1.00 heldout_succ=0.00 | learn_steps=50662
seed 3 | train_greedy=1.00 heldout_greedy=0.00 gap=1.00

=== v1_4/spie_dueling_dqn seed 4 (demo_configs=16, deep=True) ===
[v1_4/spie_dueling_dqn] seed 4 | ep    20/200 | eps=0.196 beta=0.490 | train_succ=0.94 heldout_succ=0.00 | learn_steps=5172
[v1_4/spie_dueling_dqn] seed 4 | ep    40/200 | eps=0.192 beta=0.480 | train_succ=1.00 heldout_succ=0.00 | learn_steps=10430
[v1_4/spie_dueling_dqn] seed 4 | ep    60/200 | eps=0.188 beta=0.471 | train_succ=0.94 heldout_succ=0.00 | learn_steps=15643
[v1_4/spie_dueling_dqn] seed 4 | ep    80/200 | eps=0.185 beta=0.462 | train_succ=1.00 heldout_succ=0.00 | learn_steps=20483
[v1_4/spie_dueling_dqn] seed 4 | ep   100/200 | eps=0.181 beta=0.452 | train_succ=1.00 heldout_succ=0.00 | learn_steps=25703
[v1_4/spie_dueling_dqn] seed 4 | ep   120/200 | eps=0.177 beta=0.443 | train_succ=1.00 heldout_succ=0.00 | learn_steps=30660
[v1_4/spie_dueling_dqn] seed 4 | ep   140/200 | eps=0.174 beta=0.435 | train_succ=1.00 heldout_succ=0.00 | learn_steps=35909
[v1_4/spie_dueling_dqn] seed 4 | ep   160/200 | eps=0.170 beta=0.426 | train_succ=1.00 heldout_succ=0.00 | learn_steps=40994
[v1_4/spie_dueling_dqn] seed 4 | ep   180/200 | eps=0.167 beta=0.418 | train_succ=1.00 heldout_succ=0.00 | learn_steps=46371
[v1_4/spie_dueling_dqn] seed 4 | ep   200/200 | eps=0.164 beta=0.409 | train_succ=1.00 heldout_succ=0.00 | learn_steps=51666
seed 4 | train_greedy=1.00 heldout_greedy=0.00 gap=1.00

========== v1_4/spie_dueling_dqn SUMMARY ==========
 seed version             algo  train_greedy_success  heldout_greedy_success  generalization_gap  final_train_episode_success  q_table_size  learn_steps
    0    v1_4 spie_dueling_dqn                   1.0                     0.0                 1.0                         0.05             0        50964
    1    v1_4 spie_dueling_dqn                   1.0                     0.0                 1.0                         0.03             0        50290
    2    v1_4 spie_dueling_dqn                   1.0                     0.0                 1.0                         0.04             0        50905
    3    v1_4 spie_dueling_dqn                   1.0                     0.0                 1.0                         0.07             0        50662
    4    v1_4 spie_dueling_dqn                   1.0                     0.0                 1.0                         0.04             0        51666

Held-out success by protocol:
protocol
P0    0.0
P1    0.0
P2    0.0
P3    0.0

Held-out success by fault:
fault
ANALYZER_BIAS    0.0
HEATER_SWAP      0.0
NONE             0.0
PURIFIER_LEAK    0.0

artifacts -> ./results/full_benchmark/V1.4/spie_dueling_dqn
