
=== v1_4/spie_dqn seed 0 (demo_configs=16, deep=True) ===
[v1_4/spie_dqn] seed 0 | ep    20/200 | eps=0.196 beta=0.490 | train_succ=1.00 heldout_succ=0.00 | learn_steps=6001
[v1_4/spie_dqn] seed 0 | ep    40/200 | eps=0.192 beta=0.480 | train_succ=1.00 heldout_succ=0.00 | learn_steps=10640
[v1_4/spie_dqn] seed 0 | ep    60/200 | eps=0.188 beta=0.471 | train_succ=1.00 heldout_succ=0.00 | learn_steps=15614
[v1_4/spie_dqn] seed 0 | ep    80/200 | eps=0.185 beta=0.462 | train_succ=1.00 heldout_succ=0.00 | learn_steps=20570
[v1_4/spie_dqn] seed 0 | ep   100/200 | eps=0.181 beta=0.452 | train_succ=1.00 heldout_succ=0.00 | learn_steps=25891
[v1_4/spie_dqn] seed 0 | ep   120/200 | eps=0.177 beta=0.443 | train_succ=1.00 heldout_succ=0.08 | learn_steps=30914
[v1_4/spie_dqn] seed 0 | ep   140/200 | eps=0.174 beta=0.435 | train_succ=1.00 heldout_succ=0.00 | learn_steps=35995
[v1_4/spie_dqn] seed 0 | ep   160/200 | eps=0.170 beta=0.426 | train_succ=0.94 heldout_succ=0.08 | learn_steps=41041
[v1_4/spie_dqn] seed 0 | ep   180/200 | eps=0.167 beta=0.418 | train_succ=1.00 heldout_succ=0.00 | learn_steps=45820
[v1_4/spie_dqn] seed 0 | ep   200/200 | eps=0.164 beta=0.409 | train_succ=1.00 heldout_succ=0.08 | learn_steps=51266
seed 0 | train_greedy=1.00 heldout_greedy=0.08 gap=0.92

=== v1_4/spie_dqn seed 1 (demo_configs=16, deep=True) ===
[v1_4/spie_dqn] seed 1 | ep    20/200 | eps=0.196 beta=0.490 | train_succ=1.00 heldout_succ=0.00 | learn_steps=5696
[v1_4/spie_dqn] seed 1 | ep    40/200 | eps=0.192 beta=0.480 | train_succ=1.00 heldout_succ=0.00 | learn_steps=10218
[v1_4/spie_dqn] seed 1 | ep    60/200 | eps=0.188 beta=0.471 | train_succ=1.00 heldout_succ=0.00 | learn_steps=15013
[v1_4/spie_dqn] seed 1 | ep    80/200 | eps=0.185 beta=0.462 | train_succ=0.94 heldout_succ=0.00 | learn_steps=19993
[v1_4/spie_dqn] seed 1 | ep   100/200 | eps=0.181 beta=0.452 | train_succ=1.00 heldout_succ=0.00 | learn_steps=24925
[v1_4/spie_dqn] seed 1 | ep   120/200 | eps=0.177 beta=0.443 | train_succ=1.00 heldout_succ=0.00 | learn_steps=29764
[v1_4/spie_dqn] seed 1 | ep   140/200 | eps=0.174 beta=0.435 | train_succ=1.00 heldout_succ=0.00 | learn_steps=34921
[v1_4/spie_dqn] seed 1 | ep   160/200 | eps=0.170 beta=0.426 | train_succ=1.00 heldout_succ=0.00 | learn_steps=39950
[v1_4/spie_dqn] seed 1 | ep   180/200 | eps=0.167 beta=0.418 | train_succ=1.00 heldout_succ=0.00 | learn_steps=45249
[v1_4/spie_dqn] seed 1 | ep   200/200 | eps=0.164 beta=0.409 | train_succ=1.00 heldout_succ=0.00 | learn_steps=50547
seed 1 | train_greedy=1.00 heldout_greedy=0.00 gap=1.00

=== v1_4/spie_dqn seed 2 (demo_configs=16, deep=True) ===
[v1_4/spie_dqn] seed 2 | ep    20/200 | eps=0.196 beta=0.490 | train_succ=0.94 heldout_succ=0.00 | learn_steps=5693
[v1_4/spie_dqn] seed 2 | ep    40/200 | eps=0.192 beta=0.480 | train_succ=1.00 heldout_succ=0.00 | learn_steps=10451
[v1_4/spie_dqn] seed 2 | ep    60/200 | eps=0.188 beta=0.471 | train_succ=1.00 heldout_succ=0.08 | learn_steps=15259
[v1_4/spie_dqn] seed 2 | ep    80/200 | eps=0.185 beta=0.462 | train_succ=1.00 heldout_succ=0.00 | learn_steps=20206
[v1_4/spie_dqn] seed 2 | ep   100/200 | eps=0.181 beta=0.452 | train_succ=1.00 heldout_succ=0.00 | learn_steps=25612
[v1_4/spie_dqn] seed 2 | ep   120/200 | eps=0.177 beta=0.443 | train_succ=1.00 heldout_succ=0.00 | learn_steps=31040
[v1_4/spie_dqn] seed 2 | ep   140/200 | eps=0.174 beta=0.435 | train_succ=1.00 heldout_succ=0.00 | learn_steps=36038
[v1_4/spie_dqn] seed 2 | ep   160/200 | eps=0.170 beta=0.426 | train_succ=1.00 heldout_succ=0.00 | learn_steps=41169
[v1_4/spie_dqn] seed 2 | ep   180/200 | eps=0.167 beta=0.418 | train_succ=1.00 heldout_succ=0.00 | learn_steps=46388
[v1_4/spie_dqn] seed 2 | ep   200/200 | eps=0.164 beta=0.409 | train_succ=1.00 heldout_succ=0.00 | learn_steps=51751
seed 2 | train_greedy=1.00 heldout_greedy=0.00 gap=1.00

=== v1_4/spie_dqn seed 3 (demo_configs=16, deep=True) ===
[v1_4/spie_dqn] seed 3 | ep    20/200 | eps=0.196 beta=0.490 | train_succ=1.00 heldout_succ=0.00 | learn_steps=5726
[v1_4/spie_dqn] seed 3 | ep    40/200 | eps=0.192 beta=0.480 | train_succ=1.00 heldout_succ=0.00 | learn_steps=10363
[v1_4/spie_dqn] seed 3 | ep    60/200 | eps=0.188 beta=0.471 | train_succ=1.00 heldout_succ=0.00 | learn_steps=15227
[v1_4/spie_dqn] seed 3 | ep    80/200 | eps=0.185 beta=0.462 | train_succ=1.00 heldout_succ=0.00 | learn_steps=19434
[v1_4/spie_dqn] seed 3 | ep   100/200 | eps=0.181 beta=0.452 | train_succ=0.94 heldout_succ=0.00 | learn_steps=24269
[v1_4/spie_dqn] seed 3 | ep   120/200 | eps=0.177 beta=0.443 | train_succ=1.00 heldout_succ=0.00 | learn_steps=29343
[v1_4/spie_dqn] seed 3 | ep   140/200 | eps=0.174 beta=0.435 | train_succ=1.00 heldout_succ=0.00 | learn_steps=34161
[v1_4/spie_dqn] seed 3 | ep   160/200 | eps=0.170 beta=0.426 | train_succ=1.00 heldout_succ=0.00 | learn_steps=39533
[v1_4/spie_dqn] seed 3 | ep   180/200 | eps=0.167 beta=0.418 | train_succ=1.00 heldout_succ=0.00 | learn_steps=44267
[v1_4/spie_dqn] seed 3 | ep   200/200 | eps=0.164 beta=0.409 | train_succ=1.00 heldout_succ=0.00 | learn_steps=49401
seed 3 | train_greedy=1.00 heldout_greedy=0.00 gap=1.00

=== v1_4/spie_dqn seed 4 (demo_configs=16, deep=True) ===
[v1_4/spie_dqn] seed 4 | ep    20/200 | eps=0.196 beta=0.490 | train_succ=1.00 heldout_succ=0.00 | learn_steps=5582
[v1_4/spie_dqn] seed 4 | ep    40/200 | eps=0.192 beta=0.480 | train_succ=0.94 heldout_succ=0.00 | learn_steps=10126
[v1_4/spie_dqn] seed 4 | ep    60/200 | eps=0.188 beta=0.471 | train_succ=1.00 heldout_succ=0.00 | learn_steps=14851
[v1_4/spie_dqn] seed 4 | ep    80/200 | eps=0.185 beta=0.462 | train_succ=0.94 heldout_succ=0.00 | learn_steps=20181
[v1_4/spie_dqn] seed 4 | ep   100/200 | eps=0.181 beta=0.452 | train_succ=1.00 heldout_succ=0.00 | learn_steps=25168
[v1_4/spie_dqn] seed 4 | ep   120/200 | eps=0.177 beta=0.443 | train_succ=1.00 heldout_succ=0.00 | learn_steps=30206
[v1_4/spie_dqn] seed 4 | ep   140/200 | eps=0.174 beta=0.435 | train_succ=1.00 heldout_succ=0.00 | learn_steps=35590
[v1_4/spie_dqn] seed 4 | ep   160/200 | eps=0.170 beta=0.426 | train_succ=1.00 heldout_succ=0.00 | learn_steps=40694
[v1_4/spie_dqn] seed 4 | ep   180/200 | eps=0.167 beta=0.418 | train_succ=1.00 heldout_succ=0.00 | learn_steps=46046
[v1_4/spie_dqn] seed 4 | ep   200/200 | eps=0.164 beta=0.409 | train_succ=1.00 heldout_succ=0.00 | learn_steps=51196
seed 4 | train_greedy=1.00 heldout_greedy=0.00 gap=1.00

========== v1_4/spie_dqn SUMMARY ==========
 seed version     algo  train_greedy_success  heldout_greedy_success  generalization_gap  final_train_episode_success  q_table_size  learn_steps
    0    v1_4 spie_dqn                   1.0                0.083333            0.916667                         0.07             0        51266
    1    v1_4 spie_dqn                   1.0                0.000000            1.000000                         0.03             0        50547
    2    v1_4 spie_dqn                   1.0                0.000000            1.000000                         0.04             0        51751
    3    v1_4 spie_dqn                   1.0                0.000000            1.000000                         0.03             0        49401
    4    v1_4 spie_dqn                   1.0                0.000000            1.000000                         0.02             0        51196

Held-out success by protocol:
protocol
P0    0.000
P1    0.000
P2    0.000
P3    0.059

Held-out success by fault:
fault
ANALYZER_BIAS    0.00
HEATER_SWAP      0.05
NONE             0.00
PURIFIER_LEAK    0.00

artifacts -> ./results/full_benchmark/V1.4/spie_dqn
